Component: ARM Compiler 5.06 update 6 (build 750) Tool: armlink [4d35ed]

==============================================================================

Section Cross References

    startup_stm32f407xx.o(STACK) refers (Special) to heapauxi.o(.text) for __use_two_region_memory
    startup_stm32f407xx.o(HEAP) refers (Special) to heapauxi.o(.text) for __use_two_region_memory
    startup_stm32f407xx.o(RESET) refers (Special) to heapauxi.o(.text) for __use_two_region_memory
    startup_stm32f407xx.o(RESET) refers to startup_stm32f407xx.o(STACK) for __initial_sp
    startup_stm32f407xx.o(RESET) refers to startup_stm32f407xx.o(.text) for Reset_Handler
    startup_stm32f407xx.o(RESET) refers to stm32f4xx_it.o(i.NMI_Handler) for NMI_Handler
    startup_stm32f407xx.o(RESET) refers to stm32f4xx_it.o(i.HardFault_Handler) for HardFault_Handler
    startup_stm32f407xx.o(RESET) refers to stm32f4xx_it.o(i.MemManage_Handler) for MemManage_Handler
    startup_stm32f407xx.o(RESET) refers to stm32f4xx_it.o(i.BusFault_Handler) for BusFault_Handler
    startup_stm32f407xx.o(RESET) refers to stm32f4xx_it.o(i.UsageFault_Handler) for UsageFault_Handler
    startup_stm32f407xx.o(RESET) refers to stm32f4xx_it.o(i.SVC_Handler) for SVC_Handler
    startup_stm32f407xx.o(RESET) refers to stm32f4xx_it.o(i.DebugMon_Handler) for DebugMon_Handler
    startup_stm32f407xx.o(RESET) refers to stm32f4xx_it.o(i.PendSV_Handler) for PendSV_Handler
    startup_stm32f407xx.o(RESET) refers to stm32f4xx_it.o(i.SysTick_Handler) for SysTick_Handler
    startup_stm32f407xx.o(RESET) refers to stm32f4xx_it.o(i.DMA1_Stream1_IRQHandler) for DMA1_Stream1_IRQHandler
    startup_stm32f407xx.o(RESET) refers to stm32f4xx_it.o(i.CAN1_RX0_IRQHandler) for CAN1_RX0_IRQHandler
    startup_stm32f407xx.o(RESET) refers to stm32f4xx_it.o(i.CAN1_RX1_IRQHandler) for CAN1_RX1_IRQHandler
    startup_stm32f407xx.o(RESET) refers to stm32f4xx_it.o(i.USART1_IRQHandler) for USART1_IRQHandler
    startup_stm32f407xx.o(RESET) refers to remote_control.o(i.USART3_IRQHandler) for USART3_IRQHandler
    startup_stm32f407xx.o(RESET) refers to stm32f4xx_it.o(i.TIM6_DAC_IRQHandler) for TIM6_DAC_IRQHandler
    startup_stm32f407xx.o(RESET) refers to stm32f4xx_it.o(i.CAN2_RX0_IRQHandler) for CAN2_RX0_IRQHandler
    startup_stm32f407xx.o(RESET) refers to stm32f4xx_it.o(i.CAN2_RX1_IRQHandler) for CAN2_RX1_IRQHandler
    startup_stm32f407xx.o(RESET) refers to stm32f4xx_it.o(i.USART6_IRQHandler) for USART6_IRQHandler
    startup_stm32f407xx.o(.text) refers (Special) to heapauxi.o(.text) for __use_two_region_memory
    startup_stm32f407xx.o(.text) refers to system_stm32f4xx.o(i.SystemInit) for SystemInit
    startup_stm32f407xx.o(.text) refers to __main.o(!!!main) for __main
    startup_stm32f407xx.o(.text) refers to startup_stm32f407xx.o(HEAP) for Heap_Mem
    startup_stm32f407xx.o(.text) refers to startup_stm32f407xx.o(STACK) for Stack_Mem
    main.o(i.HAL_TIM_PeriodElapsedCallback) refers to stm32f4xx_hal.o(i.HAL_IncTick) for HAL_IncTick
    main.o(i.SystemClock_Config) refers to rt_memclr_w.o(.text) for __aeabi_memclr4
    main.o(i.SystemClock_Config) refers to stm32f4xx_hal_rcc.o(i.HAL_RCC_OscConfig) for HAL_RCC_OscConfig
    main.o(i.SystemClock_Config) refers to stm32f4xx_hal_rcc.o(i.HAL_RCC_ClockConfig) for HAL_RCC_ClockConfig
    main.o(i.airpump_transmit) refers to remote_control.o(.bss) for rc_ctrl
    main.o(i.airpump_transmit) refers to main.o(.data) for .data
    main.o(i.main) refers to stm32f4xx_hal.o(i.HAL_Init) for HAL_Init
    main.o(i.main) refers to main.o(i.SystemClock_Config) for SystemClock_Config
    main.o(i.main) refers to gpio.o(i.MX_GPIO_Init) for MX_GPIO_Init
    main.o(i.main) refers to dma.o(i.MX_DMA_Init) for MX_DMA_Init
    main.o(i.main) refers to can.o(i.MX_CAN1_Init) for MX_CAN1_Init
    main.o(i.main) refers to usart.o(i.MX_USART3_UART_Init) for MX_USART3_UART_Init
    main.o(i.main) refers to usart.o(i.MX_USART1_UART_Init) for MX_USART1_UART_Init
    main.o(i.main) refers to can.o(i.MX_CAN2_Init) for MX_CAN2_Init
    main.o(i.main) refers to usart.o(i.MX_USART6_UART_Init) for MX_USART6_UART_Init
    main.o(i.main) refers to remote_control.o(i.remote_control_init) for remote_control_init
    main.o(i.main) refers to stm32f4xx_hal_uart.o(i.HAL_UART_Receive_DMA) for HAL_UART_Receive_DMA
    main.o(i.main) refers to motor.o(i.can_start) for can_start
    main.o(i.main) refers to stm32f4xx_hal_uart.o(i.HAL_UART_Transmit_IT) for HAL_UART_Transmit_IT
    main.o(i.main) refers to lifting_task.o(i.lifitng_task) for lifitng_task
    main.o(i.main) refers to main.o(.data) for .data
    main.o(i.main) refers to main.o(.bss) for .bss
    main.o(i.main) refers to usart.o(.bss) for huart3
    gpio.o(i.MX_GPIO_Init) refers to rt_memclr_w.o(.text) for __aeabi_memclr4
    gpio.o(i.MX_GPIO_Init) refers to stm32f4xx_hal_gpio.o(i.HAL_GPIO_WritePin) for HAL_GPIO_WritePin
[...]
    rt_raise.o(.text) refers to sys_exit.o(.text) for _sys_exit
    term_alloc.o(.text) refers (Special) to libshutdown2.o(.ARM.Collect$$libshutdown$$0000000E) for __rt_lib_shutdown_heap_2
    term_alloc.o(.text) refers to rt_heap_descriptor_intlibspace.o(.text) for __rt_heap_descriptor
    term_alloc.o(.text) refers to h1_final.o(.text) for __Heap_Finalize
    exit.o(.text) refers to rtexit.o(.ARM.Collect$$rtexit$$00000000) for __rt_exit
    defsig_exit.o(.text) refers to sys_exit.o(.text) for _sys_exit
    defsig_fpe_outer.o(.text) refers to defsig_fpe_inner.o(.text) for __rt_SIGFPE_inner
    defsig_fpe_outer.o(.text) refers to defsig_exit.o(.text) for __sig_exit
    defsig_fpe_formal.o(.text) refers to rt_raise.o(.text) for __rt_raise
    defsig_rtmem_inner.o(.text) refers to defsig_general.o(.text) for __default_signal_display
    _get_argv_nomalloc.o(.text) refers (Special) to hrguard.o(.text) for __heap_region$guard
    _get_argv_nomalloc.o(.text) refers to defsig_rtmem_outer.o(.text) for __rt_SIGRTMEM
    _get_argv_nomalloc.o(.text) refers to sys_command.o(.text) for _sys_command_string
    libinit.o(.ARM.Collect$$libinit$$00000000) refers (Special) to libinit2.o(.ARM.Collect$$libinit$$0000002E) for __rt_lib_init_alloca_1
    libinit.o(.ARM.Collect$$libinit$$00000000) refers (Special) to libinit2.o(.ARM.Collect$$libinit$$0000002C) for __rt_lib_init_argv_1
    libinit.o(.ARM.Collect$$libinit$$00000000) refers (Special) to libinit2.o(.ARM.Collect$$libinit$$0000001B) for __rt_lib_init_atexit_1
    libinit.o(.ARM.Collect$$libinit$$00000000) refers (Special) to libinit2.o(.ARM.Collect$$libinit$$00000021) for __rt_lib_init_clock_1
    libinit.o(.ARM.Collect$$libinit$$00000000) refers (Special) to libinit2.o(.ARM.Collect$$libinit$$00000032) for __rt_lib_init_cpp_1
    libinit.o(.ARM.Collect$$libinit$$00000000) refers (Special) to libinit2.o(.ARM.Collect$$libinit$$00000030) for __rt_lib_init_exceptions_1
    libinit.o(.ARM.Collect$$libinit$$00000000) refers (Special) to libinit2.o(.ARM.Collect$$libinit$$00000001) for __rt_lib_init_fp_1
    libinit.o(.ARM.Collect$$libinit$$00000000) refers (Special) to libinit2.o(.ARM.Collect$$libinit$$0000001F) for __rt_lib_init_fp_trap_1
    libinit.o(.ARM.Collect$$libinit$$00000000) refers (Special) to libinit2.o(.ARM.Collect$$libinit$$00000023) for __rt_lib_init_getenv_1
    libinit.o(.ARM.Collect$$libinit$$00000000) refers (Special) to libinit2.o(.ARM.Collect$$libinit$$0000000A) for __rt_lib_init_heap_1
    libinit.o(.ARM.Collect$$libinit$$00000000) refers (Special) to libinit2.o(.ARM.Collect$$libinit$$00000011) for __rt_lib_init_lc_collate_1
    libinit.o(.ARM.Collect$$libinit$$00000000) refers (Special) to libinit2.o(.ARM.Collect$$libinit$$00000013) for __rt_lib_init_lc_ctype_1
    libinit.o(.ARM.Collect$$libinit$$00000000) refers (Special) to libinit2.o(.ARM.Collect$$libinit$$00000015) for __rt_lib_init_lc_monetary_1
    libinit.o(.ARM.Collect$$libinit$$00000000) refers (Special) to libinit2.o(.ARM.Collect$$libinit$$00000017) for __rt_lib_init_lc_numeric_1
    libinit.o(.ARM.Collect$$libinit$$00000000) refers (Special) to libinit2.o(.ARM.Collect$$libinit$$00000019) for __rt_lib_init_lc_time_1
    libinit.o(.ARM.Collect$$libinit$$00000000) refers (Special) to libinit2.o(.ARM.Collect$$libinit$$00000004) for __rt_lib_init_preinit_1
    libinit.o(.ARM.Collect$$libinit$$00000000) refers (Special) to libinit2.o(.ARM.Collect$$libinit$$0000000E) for __rt_lib_init_rand_1
    libinit.o(.ARM.Collect$$libinit$$00000000) refers (Special) to libinit2.o(.ARM.Collect$$libinit$$00000033) for __rt_lib_init_return
    libinit.o(.ARM.Collect$$libinit$$00000000) refers (Special) to libinit2.o(.ARM.Collect$$libinit$$0000001D) for __rt_lib_init_signal_1
    libinit.o(.ARM.Collect$$libinit$$00000000) refers (Special) to libinit2.o(.ARM.Collect$$libinit$$00000025) for __rt_lib_init_stdio_1
    libinit.o(.ARM.Collect$$libinit$$00000000) refers (Special) to libinit2.o(.ARM.Collect$$libinit$$0000000C) for __rt_lib_init_user_alloc_1
    sys_exit.o(.text) refers (Special) to use_no_semi.o(.text) for __I$use$semihosting
    sys_exit.o(.text) refers (Special) to indicate_semi.o(.text) for __semihosting_library_function
    rtexit.o(.ARM.Collect$$rtexit$$00000000) refers (Special) to rtexit2.o(.ARM.Collect$$rtexit$$00000004) for __rt_exit_exit
    rtexit.o(.ARM.Collect$$rtexit$$00000000) refers (Special) to rtexit2.o(.ARM.Collect$$rtexit$$00000003) for __rt_exit_ls
    rtexit.o(.ARM.Collect$$rtexit$$00000000) refers (Special) to rtexit2.o(.ARM.Collect$$rtexit$$00000002) for __rt_exit_prels_1
    rtexit.o(.ARM.exidx) refers (Special) to rtexit2.o(.ARM.Collect$$rtexit$$00000004) for __rt_exit_exit
    rtexit.o(.ARM.exidx) refers (Special) to rtexit2.o(.ARM.Collect$$rtexit$$00000003) for __rt_exit_ls
    rtexit.o(.ARM.exidx) refers (Special) to rtexit2.o(.ARM.Collect$$rtexit$$00000002) for __rt_exit_prels_1
    rtexit.o(.ARM.exidx) refers to rtexit.o(.ARM.Collect$$rtexit$$00000000) for .ARM.Collect$$rtexit$$00000000
    __raise.o(.text) refers to defsig.o(CL$$defsig) for __default_signal_handler
    defsig_general.o(.text) refers to sys_wrch.o(.text) for _ttywrch
    defsig_fpe_inner.o(.text) refers to defsig_general.o(.text) for __default_signal_display
    libshutdown2.o(.ARM.Collect$$libshutdown$$0000000D) refers (Weak) to term_alloc.o(.text) for _terminate_alloc
    sys_wrch.o(.text) refers (Special) to use_no_semi.o(.text) for __I$use$semihosting
    sys_wrch.o(.text) refers (Special) to indicate_semi.o(.text) for __semihosting_library_function
    rtexit2.o(.ARM.Collect$$rtexit$$00000003) refers to libshutdown.o(.ARM.Collect$$libshutdown$$00000000) for __rt_lib_shutdown
    rtexit2.o(.ARM.Collect$$rtexit$$00000004) refers to sys_exit.o(.text) for _sys_exit
    rtexit2.o(.ARM.exidx) refers to rtexit2.o(.ARM.Collect$$rtexit$$00000001) for .ARM.Collect$$rtexit$$00000001
    rtexit2.o(.ARM.exidx) refers to rtexit2.o(.ARM.Collect$$rtexit$$00000003) for .ARM.Collect$$rtexit$$00000003
    rtexit2.o(.ARM.exidx) refers to rtexit2.o(.ARM.Collect$$rtexit$$00000004) for .ARM.Collect$$rtexit$$00000004
    defsig.o(CL$$defsig) refers to defsig_fpe_inner.o(.text) for __rt_SIGFPE_inner
    defsig.o(CL$$defsig) refers to defsig_rtmem_inner.o(.text) for __rt_SIGRTMEM_inner
    defsig_abrt_inner.o(.text) refers to defsig_general.o(.text) for __default_signal_display
    defsig_rtred_inner.o(.text) refers to defsig_general.o(.text) for __default_signal_display
    defsig_stak_inner.o(.text) refers to defsig_general.o(.text) for __default_signal_display
    defsig_pvfn_inner.o(.text) refers to defsig_general.o(.text) for __default_signal_display
    defsig_cppl_inner.o(.text) refers to defsig_general.o(.text) for __default_signal_display
    defsig_segv_inner.o(.text) refers to defsig_general.o(.text) for __default_signal_display
    defsig_other.o(.text) refers to defsig_general.o(.text) for __default_signal_display
    libshutdown.o(.ARM.Collect$$libshutdown$$00000000) refers (Special) to libshutdown2.o(.ARM.Collect$$libshutdown$$00000002) for __rt_lib_shutdown_cpp_1
    libshutdown.o(.ARM.Collect$$libshutdown$$00000000) refers (Special) to libshutdown2.o(.ARM.Collect$$libshutdown$$00000007) for __rt_lib_shutdown_fp_trap_1
    libshutdown.o(.ARM.Collect$$libshutdown$$00000000) refers (Special) to libshutdown2.o(.ARM.Collect$$libshutdown$$0000000F) for __rt_lib_shutdown_heap_1
    libshutdown.o(.ARM.Collect$$libshutdown$$00000000) refers (Special) to libshutdown2.o(.ARM.Collect$$libshutdown$$00000010) for __rt_lib_shutdown_return
    libshutdown.o(.ARM.Collect$$libshutdown$$00000000) refers (Special) to libshutdown2.o(.ARM.Collect$$libshutdown$$0000000A) for __rt_lib_shutdown_signal_1
    libshutdown.o(.ARM.Collect$$libshutdown$$00000000) refers (Special) to libshutdown2.o(.ARM.Collect$$libshutdown$$00000004) for __rt_lib_shutdown_stdio_1
    libshutdown.o(.ARM.Collect$$libshutdown$$00000000) refers (Special) to libshutdown2.o(.ARM.Collect$$libshutdown$$0000000C) for __rt_lib_shutdown_user_alloc_1


==============================================================================

Removing Unused input sections from the image.

    Removing main.o(.rev16_text), (4 bytes).
    Removing main.o(.revsh_text), (4 bytes).
    Removing main.o(.rrx_text), (6 bytes).
    Removing main.o(i.airpump_transmit), (28 bytes).
    Removing main.o(.bss), (12 bytes).
    Removing main.o(.bss), (69 bytes).
    Removing main.o(.data), (8 bytes).
    Removing main.o(.data), (8 bytes).
    Removing gpio.o(.rev16_text), (4 bytes).
    Removing gpio.o(.revsh_text), (4 bytes).
    Removing gpio.o(.rrx_text), (6 bytes).
    Removing can.o(.rev16_text), (4 bytes).
    Removing can.o(.revsh_text), (4 bytes).
    Removing can.o(.rrx_text), (6 bytes).
    Removing can.o(i.HAL_CAN_MspDeInit), (124 bytes).
    Removing dma.o(.rev16_text), (4 bytes).
    Removing dma.o(.revsh_text), (4 bytes).
    Removing dma.o(.rrx_text), (6 bytes).
    Removing usart.o(.rev16_text), (4 bytes).
    Removing usart.o(.revsh_text), (4 bytes).
    Removing usart.o(.rrx_text), (6 bytes).
    Removing usart.o(i.HAL_UART_MspDeInit), (152 bytes).
    Removing stm32f4xx_it.o(.rev16_text), (4 bytes).
    Removing stm32f4xx_it.o(.revsh_text), (4 bytes).
    Removing stm32f4xx_it.o(.rrx_text), (6 bytes).
    Removing stm32f4xx_it.o(i.USART3_IRQHandler), (12 bytes).
    Removing stm32f4xx_hal_msp.o(.rev16_text), (4 bytes).
    Removing stm32f4xx_hal_msp.o(.revsh_text), (4 bytes).
    Removing stm32f4xx_hal_msp.o(.rrx_text), (6 bytes).
    Removing stm32f4xx_hal_timebase_tim.o(.rev16_text), (4 bytes).
    Removing stm32f4xx_hal_timebase_tim.o(.revsh_text), (4 bytes).
    Removing stm32f4xx_hal_timebase_tim.o(.rrx_text), (6 bytes).
    Removing stm32f4xx_hal_timebase_tim.o(i.HAL_ResumeTick), (20 bytes).
    Removing stm32f4xx_hal_timebase_tim.o(i.HAL_SuspendTick), (20 bytes).
    Removing stm32f4xx_hal_can.o(.rev16_text), (4 bytes).
    Removing stm32f4xx_hal_can.o(.revsh_text), (4 bytes).
    Removing stm32f4xx_hal_can.o(.rrx_text), (6 bytes).
    Removing stm32f4xx_hal_can.o(i.HAL_CAN_AbortTxRequest), (70 bytes).
    Removing stm32f4xx_hal_can.o(i.HAL_CAN_DeInit), (40 bytes).
    Removing stm32f4xx_hal_can.o(i.HAL_CAN_DeactivateNotification), (36 bytes).
    Removing stm32f4xx_hal_can.o(i.HAL_CAN_GetError), (4 bytes).
    Removing stm32f4xx_hal_can.o(i.HAL_CAN_GetRxFifoFillLevel), (34 bytes).
    Removing stm32f4xx_hal_can.o(i.HAL_CAN_GetState), (36 bytes).
    Removing stm32f4xx_hal_can.o(i.HAL_CAN_GetTxMailboxesFreeLevel), (44 bytes).
    Removing stm32f4xx_hal_can.o(i.HAL_CAN_GetTxTimestamp), (40 bytes).
    Removing stm32f4xx_hal_can.o(i.HAL_CAN_IsSleepActive), (28 bytes).
    Removing stm32f4xx_hal_can.o(i.HAL_CAN_IsTxMessagePending), (30 bytes).
    Removing stm32f4xx_hal_can.o(i.HAL_CAN_MspDeInit), (2 bytes).
    Removing stm32f4xx_hal_can.o(i.HAL_CAN_MspInit), (2 bytes).
    Removing stm32f4xx_hal_can.o(i.HAL_CAN_RequestSleep), (38 bytes).
    Removing stm32f4xx_hal_can.o(i.HAL_CAN_ResetError), (34 bytes).
    Removing stm32f4xx_hal_can.o(i.HAL_CAN_RxFifo0MsgPendingCallback), (2 bytes).
    Removing stm32f4xx_hal_can.o(i.HAL_CAN_RxFifo1MsgPendingCallback), (2 bytes).
    Removing stm32f4xx_hal_can.o(i.HAL_CAN_Stop), (96 bytes).
    Removing stm32f4xx_hal_can.o(i.HAL_CAN_WakeUp), (76 bytes).
    Removing stm32f4xx_hal_rcc.o(.rev16_text), (4 bytes).
    Removing stm32f4xx_hal_rcc.o(.revsh_text), (4 bytes).
    Removing stm32f4xx_hal_rcc.o(.rrx_text), (6 bytes).
    Removing stm32f4xx_hal_rcc.o(i.HAL_RCC_CSSCallback), (2 bytes).
    Removing stm32f4xx_hal_rcc.o(i.HAL_RCC_DeInit), (4 bytes).
    Removing stm32f4xx_hal_rcc.o(i.HAL_RCC_DisableCSS), (12 bytes).
    Removing stm32f4xx_hal_rcc.o(i.HAL_RCC_EnableCSS), (12 bytes).
    Removing stm32f4xx_hal_rcc.o(i.HAL_RCC_GetHCLKFreq), (12 bytes).
    Removing stm32f4xx_hal_rcc.o(i.HAL_RCC_GetOscConfig), (180 bytes).
    Removing stm32f4xx_hal_rcc.o(i.HAL_RCC_MCOConfig), (140 bytes).
    Removing stm32f4xx_hal_rcc.o(i.HAL_RCC_NMI_IRQHandler), (28 bytes).
    Removing stm32f4xx_hal_rcc_ex.o(.rev16_text), (4 bytes).
    Removing stm32f4xx_hal_rcc_ex.o(.revsh_text), (4 bytes).
    Removing stm32f4xx_hal_rcc_ex.o(.rrx_text), (6 bytes).
    Removing stm32f4xx_hal_rcc_ex.o(i.HAL_RCCEx_DisablePLLI2S), (52 bytes).
    Removing stm32f4xx_hal_rcc_ex.o(i.HAL_RCCEx_EnablePLLI2S), (104 bytes).
    Removing stm32f4xx_hal_rcc_ex.o(i.HAL_RCCEx_GetPeriphCLKConfig), (52 bytes).
    Removing stm32f4xx_hal_rcc_ex.o(i.HAL_RCCEx_GetPeriphCLKFreq), (96 bytes).
    Removing stm32f4xx_hal_rcc_ex.o(i.HAL_RCCEx_PeriphCLKConfig), (316 bytes).
    Removing stm32f4xx_hal_rcc_ex.o(i.HAL_RCC_DeInit), (308 bytes).
    Removing stm32f4xx_hal_flash.o(.rev16_text), (4 bytes).
    Removing stm32f4xx_hal_flash.o(.revsh_text), (4 bytes).
    Removing stm32f4xx_hal_flash.o(.rrx_text), (6 bytes).
    Removing stm32f4xx_hal_flash.o(i.FLASH_Program_Byte), (32 bytes).
    Removing stm32f4xx_hal_flash.o(i.FLASH_Program_DoubleWord), (44 bytes).
    Removing stm32f4xx_hal_flash.o(i.FLASH_Program_HalfWord), (36 bytes).
    Removing stm32f4xx_hal_flash.o(i.FLASH_Program_Word), (36 bytes).
    Removing stm32f4xx_hal_flash.o(i.FLASH_SetErrorCode), (104 bytes).
    Removing stm32f4xx_hal_flash.o(i.FLASH_WaitForLastOperation), (80 bytes).
    Removing stm32f4xx_hal_flash.o(i.HAL_FLASH_EndOfOperationCallback), (2 bytes).
    Removing stm32f4xx_hal_flash.o(i.HAL_FLASH_GetError), (12 bytes).
    Removing stm32f4xx_hal_flash.o(i.HAL_FLASH_IRQHandler), (200 bytes).
    Removing stm32f4xx_hal_flash.o(i.HAL_FLASH_Lock), (20 bytes).
    Removing stm32f4xx_hal_flash.o(i.HAL_FLASH_OB_Launch), (24 bytes).
    Removing stm32f4xx_hal_flash.o(i.HAL_FLASH_OB_Lock), (20 bytes).
    Removing stm32f4xx_hal_flash.o(i.HAL_FLASH_OB_Unlock), (40 bytes).
    Removing stm32f4xx_hal_flash.o(i.HAL_FLASH_OperationErrorCallback), (2 bytes).
    Removing stm32f4xx_hal_flash.o(i.HAL_FLASH_Program), (124 bytes).
    Removing stm32f4xx_hal_flash.o(i.HAL_FLASH_Program_IT), (92 bytes).
    Removing stm32f4xx_hal_flash.o(i.HAL_FLASH_Unlock), (44 bytes).
    Removing stm32f4xx_hal_flash.o(.bss), (32 bytes).
    Removing stm32f4xx_hal_flash_ex.o(.rev16_text), (4 bytes).
    Removing stm32f4xx_hal_flash_ex.o(.revsh_text), (4 bytes).
    Removing stm32f4xx_hal_flash_ex.o(.rrx_text), (6 bytes).
    Removing stm32f4xx_hal_flash_ex.o(i.FLASH_Erase_Sector), (80 bytes).
    Removing stm32f4xx_hal_flash_ex.o(i.FLASH_FlushCaches), (84 bytes).
    Removing stm32f4xx_hal_flash_ex.o(i.FLASH_MassErase), (40 bytes).
    Removing stm32f4xx_hal_flash_ex.o(i.HAL_FLASHEx_Erase), (152 bytes).
    Removing stm32f4xx_hal_flash_ex.o(i.HAL_FLASHEx_Erase_IT), (92 bytes).
    Removing stm32f4xx_hal_flash_ex.o(i.HAL_FLASHEx_OBGetConfig), (64 bytes).
    Removing stm32f4xx_hal_flash_ex.o(i.HAL_FLASHEx_OBProgram), (204 bytes).
    Removing stm32f4xx_hal_flash_ramfunc.o(.rev16_text), (4 bytes).
    Removing stm32f4xx_hal_flash_ramfunc.o(.revsh_text), (4 bytes).
    Removing stm32f4xx_hal_flash_ramfunc.o(.rrx_text), (6 bytes).
    Removing stm32f4xx_hal_gpio.o(.rev16_text), (4 bytes).
    Removing stm32f4xx_hal_gpio.o(.revsh_text), (4 bytes).
    Removing stm32f4xx_hal_gpio.o(.rrx_text), (6 bytes).
    Removing stm32f4xx_hal_gpio.o(i.HAL_GPIO_DeInit), (360 bytes).
    Removing stm32f4xx_hal_gpio.o(i.HAL_GPIO_EXTI_Callback), (2 bytes).
    Removing stm32f4xx_hal_gpio.o(i.HAL_GPIO_EXTI_IRQHandler), (24 bytes).
    Removing stm32f4xx_hal_gpio.o(i.HAL_GPIO_LockPin), (34 bytes).
    Removing stm32f4xx_hal_gpio.o(i.HAL_GPIO_ReadPin), (10 bytes).
    Removing stm32f4xx_hal_gpio.o(i.HAL_GPIO_TogglePin), (16 bytes).
    Removing stm32f4xx_hal_dma_ex.o(.rev16_text), (4 bytes).
    Removing stm32f4xx_hal_dma_ex.o(.revsh_text), (4 bytes).
    Removing stm32f4xx_hal_dma_ex.o(.rrx_text), (6 bytes).
    Removing stm32f4xx_hal_dma_ex.o(i.DMA_MultiBufferSetConfig), (30 bytes).
    Removing stm32f4xx_hal_dma_ex.o(i.HAL_DMAEx_ChangeMemory), (14 bytes).
    Removing stm32f4xx_hal_dma_ex.o(i.HAL_DMAEx_MultiBufferStart), (100 bytes).
    Removing stm32f4xx_hal_dma_ex.o(i.HAL_DMAEx_MultiBufferStart_IT), (2432 bytes).
    Removing stm32f4xx_hal_dma.o(.rev16_text), (4 bytes).
    Removing stm32f4xx_hal_dma.o(.revsh_text), (4 bytes).
    Removing stm32f4xx_hal_dma.o(.rrx_text), (6 bytes).
    Removing stm32f4xx_hal_dma.o(i.HAL_DMA_DeInit), (98 bytes).
    Removing stm32f4xx_hal_dma.o(i.HAL_DMA_GetError), (4 bytes).
    Removing stm32f4xx_hal_dma.o(i.HAL_DMA_GetState), (6 bytes).
    Removing stm32f4xx_hal_dma.o(i.HAL_DMA_PollForTransfer), (288 bytes).
    Removing stm32f4xx_hal_dma.o(i.HAL_DMA_RegisterCallback), (82 bytes).
    Removing stm32f4xx_hal_dma.o(i.HAL_DMA_Start), (70 bytes).
    Removing stm32f4xx_hal_dma.o(i.HAL_DMA_UnRegisterCallback), (96 bytes).
    Removing stm32f4xx_hal_pwr.o(.rev16_text), (4 bytes).
    Removing stm32f4xx_hal_pwr.o(.revsh_text), (4 bytes).
    Removing stm32f4xx_hal_pwr.o(.rrx_text), (6 bytes).
    Removing stm32f4xx_hal_pwr.o(i.HAL_PWR_ConfigPVD), (124 bytes).
    Removing stm32f4xx_hal_pwr.o(i.HAL_PWR_DeInit), (24 bytes).
    Removing stm32f4xx_hal_pwr.o(i.HAL_PWR_DisableBkUpAccess), (24 bytes).
    Removing stm32f4xx_hal_pwr.o(i.HAL_PWR_DisablePVD), (12 bytes).
    Removing stm32f4xx_hal_pwr.o(i.HAL_PWR_DisableSEVOnPend), (16 bytes).
    Removing stm32f4xx_hal_pwr.o(i.HAL_PWR_DisableSleepOnExit), (16 bytes).
    Removing stm32f4xx_hal_pwr.o(i.HAL_PWR_DisableWakeUpPin), (16 bytes).
    Removing stm32f4xx_hal_pwr.o(i.HAL_PWR_EnableBkUpAccess), (24 bytes).
    Removing stm32f4xx_hal_pwr.o(i.HAL_PWR_EnablePVD), (12 bytes).
    Removing stm32f4xx_hal_pwr.o(i.HAL_PWR_EnableSEVOnPend), (16 bytes).
    Removing stm32f4xx_hal_pwr.o(i.HAL_PWR_EnableSleepOnExit), (16 bytes).
    Removing stm32f4xx_hal_pwr.o(i.HAL_PWR_EnableWakeUpPin), (16 bytes).
    Removing stm32f4xx_hal_pwr.o(i.HAL_PWR_EnterSLEEPMode), (36 bytes).
    Removing stm32f4xx_hal_pwr.o(i.HAL_PWR_EnterSTANDBYMode), (32 bytes).
    Removing stm32f4xx_hal_pwr.o(i.HAL_PWR_EnterSTOPMode), (60 bytes).
    Removing stm32f4xx_hal_pwr.o(i.HAL_PWR_PVDCallback), (2 bytes).
    Removing stm32f4xx_hal_pwr.o(i.HAL_PWR_PVD_IRQHandler), (28 bytes).
    Removing stm32f4xx_hal_pwr_ex.o(.rev16_text), (4 bytes).
    Removing stm32f4xx_hal_pwr_ex.o(.revsh_text), (4 bytes).
    Removing stm32f4xx_hal_pwr_ex.o(.rrx_text), (6 bytes).
    Removing stm32f4xx_hal_pwr_ex.o(i.HAL_PWREx_ControlVoltageScaling), (88 bytes).
    Removing stm32f4xx_hal_pwr_ex.o(i.HAL_PWREx_DisableBkUpReg), (60 bytes).
    Removing stm32f4xx_hal_pwr_ex.o(i.HAL_PWREx_DisableFlashPowerDown), (12 bytes).
    Removing stm32f4xx_hal_pwr_ex.o(i.HAL_PWREx_EnableBkUpReg), (60 bytes).
    Removing stm32f4xx_hal_pwr_ex.o(i.HAL_PWREx_EnableFlashPowerDown), (12 bytes).
    Removing stm32f4xx_hal_pwr_ex.o(i.HAL_PWREx_GetVoltageRange), (16 bytes).
    Removing stm32f4xx_hal_cortex.o(.rev16_text), (4 bytes).
    Removing stm32f4xx_hal_cortex.o(.revsh_text), (4 bytes).
    Removing stm32f4xx_hal_cortex.o(.rrx_text), (6 bytes).
    Removing stm32f4xx_hal_cortex.o(i.HAL_CORTEX_ClearEvent), (6 bytes).
    Removing stm32f4xx_hal_cortex.o(i.HAL_MPU_ConfigRegion), (84 bytes).
    Removing stm32f4xx_hal_cortex.o(i.HAL_MPU_Disable), (28 bytes).
    Removing stm32f4xx_hal_cortex.o(i.HAL_MPU_DisableRegion), (24 bytes).
    Removing stm32f4xx_hal_cortex.o(i.HAL_MPU_Enable), (36 bytes).
    Removing stm32f4xx_hal_cortex.o(i.HAL_MPU_EnableRegion), (24 bytes).
    Removing stm32f4xx_hal_cortex.o(i.HAL_NVIC_ClearPendingIRQ), (26 bytes).
    Removing stm32f4xx_hal_cortex.o(i.HAL_NVIC_DisableIRQ), (34 bytes).
    Removing stm32f4xx_hal_cortex.o(i.HAL_NVIC_GetActive), (36 bytes).
    Removing stm32f4xx_hal_cortex.o(i.HAL_NVIC_GetPendingIRQ), (36 bytes).
    Removing stm32f4xx_hal_cortex.o(i.HAL_NVIC_GetPriority), (82 bytes).
    Removing stm32f4xx_hal_cortex.o(i.HAL_NVIC_GetPriorityGrouping), (16 bytes).
    Removing stm32f4xx_hal_cortex.o(i.HAL_NVIC_SetPendingIRQ), (26 bytes).
    Removing stm32f4xx_hal_cortex.o(i.HAL_NVIC_SystemReset), (36 bytes).
    Removing stm32f4xx_hal_cortex.o(i.HAL_SYSTICK_CLKSourceConfig), (24 bytes).
    Removing stm32f4xx_hal_cortex.o(i.HAL_SYSTICK_Callback), (2 bytes).
    Removing stm32f4xx_hal_cortex.o(i.HAL_SYSTICK_Config), (40 bytes).
    Removing stm32f4xx_hal_cortex.o(i.HAL_SYSTICK_IRQHandler), (8 bytes).
    Removing stm32f4xx_hal.o(.rev16_text), (4 bytes).
    Removing stm32f4xx_hal.o(.revsh_text), (4 bytes).
    Removing stm32f4xx_hal.o(.rrx_text), (6 bytes).
    Removing stm32f4xx_hal.o(i.HAL_DBGMCU_DisableDBGSleepMode), (16 bytes).
    Removing stm32f4xx_hal.o(i.HAL_DBGMCU_DisableDBGStandbyMode), (16 bytes).
    Removing stm32f4xx_hal.o(i.HAL_DBGMCU_DisableDBGStopMode), (16 bytes).
    Removing stm32f4xx_hal.o(i.HAL_DBGMCU_EnableDBGSleepMode), (16 bytes).
    Removing stm32f4xx_hal.o(i.HAL_DBGMCU_EnableDBGStandbyMode), (16 bytes).
    Removing stm32f4xx_hal.o(i.HAL_DBGMCU_EnableDBGStopMode), (16 bytes).
    Removing stm32f4xx_hal.o(i.HAL_DeInit), (72 bytes).
    Removing stm32f4xx_hal.o(i.HAL_DisableCompensationCell), (12 bytes).
    Removing stm32f4xx_hal.o(i.HAL_EnableCompensationCell), (12 bytes).
    Removing stm32f4xx_hal.o(i.HAL_GetDEVID), (16 bytes).
    Removing stm32f4xx_hal.o(i.HAL_GetHalVersion), (8 bytes).
    Removing stm32f4xx_hal.o(i.HAL_GetREVID), (12 bytes).
    Removing stm32f4xx_hal.o(i.HAL_GetTickFreq), (12 bytes).
    Removing stm32f4xx_hal.o(i.HAL_GetTickPrio), (12 bytes).
    Removing stm32f4xx_hal.o(i.HAL_GetUIDw0), (12 bytes).
    Removing stm32f4xx_hal.o(i.HAL_GetUIDw1), (12 bytes).
    Removing stm32f4xx_hal.o(i.HAL_GetUIDw2), (12 bytes).
    Removing stm32f4xx_hal.o(i.HAL_InitTick), (64 bytes).
    Removing stm32f4xx_hal.o(i.HAL_MspDeInit), (2 bytes).
    Removing stm32f4xx_hal.o(i.HAL_MspInit), (2 bytes).
    Removing stm32f4xx_hal.o(i.HAL_ResumeTick), (14 bytes).
    Removing stm32f4xx_hal.o(i.HAL_SetTickFreq), (36 bytes).
    Removing stm32f4xx_hal.o(i.HAL_SuspendTick), (14 bytes).
    Removing stm32f4xx_hal_exti.o(.rev16_text), (4 bytes).
    Removing stm32f4xx_hal_exti.o(.revsh_text), (4 bytes).
    Removing stm32f4xx_hal_exti.o(.rrx_text), (6 bytes).
    Removing stm32f4xx_hal_exti.o(i.HAL_EXTI_ClearConfigLine), (108 bytes).
    Removing stm32f4xx_hal_exti.o(i.HAL_EXTI_ClearPending), (20 bytes).
    Removing stm32f4xx_hal_exti.o(i.HAL_EXTI_GenerateSWI), (20 bytes).
    Removing stm32f4xx_hal_exti.o(i.HAL_EXTI_GetConfigLine), (144 bytes).
    Removing stm32f4xx_hal_exti.o(i.HAL_EXTI_GetHandle), (12 bytes).
    Removing stm32f4xx_hal_exti.o(i.HAL_EXTI_GetPending), (24 bytes).
    Removing stm32f4xx_hal_exti.o(i.HAL_EXTI_IRQHandler), (36 bytes).
    Removing stm32f4xx_hal_exti.o(i.HAL_EXTI_RegisterCallback), (14 bytes).
    Removing stm32f4xx_hal_exti.o(i.HAL_EXTI_SetConfigLine), (168 bytes).
    Removing stm32f4xx_hal_tim.o(.rev16_text), (4 bytes).
    Removing stm32f4xx_hal_tim.o(.revsh_text), (4 bytes).
    Removing stm32f4xx_hal_tim.o(.rrx_text), (6 bytes).
    Removing stm32f4xx_hal_tim.o(i.HAL_TIM_Base_DeInit), (92 bytes).
    Removing stm32f4xx_hal_tim.o(i.HAL_TIM_Base_GetState), (6 bytes).
    Removing stm32f4xx_hal_tim.o(i.HAL_TIM_Base_MspDeInit), (2 bytes).
    Removing stm32f4xx_hal_tim.o(i.HAL_TIM_Base_Start), (120 bytes).
    Removing stm32f4xx_hal_tim.o(i.HAL_TIM_Base_Start_DMA), (192 bytes).
    Removing stm32f4xx_hal_tim.o(i.HAL_TIM_Base_Stop), (38 bytes).
    Removing stm32f4xx_hal_tim.o(i.HAL_TIM_Base_Stop_DMA), (58 bytes).
    Removing stm32f4xx_hal_tim.o(i.HAL_TIM_Base_Stop_IT), (48 bytes).
    Removing stm32f4xx_hal_tim.o(i.HAL_TIM_ConfigClockSource), (220 bytes).
    Removing stm32f4xx_hal_tim.o(i.HAL_TIM_ConfigOCrefClear), (216 bytes).
    Removing stm32f4xx_hal_tim.o(i.HAL_TIM_ConfigTI1Input), (16 bytes).
    Removing stm32f4xx_hal_tim.o(i.HAL_TIM_DMABurstState), (6 bytes).
    Removing stm32f4xx_hal_tim.o(i.HAL_TIM_DMABurst_MultiReadStart), (332 bytes).
    Removing stm32f4xx_hal_tim.o(i.HAL_TIM_DMABurst_MultiWriteStart), (332 bytes).
    Removing stm32f4xx_hal_tim.o(i.HAL_TIM_DMABurst_ReadStart), (18 bytes).
    Removing stm32f4xx_hal_tim.o(i.HAL_TIM_DMABurst_ReadStop), (106 bytes).
    Removing stm32f4xx_hal_tim.o(i.HAL_TIM_DMABurst_WriteStart), (18 bytes).
    Removing stm32f4xx_hal_tim.o(i.HAL_TIM_DMABurst_WriteStop), (106 bytes).
    Removing stm32f4xx_hal_tim.o(i.HAL_TIM_Encoder_DeInit), (76 bytes).
    Removing stm32f4xx_hal_tim.o(i.HAL_TIM_Encoder_GetState), (6 bytes).
    Removing stm32f4xx_hal_tim.o(i.HAL_TIM_Encoder_Init), (164 bytes).
    Removing stm32f4xx_hal_tim.o(i.HAL_TIM_Encoder_MspDeInit), (2 bytes).
    Removing stm32f4xx_hal_tim.o(i.HAL_TIM_Encoder_MspInit), (2 bytes).
    Removing stm32f4xx_hal_tim.o(i.HAL_TIM_Encoder_Start), (142 bytes).
    Removing stm32f4xx_hal_tim.o(i.HAL_TIM_Encoder_Start_DMA), (428 bytes).
    Removing stm32f4xx_hal_tim.o(i.HAL_TIM_Encoder_Start_IT), (182 bytes).
    Removing stm32f4xx_hal_tim.o(i.HAL_TIM_Encoder_Stop), (102 bytes).
    Removing stm32f4xx_hal_tim.o(i.HAL_TIM_Encoder_Stop_DMA), (172 bytes).
    Removing stm32f4xx_hal_tim.o(i.HAL_TIM_Encoder_Stop_IT), (144 bytes).
    Removing stm32f4xx_hal_tim.o(i.HAL_TIM_ErrorCallback), (2 bytes).
    Removing stm32f4xx_hal_tim.o(i.HAL_TIM_GenerateEvent), (38 bytes).
    Removing stm32f4xx_hal_tim.o(i.HAL_TIM_GetActiveChannel), (4 bytes).
    Removing stm32f4xx_hal_tim.o(i.HAL_TIM_GetChannelState), (34 bytes).
    Removing stm32f4xx_hal_tim.o(i.HAL_TIM_IC_CaptureHalfCpltCallback), (2 bytes).
    Removing stm32f4xx_hal_tim.o(i.HAL_TIM_IC_ConfigChannel), (292 bytes).
    Removing stm32f4xx_hal_tim.o(i.HAL_TIM_IC_DeInit), (92 bytes).
    Removing stm32f4xx_hal_tim.o(i.HAL_TIM_IC_GetState), (6 bytes).
    Removing stm32f4xx_hal_tim.o(i.HAL_TIM_IC_Init), (90 bytes).
    Removing stm32f4xx_hal_tim.o(i.HAL_TIM_IC_MspDeInit), (2 bytes).
    Removing stm32f4xx_hal_tim.o(i.HAL_TIM_IC_MspInit), (2 bytes).
    Removing stm32f4xx_hal_tim.o(i.HAL_TIM_IC_Start), (228 bytes).
    Removing stm32f4xx_hal_tim.o(i.HAL_TIM_IC_Start_DMA), (460 bytes).
    Removing stm32f4xx_hal_tim.o(i.HAL_TIM_IC_Start_IT), (268 bytes).
    Removing stm32f4xx_hal_tim.o(i.HAL_TIM_IC_Stop), (82 bytes).
    Removing stm32f4xx_hal_tim.o(i.HAL_TIM_IC_Stop_DMA), (160 bytes).
    Removing stm32f4xx_hal_tim.o(i.HAL_TIM_IC_Stop_IT), (146 bytes).
    Removing stm32f4xx_hal_tim.o(i.HAL_TIM_OC_ConfigChannel), (82 bytes).
    Removing stm32f4xx_hal_tim.o(i.HAL_TIM_OC_DeInit), (92 bytes).
    Removing stm32f4xx_hal_tim.o(i.HAL_TIM_OC_GetState), (6 bytes).
    Removing stm32f4xx_hal_tim.o(i.HAL_TIM_OC_Init), (90 bytes).
    Removing stm32f4xx_hal_tim.o(i.HAL_TIM_OC_MspDeInit), (2 bytes).
    Removing stm32f4xx_hal_tim.o(i.HAL_TIM_OC_MspInit), (2 bytes).
    Removing stm32f4xx_hal_tim.o(i.HAL_TIM_OC_Start), (200 bytes).
    Removing stm32f4xx_hal_tim.o(i.HAL_TIM_OC_Start_DMA), (448 bytes).
    Removing stm32f4xx_hal_tim.o(i.HAL_TIM_OC_Start_IT), (244 bytes).
    Removing stm32f4xx_hal_tim.o(i.HAL_TIM_OC_Stop), (124 bytes).
    Removing stm32f4xx_hal_tim.o(i.HAL_TIM_OC_Stop_DMA), (204 bytes).
    Removing stm32f4xx_hal_tim.o(i.HAL_TIM_OC_Stop_IT), (188 bytes).
    Removing stm32f4xx_hal_tim.o(i.HAL_TIM_OnePulse_ConfigChannel), (230 bytes).
    Removing stm32f4xx_hal_tim.o(i.HAL_TIM_OnePulse_DeInit), (76 bytes).
    Removing stm32f4xx_hal_tim.o(i.HAL_TIM_OnePulse_GetState), (6 bytes).
    Removing stm32f4xx_hal_tim.o(i.HAL_TIM_OnePulse_Init), (86 bytes).
    Removing stm32f4xx_hal_tim.o(i.HAL_TIM_OnePulse_MspDeInit), (2 bytes).
    Removing stm32f4xx_hal_tim.o(i.HAL_TIM_OnePulse_MspInit), (2 bytes).
    Removing stm32f4xx_hal_tim.o(i.HAL_TIM_OnePulse_Start), (112 bytes).
    Removing stm32f4xx_hal_tim.o(i.HAL_TIM_OnePulse_Start_IT), (132 bytes).
    Removing stm32f4xx_hal_tim.o(i.HAL_TIM_OnePulse_Stop), (112 bytes).
    Removing stm32f4xx_hal_tim.o(i.HAL_TIM_OnePulse_Stop_IT), (132 bytes).
    Removing stm32f4xx_hal_tim.o(i.HAL_TIM_PWM_ConfigChannel), (204 bytes).
    Removing stm32f4xx_hal_tim.o(i.HAL_TIM_PWM_DeInit), (92 bytes).
    Removing stm32f4xx_hal_tim.o(i.HAL_TIM_PWM_GetState), (6 bytes).
    Removing stm32f4xx_hal_tim.o(i.HAL_TIM_PWM_Init), (90 bytes).
    Removing stm32f4xx_hal_tim.o(i.HAL_TIM_PWM_MspDeInit), (2 bytes).
    Removing stm32f4xx_hal_tim.o(i.HAL_TIM_PWM_MspInit), (2 bytes).
    Removing stm32f4xx_hal_tim.o(i.HAL_TIM_PWM_PulseFinishedHalfCpltCallback), (2 bytes).
    Removing stm32f4xx_hal_tim.o(i.HAL_TIM_PWM_Start), (200 bytes).
    Removing stm32f4xx_hal_tim.o(i.HAL_TIM_PWM_Start_DMA), (448 bytes).
    Removing stm32f4xx_hal_tim.o(i.HAL_TIM_PWM_Start_IT), (244 bytes).
    Removing stm32f4xx_hal_tim.o(i.HAL_TIM_PWM_Stop), (124 bytes).
    Removing stm32f4xx_hal_tim.o(i.HAL_TIM_PWM_Stop_DMA), (204 bytes).
    Removing stm32f4xx_hal_tim.o(i.HAL_TIM_PWM_Stop_IT), (188 bytes).
    Removing stm32f4xx_hal_tim.o(i.HAL_TIM_PeriodElapsedCallback), (2 bytes).
    Removing stm32f4xx_hal_tim.o(i.HAL_TIM_PeriodElapsedHalfCpltCallback), (2 bytes).
    Removing stm32f4xx_hal_tim.o(i.HAL_TIM_ReadCapturedValue), (42 bytes).
    Removing stm32f4xx_hal_tim.o(i.HAL_TIM_SlaveConfigSynchro), (86 bytes).
    Removing stm32f4xx_hal_tim.o(i.HAL_TIM_SlaveConfigSynchro_IT), (86 bytes).
    Removing stm32f4xx_hal_tim.o(i.HAL_TIM_TriggerHalfCpltCallback), (2 bytes).
    Removing stm32f4xx_hal_tim.o(i.TIM_CCxChannelCmd), (26 bytes).
    Removing stm32f4xx_hal_tim.o(i.TIM_DMACaptureCplt), (110 bytes).
    Removing stm32f4xx_hal_tim.o(i.TIM_DMACaptureHalfCplt), (56 bytes).
    Removing stm32f4xx_hal_tim.o(i.TIM_DMADelayPulseCplt), (94 bytes).
    Removing stm32f4xx_hal_tim.o(i.TIM_DMADelayPulseHalfCplt), (56 bytes).
    Removing stm32f4xx_hal_tim.o(i.TIM_DMAError), (84 bytes).
    Removing stm32f4xx_hal_tim.o(i.TIM_DMAPeriodElapsedCplt), (22 bytes).
    Removing stm32f4xx_hal_tim.o(i.TIM_DMAPeriodElapsedHalfCplt), (10 bytes).
    Removing stm32f4xx_hal_tim.o(i.TIM_DMATriggerCplt), (22 bytes).
    Removing stm32f4xx_hal_tim.o(i.TIM_DMATriggerHalfCplt), (10 bytes).
    Removing stm32f4xx_hal_tim.o(i.TIM_ETR_SetConfig), (20 bytes).
    Removing stm32f4xx_hal_tim.o(i.TIM_ITRx_SetConfig), (16 bytes).
    Removing stm32f4xx_hal_tim.o(i.TIM_OC1_SetConfig), (96 bytes).
    Removing stm32f4xx_hal_tim.o(i.TIM_OC2_SetConfig), (108 bytes).
    Removing stm32f4xx_hal_tim.o(i.TIM_OC3_SetConfig), (104 bytes).
    Removing stm32f4xx_hal_tim.o(i.TIM_OC4_SetConfig), (80 bytes).
    Removing stm32f4xx_hal_tim.o(i.TIM_SlaveTimer_SetConfig), (140 bytes).
    Removing stm32f4xx_hal_tim.o(i.TIM_TI1_ConfigInputStage), (34 bytes).
    Removing stm32f4xx_hal_tim.o(i.TIM_TI1_SetConfig), (128 bytes).
    Removing stm32f4xx_hal_tim.o(i.TIM_TI2_ConfigInputStage), (36 bytes).
    Removing stm32f4xx_hal_tim.o(i.TIM_TI2_SetConfig), (54 bytes).
    Removing stm32f4xx_hal_tim_ex.o(.rev16_text), (4 bytes).
    Removing stm32f4xx_hal_tim_ex.o(.revsh_text), (4 bytes).
    Removing stm32f4xx_hal_tim_ex.o(.rrx_text), (6 bytes).
    Removing stm32f4xx_hal_tim_ex.o(i.HAL_TIMEx_CommutHalfCpltCallback), (2 bytes).
    Removing stm32f4xx_hal_tim_ex.o(i.HAL_TIMEx_ConfigBreakDeadTime), (84 bytes).
    Removing stm32f4xx_hal_tim_ex.o(i.HAL_TIMEx_ConfigCommutEvent), (112 bytes).
    Removing stm32f4xx_hal_tim_ex.o(i.HAL_TIMEx_ConfigCommutEvent_DMA), (144 bytes).
    Removing stm32f4xx_hal_tim_ex.o(i.HAL_TIMEx_ConfigCommutEvent_IT), (112 bytes).
    Removing stm32f4xx_hal_tim_ex.o(i.HAL_TIMEx_GetChannelNState), (34 bytes).
    Removing stm32f4xx_hal_tim_ex.o(i.HAL_TIMEx_HallSensor_DeInit), (76 bytes).
    Removing stm32f4xx_hal_tim_ex.o(i.HAL_TIMEx_HallSensor_GetState), (6 bytes).
    Removing stm32f4xx_hal_tim_ex.o(i.HAL_TIMEx_HallSensor_Init), (208 bytes).
    Removing stm32f4xx_hal_tim_ex.o(i.HAL_TIMEx_HallSensor_MspDeInit), (2 bytes).
    Removing stm32f4xx_hal_tim_ex.o(i.HAL_TIMEx_HallSensor_MspInit), (2 bytes).
    Removing stm32f4xx_hal_tim_ex.o(i.HAL_TIMEx_HallSensor_Start), (168 bytes).
    Removing stm32f4xx_hal_tim_ex.o(i.HAL_TIMEx_HallSensor_Start_DMA), (224 bytes).
    Removing stm32f4xx_hal_tim_ex.o(i.HAL_TIMEx_HallSensor_Start_IT), (180 bytes).
    Removing stm32f4xx_hal_tim_ex.o(i.HAL_TIMEx_HallSensor_Stop), (58 bytes).
    Removing stm32f4xx_hal_tim_ex.o(i.HAL_TIMEx_HallSensor_Stop_DMA), (70 bytes).
    Removing stm32f4xx_hal_tim_ex.o(i.HAL_TIMEx_HallSensor_Stop_IT), (68 bytes).
    Removing stm32f4xx_hal_tim_ex.o(i.HAL_TIMEx_MasterConfigSynchronization), (144 bytes).
    Removing stm32f4xx_hal_tim_ex.o(i.HAL_TIMEx_OCN_Start), (192 bytes).
    Removing stm32f4xx_hal_tim_ex.o(i.HAL_TIMEx_OCN_Start_DMA), (392 bytes).
    Removing stm32f4xx_hal_tim_ex.o(i.HAL_TIMEx_OCN_Start_IT), (232 bytes).
    Removing stm32f4xx_hal_tim_ex.o(i.HAL_TIMEx_OCN_Stop), (104 bytes).
    Removing stm32f4xx_hal_tim_ex.o(i.HAL_TIMEx_OCN_Stop_DMA), (168 bytes).
    Removing stm32f4xx_hal_tim_ex.o(i.HAL_TIMEx_OCN_Stop_IT), (170 bytes).
    Removing stm32f4xx_hal_tim_ex.o(i.HAL_TIMEx_OnePulseN_Start), (100 bytes).
    Removing stm32f4xx_hal_tim_ex.o(i.HAL_TIMEx_OnePulseN_Start_IT), (120 bytes).
    Removing stm32f4xx_hal_tim_ex.o(i.HAL_TIMEx_OnePulseN_Stop), (98 bytes).
    Removing stm32f4xx_hal_tim_ex.o(i.HAL_TIMEx_OnePulseN_Stop_IT), (120 bytes).
    Removing stm32f4xx_hal_tim_ex.o(i.HAL_TIMEx_PWMN_Start), (192 bytes).
    Removing stm32f4xx_hal_tim_ex.o(i.HAL_TIMEx_PWMN_Start_DMA), (392 bytes).
    Removing stm32f4xx_hal_tim_ex.o(i.HAL_TIMEx_PWMN_Start_IT), (232 bytes).
    Removing stm32f4xx_hal_tim_ex.o(i.HAL_TIMEx_PWMN_Stop), (104 bytes).
    Removing stm32f4xx_hal_tim_ex.o(i.HAL_TIMEx_PWMN_Stop_DMA), (168 bytes).
    Removing stm32f4xx_hal_tim_ex.o(i.HAL_TIMEx_PWMN_Stop_IT), (170 bytes).
    Removing stm32f4xx_hal_tim_ex.o(i.HAL_TIMEx_RemapConfig), (28 bytes).
    Removing stm32f4xx_hal_tim_ex.o(i.TIMEx_DMACommutationCplt), (16 bytes).
    Removing stm32f4xx_hal_tim_ex.o(i.TIMEx_DMACommutationHalfCplt), (16 bytes).
    Removing stm32f4xx_hal_tim_ex.o(i.TIM_CCxNChannelCmd), (26 bytes).
    Removing stm32f4xx_hal_tim_ex.o(i.TIM_DMADelayPulseNCplt), (74 bytes).
    Removing stm32f4xx_hal_tim_ex.o(i.TIM_DMAErrorCCxN), (62 bytes).
    Removing stm32f4xx_hal_uart.o(.rev16_text), (4 bytes).
    Removing stm32f4xx_hal_uart.o(.revsh_text), (4 bytes).
    Removing stm32f4xx_hal_uart.o(.rrx_text), (6 bytes).
    Removing stm32f4xx_hal_uart.o(i.HAL_HalfDuplex_EnableReceiver), (50 bytes).
    Removing stm32f4xx_hal_uart.o(i.HAL_HalfDuplex_EnableTransmitter), (50 bytes).
    Removing stm32f4xx_hal_uart.o(i.HAL_HalfDuplex_Init), (110 bytes).
    Removing stm32f4xx_hal_uart.o(i.HAL_LIN_Init), (130 bytes).
    Removing stm32f4xx_hal_uart.o(i.HAL_LIN_SendBreak), (60 bytes).
    Removing stm32f4xx_hal_uart.o(i.HAL_MultiProcessor_EnterMuteMode), (62 bytes).
    Removing stm32f4xx_hal_uart.o(i.HAL_MultiProcessor_ExitMuteMode), (62 bytes).
    Removing stm32f4xx_hal_uart.o(i.HAL_MultiProcessor_Init), (144 bytes).
    Removing stm32f4xx_hal_uart.o(i.HAL_UARTEx_GetRxEventType), (4 bytes).
    Removing stm32f4xx_hal_uart.o(i.HAL_UARTEx_ReceiveToIdle), (240 bytes).
    Removing stm32f4xx_hal_uart.o(i.HAL_UARTEx_ReceiveToIdle_DMA), (78 bytes).
    Removing stm32f4xx_hal_uart.o(i.HAL_UARTEx_ReceiveToIdle_IT), (78 bytes).
    Removing stm32f4xx_hal_uart.o(i.HAL_UART_Abort), (210 bytes).
    Removing stm32f4xx_hal_uart.o(i.HAL_UART_AbortCpltCallback), (2 bytes).
    Removing stm32f4xx_hal_uart.o(i.HAL_UART_AbortReceive), (148 bytes).
    Removing stm32f4xx_hal_uart.o(i.HAL_UART_AbortReceiveCpltCallback), (2 bytes).
    Removing stm32f4xx_hal_uart.o(i.HAL_UART_AbortReceive_IT), (152 bytes).
    Removing stm32f4xx_hal_uart.o(i.HAL_UART_AbortTransmit), (98 bytes).
    Removing stm32f4xx_hal_uart.o(i.HAL_UART_AbortTransmitCpltCallback), (2 bytes).
    Removing stm32f4xx_hal_uart.o(i.HAL_UART_AbortTransmit_IT), (104 bytes).
    Removing stm32f4xx_hal_uart.o(i.HAL_UART_Abort_IT), (244 bytes).
    Removing stm32f4xx_hal_uart.o(i.HAL_UART_DMAPause), (120 bytes).
    Removing stm32f4xx_hal_uart.o(i.HAL_UART_DMAResume), (114 bytes).
    Removing stm32f4xx_hal_uart.o(i.HAL_UART_DMAStop), (112 bytes).
    Removing stm32f4xx_hal_uart.o(i.HAL_UART_DeInit), (54 bytes).
    Removing stm32f4xx_hal_uart.o(i.HAL_UART_GetError), (4 bytes).
    Removing stm32f4xx_hal_uart.o(i.HAL_UART_GetState), (10 bytes).
    Removing stm32f4xx_hal_uart.o(i.HAL_UART_MspDeInit), (2 bytes).
    Removing stm32f4xx_hal_uart.o(i.HAL_UART_MspInit), (2 bytes).
    Removing stm32f4xx_hal_uart.o(i.HAL_UART_Receive), (176 bytes).
    Removing stm32f4xx_hal_uart.o(i.HAL_UART_Receive_IT), (28 bytes).
    Removing stm32f4xx_hal_uart.o(i.HAL_UART_Transmit), (160 bytes).
    Removing stm32f4xx_hal_uart.o(i.HAL_UART_Transmit_DMA), (120 bytes).
    Removing stm32f4xx_hal_uart.o(i.HAL_UART_TxHalfCpltCallback), (2 bytes).
    Removing stm32f4xx_hal_uart.o(i.UART_DMARxAbortCallback), (44 bytes).
    Removing stm32f4xx_hal_uart.o(i.UART_DMARxOnlyAbortCallback), (22 bytes).
    Removing stm32f4xx_hal_uart.o(i.UART_DMATransmitCplt), (66 bytes).
    Removing stm32f4xx_hal_uart.o(i.UART_DMATxAbortCallback), (44 bytes).
    Removing stm32f4xx_hal_uart.o(i.UART_DMATxHalfCplt), (10 bytes).
    Removing stm32f4xx_hal_uart.o(i.UART_DMATxOnlyAbortCallback), (20 bytes).
    Removing stm32f4xx_hal_uart.o(i.UART_Start_Receive_IT), (54 bytes).
    Removing stm32f4xx_hal_uart.o(i.UART_WaitOnFlagUntilTimeout), (114 bytes).
    Removing system_stm32f4xx.o(.rev16_text), (4 bytes).
    Removing system_stm32f4xx.o(.revsh_text), (4 bytes).
    Removing system_stm32f4xx.o(.rrx_text), (6 bytes).
    Removing system_stm32f4xx.o(i.SystemCoreClockUpdate), (124 bytes).
    Removing bsp_rc.o(.rev16_text), (4 bytes).
    Removing bsp_rc.o(.revsh_text), (4 bytes).
    Removing bsp_rc.o(.rrx_text), (6 bytes).
    Removing motor.o(.rev16_text), (4 bytes).
    Removing motor.o(.revsh_text), (4 bytes).
    Removing motor.o(.rrx_text), (6 bytes).
    Removing motor.o(i.CAN_cmd_chassis), (96 bytes).
    Removing motor.o(i.CAN_cmd_gimbal), (96 bytes).
    Removing pid.o(.rev16_text), (4 bytes).
    Removing pid.o(.revsh_text), (4 bytes).
    Removing pid.o(.rrx_text), (6 bytes).
    Removing remote_control.o(.rev16_text), (4 bytes).
    Removing remote_control.o(.revsh_text), (4 bytes).
    Removing remote_control.o(.rrx_text), (6 bytes).
    Removing remote_control.o(i.get_remote_control_point), (8 bytes).
    Removing chassis_task.o(.rev16_text), (4 bytes).
    Removing chassis_task.o(.revsh_text), (4 bytes).
    Removing chassis_task.o(.rrx_text), (6 bytes).
    Removing chassis_task.o(i.Chassis_SolutionForward), (120 bytes).
    Removing chassis_task.o(i.chassis_mode_execute), (396 bytes).
    Removing chassis_task.o(i.chassis_pid), (192 bytes).
    Removing chassis_task.o(i.chassis_task), (40 bytes).
    Removing chassis_task.o(.bss), (93 bytes).
    Removing chassis_task.o(.data), (16 bytes).
    Removing lifting_task.o(.rev16_text), (4 bytes).
    Removing lifting_task.o(.revsh_text), (4 bytes).
    Removing lifting_task.o(.rrx_text), (6 bytes).
    Removing lifting_task.o(i.pid_deviation_angle_calc), (80 bytes).
    Removing lifting_task.o(i.pid_deviation_speed_calc), (80 bytes).
    Removing lifting_task.o(.data), (4 bytes).
    Removing gimbal_task.o(.rev16_text), (4 bytes).
    Removing gimbal_task.o(.revsh_text), (4 bytes).
    Removing gimbal_task.o(.rrx_text), (6 bytes).
    Removing gimbal_task.o(i.gimbal_task), (400 bytes).
    Removing gimbal_task.o(.bss), (69 bytes).
    Removing gimbal_task.o(.data), (16 bytes).
    Removing crc8_crc16.o(.rev16_text), (4 bytes).
    Removing crc8_crc16.o(.revsh_text), (4 bytes).
    Removing crc8_crc16.o(.rrx_text), (6 bytes).
    Removing crc8_crc16.o(i.append_CRC16_check_sum), (40 bytes).
    Removing crc8_crc16.o(i.append_CRC8_check_sum), (28 bytes).
    Removing crc8_crc16.o(i.get_CRC16_check_sum), (44 bytes).
    Removing crc8_crc16.o(i.get_CRC8_check_sum), (28 bytes).
    Removing crc8_crc16.o(i.verify_CRC16_check_sum), (60 bytes).
    Removing crc8_crc16.o(i.verify_CRC8_check_sum), (38 bytes).
    Removing crc8_crc16.o(.constdata), (1 bytes).
    Removing crc8_crc16.o(.constdata), (768 bytes).
    Removing crc8_crc16.o(.data), (2 bytes).
    Removing fifo.o(.rev16_text), (4 bytes).
    Removing fifo.o(.revsh_text), (4 bytes).
    Removing fifo.o(.rrx_text), (6 bytes).
    Removing fifo.o(i.fifo_create), (52 bytes).
    Removing fifo.o(i.fifo_destory), (20 bytes).
    Removing fifo.o(i.fifo_flush), (38 bytes).
    Removing fifo.o(i.fifo_free), (4 bytes).
    Removing fifo.o(i.fifo_get), (76 bytes).
    Removing fifo.o(i.fifo_get_noprotect), (62 bytes).
    Removing fifo.o(i.fifo_init), (28 bytes).
    Removing fifo.o(i.fifo_is_empty), (12 bytes).
    Removing fifo.o(i.fifo_is_full), (12 bytes).
    Removing fifo.o(i.fifo_pre_read), (50 bytes).
    Removing fifo.o(i.fifo_put), (70 bytes).
    Removing fifo.o(i.fifo_put_noprotect), (56 bytes).
    Removing fifo.o(i.fifo_s_create), (46 bytes).
    Removing fifo.o(i.fifo_s_destroy), (20 bytes).
    Removing fifo.o(i.fifo_s_discard), (54 bytes).
    Removing fifo.o(i.fifo_s_flush), (30 bytes).
    Removing fifo.o(i.fifo_s_free), (4 bytes).
    Removing fifo.o(i.fifo_s_get), (44 bytes).
    Removing fifo.o(i.fifo_s_gets), (126 bytes).
    Removing fifo.o(i.fifo_s_gets_noprotect), (114 bytes).
    Removing fifo.o(i.fifo_s_init), (22 bytes).
    Removing fifo.o(i.fifo_s_isempty), (12 bytes).
    Removing fifo.o(i.fifo_s_isfull), (12 bytes).
    Removing fifo.o(i.fifo_s_preread), (32 bytes).
    Removing fifo.o(i.fifo_s_prereads), (110 bytes).
    Removing fifo.o(i.fifo_s_put), (62 bytes).
    Removing fifo.o(i.fifo_s_puts), (124 bytes).
    Removing fifo.o(i.fifo_s_puts_noprotect), (112 bytes).
    Removing fifo.o(i.fifo_s_used), (4 bytes).
    Removing fifo.o(i.fifo_used), (4 bytes).
    Removing referee.o(.rev16_text), (4 bytes).
    Removing referee.o(.revsh_text), (4 bytes).
    Removing referee.o(.rrx_text), (6 bytes).
    Removing referee.o(i.init_referee_struct_data), (176 bytes).
    Removing referee.o(i.refereeINIT), (76 bytes).
    Removing referee.o(i.refereeReceiveHandler), (148 bytes).
    Removing referee.o(i.referee_data_solve), (404 bytes).
    Removing referee.o(i.referee_unpack_fifo_data), (260 bytes).
    Removing referee.o(i.referee_usart_init), (180 bytes).
    Removing referee.o(.bss), (2371 bytes).
    Removing referee.o(.data), (66 bytes).
    Removing basicmathfunctions.o(.rev16_text), (4 bytes).
    Removing basicmathfunctions.o(.revsh_text), (4 bytes).
    Removing basicmathfunctions.o(.rrx_text), (6 bytes).
    Removing basicmathfunctions.o(i.arm_abs_f32), (24 bytes).
    Removing basicmathfunctions.o(i.arm_abs_f64), (32 bytes).
    Removing basicmathfunctions.o(i.arm_abs_q15), (34 bytes).
    Removing basicmathfunctions.o(i.arm_abs_q31), (26 bytes).
    Removing basicmathfunctions.o(i.arm_abs_q7), (34 bytes).
    Removing basicmathfunctions.o(i.arm_add_f32), (28 bytes).
    Removing basicmathfunctions.o(i.arm_add_f64), (54 bytes).
    Removing basicmathfunctions.o(i.arm_add_q15), (28 bytes).
    Removing basicmathfunctions.o(i.arm_add_q31), (22 bytes).
    Removing basicmathfunctions.o(i.arm_add_q7), (30 bytes).
    Removing basicmathfunctions.o(i.arm_and_u16), (26 bytes).
    Removing basicmathfunctions.o(i.arm_and_u32), (20 bytes).
    Removing basicmathfunctions.o(i.arm_and_u8), (26 bytes).
    Removing basicmathfunctions.o(i.arm_clip_f32), (68 bytes).
    Removing basicmathfunctions.o(i.arm_clip_q15), (44 bytes).
    Removing basicmathfunctions.o(i.arm_clip_q31), (44 bytes).
    Removing basicmathfunctions.o(i.arm_clip_q7), (36 bytes).
    Removing basicmathfunctions.o(i.arm_dot_prod_f32), (36 bytes).
    Removing basicmathfunctions.o(i.arm_dot_prod_f64), (88 bytes).
    Removing basicmathfunctions.o(i.arm_dot_prod_q15), (32 bytes).
    Removing basicmathfunctions.o(i.arm_dot_prod_q31), (42 bytes).
    Removing basicmathfunctions.o(i.arm_dot_prod_q7), (30 bytes).
    Removing basicmathfunctions.o(i.arm_mult_f32), (28 bytes).
    Removing basicmathfunctions.o(i.arm_mult_f64), (54 bytes).
    Removing basicmathfunctions.o(i.arm_mult_q15), (32 bytes).
    Removing basicmathfunctions.o(i.arm_mult_q31), (28 bytes).
    Removing basicmathfunctions.o(i.arm_mult_q7), (32 bytes).
    Removing basicmathfunctions.o(i.arm_negate_f32), (24 bytes).
    Removing basicmathfunctions.o(i.arm_negate_f64), (38 bytes).
    Removing basicmathfunctions.o(i.arm_negate_q15), (40 bytes).
    Removing basicmathfunctions.o(i.arm_negate_q31), (22 bytes).
    Removing basicmathfunctions.o(i.arm_negate_q7), (28 bytes).
    Removing basicmathfunctions.o(i.arm_not_u16), (22 bytes).
    Removing basicmathfunctions.o(i.arm_not_u32), (16 bytes).
    Removing basicmathfunctions.o(i.arm_not_u8), (22 bytes).
    Removing basicmathfunctions.o(i.arm_offset_f32), (24 bytes).
    Removing basicmathfunctions.o(i.arm_offset_f64), (58 bytes).
    Removing basicmathfunctions.o(i.arm_offset_q15), (24 bytes).
    Removing basicmathfunctions.o(i.arm_offset_q31), (20 bytes).
    Removing basicmathfunctions.o(i.arm_offset_q7), (26 bytes).
    Removing basicmathfunctions.o(i.arm_or_u16), (26 bytes).
    Removing basicmathfunctions.o(i.arm_or_u32), (20 bytes).
    Removing basicmathfunctions.o(i.arm_or_u8), (26 bytes).
    Removing basicmathfunctions.o(i.arm_scale_f32), (24 bytes).
    Removing basicmathfunctions.o(i.arm_scale_f64), (58 bytes).
    Removing basicmathfunctions.o(i.arm_scale_q15), (38 bytes).
    Removing basicmathfunctions.o(i.arm_scale_q31), (74 bytes).
    Removing basicmathfunctions.o(i.arm_scale_q7), (38 bytes).
    Removing basicmathfunctions.o(i.arm_shift_q15), (50 bytes).
    Removing basicmathfunctions.o(i.arm_shift_q31), (74 bytes).
    Removing basicmathfunctions.o(i.arm_shift_q7), (50 bytes).
    Removing basicmathfunctions.o(i.arm_sub_f32), (28 bytes).
    Removing basicmathfunctions.o(i.arm_sub_f64), (54 bytes).
    Removing basicmathfunctions.o(i.arm_sub_q15), (28 bytes).
    Removing basicmathfunctions.o(i.arm_sub_q31), (22 bytes).
    Removing basicmathfunctions.o(i.arm_sub_q7), (30 bytes).
    Removing basicmathfunctions.o(i.arm_xor_u16), (26 bytes).
    Removing basicmathfunctions.o(i.arm_xor_u32), (20 bytes).
    Removing basicmathfunctions.o(i.arm_xor_u8), (26 bytes).
    Removing basicmathfunctionsf16.o(.rev16_text), (4 bytes).
    Removing basicmathfunctionsf16.o(.revsh_text), (4 bytes).
    Removing basicmathfunctionsf16.o(.rrx_text), (6 bytes).
    Removing bayesfunctions.o(.rev16_text), (4 bytes).
    Removing bayesfunctions.o(.revsh_text), (4 bytes).
    Removing bayesfunctions.o(.rrx_text), (6 bytes).
    Removing bayesfunctions.o(i.arm_gaussian_naive_bayes_predict_f32), (180 bytes).
    Removing bayesfunctionsf16.o(.rev16_text), (4 bytes).
    Removing bayesfunctionsf16.o(.revsh_text), (4 bytes).
    Removing bayesfunctionsf16.o(.rrx_text), (6 bytes).
    Removing commontables.o(.rev16_text), (4 bytes).
    Removing commontables.o(.revsh_text), (4 bytes).
    Removing commontables.o(.rrx_text), (6 bytes).
    Removing commontables.o(.constdata), (2048 bytes).
    Removing commontables.o(.constdata), (256 bytes).
    Removing commontables.o(.constdata), (512 bytes).
    Removing commontables.o(.constdata), (1024 bytes).
    Removing commontables.o(.constdata), (2048 bytes).
    Removing commontables.o(.constdata), (4096 bytes).
    Removing commontables.o(.constdata), (8192 bytes).
    Removing commontables.o(.constdata), (16384 bytes).
    Removing commontables.o(.constdata), (32768 bytes).
    Removing commontables.o(.constdata), (65536 bytes).
    Removing commontables.o(.constdata), (128 bytes).
    Removing commontables.o(.constdata), (256 bytes).
    Removing commontables.o(.constdata), (512 bytes).
    Removing commontables.o(.constdata), (1024 bytes).
    Removing commontables.o(.constdata), (2048 bytes).
    Removing commontables.o(.constdata), (4096 bytes).
    Removing commontables.o(.constdata), (8192 bytes).
    Removing commontables.o(.constdata), (16384 bytes).
    Removing commontables.o(.constdata), (32768 bytes).
    Removing commontables.o(.constdata), (96 bytes).
    Removing commontables.o(.constdata), (192 bytes).
    Removing commontables.o(.constdata), (384 bytes).
    Removing commontables.o(.constdata), (768 bytes).
    Removing commontables.o(.constdata), (1536 bytes).
    Removing commontables.o(.constdata), (3072 bytes).
    Removing commontables.o(.constdata), (6144 bytes).
    Removing commontables.o(.constdata), (12288 bytes).
    Removing commontables.o(.constdata), (24576 bytes).
    Removing commontables.o(.constdata), (48 bytes).
    Removing commontables.o(.constdata), (96 bytes).
    Removing commontables.o(.constdata), (192 bytes).
    Removing commontables.o(.constdata), (384 bytes).
    Removing commontables.o(.constdata), (768 bytes).
    Removing commontables.o(.constdata), (1536 bytes).
    Removing commontables.o(.constdata), (3072 bytes).
    Removing commontables.o(.constdata), (6144 bytes).
    Removing commontables.o(.constdata), (12288 bytes).
    Removing commontables.o(.constdata), (24 bytes).
    Removing commontables.o(.constdata), (48 bytes).
    Removing commontables.o(.constdata), (112 bytes).
    Removing commontables.o(.constdata), (224 bytes).
    Removing commontables.o(.constdata), (480 bytes).
    Removing commontables.o(.constdata), (960 bytes).
    Removing commontables.o(.constdata), (1984 bytes).
    Removing commontables.o(.constdata), (3968 bytes).
    Removing commontables.o(.constdata), (8064 bytes).
    Removing commontables.o(.constdata), (40 bytes).
    Removing commontables.o(.constdata), (96 bytes).
    Removing commontables.o(.constdata), (112 bytes).
    Removing commontables.o(.constdata), (416 bytes).
    Removing commontables.o(.constdata), (880 bytes).
    Removing commontables.o(.constdata), (896 bytes).
    Removing commontables.o(.constdata), (3600 bytes).
    Removing commontables.o(.constdata), (7616 bytes).
    Removing commontables.o(.constdata), (8064 bytes).
    Removing commontables.o(.constdata), (24 bytes).
    Removing commontables.o(.constdata), (48 bytes).
    Removing commontables.o(.constdata), (112 bytes).
    Removing commontables.o(.constdata), (224 bytes).
    Removing commontables.o(.constdata), (480 bytes).
    Removing commontables.o(.constdata), (960 bytes).
    Removing commontables.o(.constdata), (1984 bytes).
    Removing commontables.o(.constdata), (3968 bytes).
    Removing commontables.o(.constdata), (8064 bytes).
    Removing commontables.o(.constdata), (256 bytes).
    Removing commontables.o(.constdata), (512 bytes).
    Removing commontables.o(.constdata), (1024 bytes).
    Removing commontables.o(.constdata), (2048 bytes).
    Removing commontables.o(.constdata), (4096 bytes).
    Removing commontables.o(.constdata), (8192 bytes).
    Removing commontables.o(.constdata), (16384 bytes).
    Removing commontables.o(.constdata), (32768 bytes).
    Removing commontables.o(.constdata), (128 bytes).
    Removing commontables.o(.constdata), (256 bytes).
    Removing commontables.o(.constdata), (512 bytes).
    Removing commontables.o(.constdata), (1024 bytes).
    Removing commontables.o(.constdata), (2048 bytes).
    Removing commontables.o(.constdata), (4096 bytes).
    Removing commontables.o(.constdata), (8192 bytes).
    Removing commontables.o(.constdata), (16384 bytes).
    Removing commontables.o(.constdata), (32768 bytes).
    Removing commontables.o(.constdata), (32768 bytes).
    Removing commontables.o(.constdata), (32768 bytes).
    Removing commontables.o(.constdata), (32768 bytes).
    Removing commontables.o(.constdata), (16384 bytes).
    Removing commontables.o(.constdata), (16384 bytes).
    Removing commontables.o(.constdata), (1024 bytes).
    Removing commontables.o(.constdata), (512 bytes).
    Removing commontables.o(.constdata), (4096 bytes).
    Removing commontables.o(.constdata), (2048 bytes).
    Removing commontables.o(.constdata), (16384 bytes).
    Removing commontables.o(.constdata), (8192 bytes).
    Removing commontables.o(.constdata), (65536 bytes).
    Removing commontables.o(.constdata), (32768 bytes).
    Removing commontables.o(.constdata), (512 bytes).
    Removing commontables.o(.constdata), (256 bytes).
    Removing commontables.o(.constdata), (2048 bytes).
    Removing commontables.o(.constdata), (1024 bytes).
    Removing commontables.o(.constdata), (8192 bytes).
    Removing commontables.o(.constdata), (4096 bytes).
    Removing commontables.o(.constdata), (32768 bytes).
    Removing commontables.o(.constdata), (16384 bytes).
    Removing commontables.o(.constdata), (1024 bytes).
    Removing commontables.o(.constdata), (512 bytes).
    Removing commontables.o(.constdata), (4096 bytes).
    Removing commontables.o(.constdata), (2048 bytes).
    Removing commontables.o(.constdata), (16384 bytes).
    Removing commontables.o(.constdata), (8192 bytes).
    Removing commontables.o(.constdata), (65536 bytes).
    Removing commontables.o(.constdata), (32768 bytes).
    Removing commontables.o(.constdata), (128 bytes).
    Removing commontables.o(.constdata), (256 bytes).
    Removing commontables.o(.constdata), (2052 bytes).
    Removing commontables.o(.constdata), (2052 bytes).
    Removing commontables.o(.constdata), (1026 bytes).
    Removing commontables.o(.constdata), (128 bytes).
    Removing commontables.o(.constdata), (32 bytes).
    Removing commontables.o(.constdata), (16 bytes).
    Removing commontables.o(.constdata), (16 bytes).
    Removing commontables.o(.constdata), (16 bytes).
    Removing commontables.o(.constdata), (16 bytes).
    Removing commontables.o(.constdata), (16 bytes).
    Removing commontables.o(.constdata), (16 bytes).
    Removing commontables.o(.constdata), (16 bytes).
    Removing commontables.o(.constdata), (16 bytes).
    Removing commontables.o(.constdata), (16 bytes).
    Removing commontables.o(.constdata), (16 bytes).
    Removing commontables.o(.constdata), (16 bytes).
    Removing commontables.o(.constdata), (16 bytes).
    Removing commontables.o(.constdata), (16 bytes).
    Removing commontables.o(.constdata), (16 bytes).
    Removing commontables.o(.constdata), (16 bytes).
    Removing commontables.o(.constdata), (16 bytes).
    Removing commontables.o(.constdata), (16 bytes).
    Removing commontables.o(.constdata), (16 bytes).
    Removing commontables.o(.constdata), (16 bytes).
    Removing commontables.o(.constdata), (16 bytes).
    Removing commontables.o(.constdata), (16 bytes).
    Removing commontables.o(.constdata), (16 bytes).
    Removing commontables.o(.constdata), (16 bytes).
    Removing commontables.o(.constdata), (16 bytes).
    Removing commontables.o(.constdata), (16 bytes).
    Removing commontables.o(.constdata), (16 bytes).
    Removing commontables.o(.constdata), (16 bytes).
    Removing commontables.o(.constdata), (16 bytes).
    Removing commontables.o(.constdata), (16 bytes).
    Removing commontables.o(.constdata), (16 bytes).
    Removing commontables.o(.constdata), (16 bytes).
    Removing commontables.o(.constdata), (16 bytes).
    Removing commontables.o(.constdata), (16 bytes).
    Removing commontables.o(.constdata), (16 bytes).
    Removing commontables.o(.constdata), (16 bytes).
    Removing commontables.o(.constdata), (16 bytes).
    Removing commontables.o(.constdata), (24 bytes).
    Removing commontables.o(.constdata), (24 bytes).
    Removing commontables.o(.constdata), (24 bytes).
    Removing commontables.o(.constdata), (24 bytes).
    Removing commontables.o(.constdata), (24 bytes).
    Removing commontables.o(.constdata), (24 bytes).
    Removing commontables.o(.constdata), (24 bytes).
    Removing commontables.o(.constdata), (24 bytes).
    Removing commontables.o(.constdata), (24 bytes).
    Removing commontables.o(.constdata), (24 bytes).
    Removing commontables.o(.constdata), (24 bytes).
    Removing commontables.o(.constdata), (24 bytes).
    Removing commontables.o(.constdata), (24 bytes).
    Removing commontables.o(.constdata), (24 bytes).
    Removing commontables.o(.constdata), (24 bytes).
    Removing commontables.o(.constdata), (24 bytes).
    Removing commontables.o(.constdata), (24 bytes).
    Removing commontables.o(.constdata), (24 bytes).
    Removing commontables.o(.constdata), (24 bytes).
    Removing commontables.o(.constdata), (24 bytes).
    Removing commontables.o(.constdata), (24 bytes).
    Removing commontables.o(.constdata), (24 bytes).
    Removing commontables.o(.constdata), (24 bytes).
    Removing commontables.o(.constdata), (24 bytes).
    Removing commontables.o(.constdata), (24 bytes).
    Removing commontables.o(.constdata), (24 bytes).
    Removing commontables.o(.constdata), (24 bytes).
    Removing commontables.o(.constdata), (24 bytes).
    Removing commontables.o(.constdata), (24 bytes).
    Removing commontables.o(.constdata), (24 bytes).
    Removing commontables.o(.constdata), (24 bytes).
    Removing commontables.o(.constdata), (24 bytes).
    Removing commontables.o(.constdata), (24 bytes).
    Removing commontables.o(.constdata), (24 bytes).
    Removing commontablesf16.o(.rev16_text), (4 bytes).
    Removing commontablesf16.o(.revsh_text), (4 bytes).
    Removing commontablesf16.o(.rrx_text), (6 bytes).
    Removing complexmathfunctions.o(.rev16_text), (4 bytes).
    Removing complexmathfunctions.o(.revsh_text), (4 bytes).
    Removing complexmathfunctions.o(.rrx_text), (6 bytes).
    Removing complexmathfunctions.o(i.arm_cmplx_conj_f32), (36 bytes).
    Removing complexmathfunctions.o(i.arm_cmplx_conj_q15), (34 bytes).
    Removing complexmathfunctions.o(i.arm_cmplx_conj_q31), (26 bytes).
    Removing complexmathfunctions.o(i.arm_cmplx_dot_prod_f32), (72 bytes).
    Removing complexmathfunctions.o(i.arm_cmplx_dot_prod_q15), (96 bytes).
    Removing complexmathfunctions.o(i.arm_cmplx_dot_prod_q31), (130 bytes).
    Removing complexmathfunctions.o(i.arm_cmplx_mag_f32), (68 bytes).
    Removing complexmathfunctions.o(i.arm_cmplx_mag_f64), (86 bytes).
    Removing complexmathfunctions.o(i.arm_cmplx_mag_fast_q15), (46 bytes).
    Removing complexmathfunctions.o(i.arm_cmplx_mag_q15), (52 bytes).
    Removing complexmathfunctions.o(i.arm_cmplx_mag_q31), (46 bytes).
    Removing complexmathfunctions.o(i.arm_cmplx_mag_squared_f32), (34 bytes).
    Removing complexmathfunctions.o(i.arm_cmplx_mag_squared_f64), (78 bytes).
    Removing complexmathfunctions.o(i.arm_cmplx_mag_squared_q15), (32 bytes).
    Removing complexmathfunctions.o(i.arm_cmplx_mag_squared_q31), (32 bytes).
    Removing complexmathfunctions.o(i.arm_cmplx_mult_cmplx_f32), (58 bytes).
    Removing complexmathfunctions.o(i.arm_cmplx_mult_cmplx_f64), (134 bytes).
    Removing complexmathfunctions.o(i.arm_cmplx_mult_cmplx_q15), (66 bytes).
    Removing complexmathfunctions.o(i.arm_cmplx_mult_cmplx_q31), (70 bytes).
    Removing complexmathfunctions.o(i.arm_cmplx_mult_real_f32), (44 bytes).
    Removing complexmathfunctions.o(i.arm_cmplx_mult_real_q15), (48 bytes).
    Removing complexmathfunctions.o(i.arm_cmplx_mult_real_q31), (42 bytes).
    Removing complexmathfunctionsf16.o(.rev16_text), (4 bytes).
    Removing complexmathfunctionsf16.o(.revsh_text), (4 bytes).
    Removing complexmathfunctionsf16.o(.rrx_text), (6 bytes).
    Removing controllerfunctions.o(.rev16_text), (4 bytes).
    Removing controllerfunctions.o(.revsh_text), (4 bytes).
    Removing controllerfunctions.o(.rrx_text), (6 bytes).
    Removing controllerfunctions.o(i.arm_pid_init_f32), (54 bytes).
    Removing controllerfunctions.o(i.arm_pid_init_q15), (52 bytes).
    Removing controllerfunctions.o(i.arm_pid_init_q31), (46 bytes).
    Removing controllerfunctions.o(i.arm_pid_reset_f32), (10 bytes).
    Removing controllerfunctions.o(i.arm_pid_reset_q15), (8 bytes).
    Removing controllerfunctions.o(i.arm_pid_reset_q31), (10 bytes).
    Removing controllerfunctions.o(i.arm_sin_cos_f32), (272 bytes).
    Removing controllerfunctions.o(i.arm_sin_cos_q31), (524 bytes).
    Removing distancefunctions.o(.rev16_text), (4 bytes).
    Removing distancefunctions.o(.revsh_text), (4 bytes).
    Removing distancefunctions.o(.rrx_text), (6 bytes).
    Removing distancefunctions.o(i.arm_boolean_distance_TF_FT), (172 bytes).
    Removing distancefunctions.o(i.arm_boolean_distance_TT), (114 bytes).
    Removing distancefunctions.o(i.arm_boolean_distance_TT_FF_TF_FT), (276 bytes).
    Removing distancefunctions.o(i.arm_boolean_distance_TT_TF_FT), (224 bytes).
    Removing distancefunctions.o(i.arm_braycurtis_distance_f32), (60 bytes).
    Removing distancefunctions.o(i.arm_canberra_distance_f32), (76 bytes).
    Removing distancefunctions.o(i.arm_chebyshev_distance_f32), (56 bytes).
    Removing distancefunctions.o(i.arm_chebyshev_distance_f64), (128 bytes).
    Removing distancefunctions.o(i.arm_cityblock_distance_f32), (40 bytes).
    Removing distancefunctions.o(i.arm_cityblock_distance_f64), (92 bytes).
    Removing distancefunctions.o(i.arm_correlation_distance_f32), (200 bytes).
    Removing distancefunctions.o(i.arm_cosine_distance_f32), (88 bytes).
    Removing distancefunctions.o(i.arm_cosine_distance_f64), (112 bytes).
    Removing distancefunctions.o(i.arm_dice_distance), (132 bytes).
    Removing distancefunctions.o(i.arm_euclidean_distance_f32), (56 bytes).
    Removing distancefunctions.o(i.arm_euclidean_distance_f64), (104 bytes).
    Removing distancefunctions.o(i.arm_hamming_distance), (74 bytes).
    Removing distancefunctions.o(i.arm_jaccard_distance), (78 bytes).
    Removing distancefunctions.o(i.arm_jensenshannon_distance_f32), (136 bytes).
    Removing distancefunctions.o(i.arm_kulsinski_distance), (86 bytes).
    Removing distancefunctions.o(i.arm_minkowski_distance_f32), (108 bytes).
    Removing distancefunctions.o(i.arm_rogerstanimoto_distance), (88 bytes).
    Removing distancefunctions.o(i.arm_russellrao_distance), (42 bytes).
    Removing distancefunctions.o(i.arm_sokalmichener_distance), (96 bytes).
    Removing distancefunctions.o(i.arm_sokalsneath_distance), (84 bytes).
    Removing distancefunctions.o(i.arm_yule_distance), (140 bytes).
    Removing distancefunctions.o(i.rel_entr), (28 bytes).
    Removing distancefunctionsf16.o(.rev16_text), (4 bytes).
    Removing distancefunctionsf16.o(.revsh_text), (4 bytes).
    Removing distancefunctionsf16.o(.rrx_text), (6 bytes).
    Removing fastmathfunctions.o(.rev16_text), (4 bytes).
    Removing fastmathfunctions.o(.revsh_text), (4 bytes).
    Removing fastmathfunctions.o(.rrx_text), (6 bytes).
    Removing fastmathfunctions.o(i.arm_atan2_f32), (540 bytes).
    Removing fastmathfunctions.o(i.arm_atan2_q15), (684 bytes).
    Removing fastmathfunctions.o(i.arm_atan2_q31), (976 bytes).
    Removing fastmathfunctions.o(i.arm_cos_f32), (132 bytes).
    Removing fastmathfunctions.o(i.arm_cos_q15), (68 bytes).
    Removing fastmathfunctions.o(i.arm_cos_q31), (64 bytes).
    Removing fastmathfunctions.o(i.arm_divide_q15), (106 bytes).
    Removing fastmathfunctions.o(i.arm_divide_q31), (118 bytes).
    Removing fastmathfunctions.o(i.arm_sin_f32), (128 bytes).
    Removing fastmathfunctions.o(i.arm_sin_q15), (60 bytes).
    Removing fastmathfunctions.o(i.arm_sin_q31), (64 bytes).
    Removing fastmathfunctions.o(i.arm_sqrt_q15), (156 bytes).
    Removing fastmathfunctions.o(i.arm_sqrt_q31), (188 bytes).
    Removing fastmathfunctions.o(i.arm_vexp_f32), (32 bytes).
    Removing fastmathfunctions.o(i.arm_vexp_f64), (32 bytes).
    Removing fastmathfunctions.o(i.arm_vlog_f32), (32 bytes).
    Removing fastmathfunctions.o(i.arm_vlog_f64), (32 bytes).
    Removing fastmathfunctions.o(i.arm_vlog_q15), (96 bytes).
    Removing fastmathfunctions.o(i.arm_vlog_q31), (92 bytes).
    Removing fastmathfunctions.o(.constdata), (112 bytes).
    Removing fastmathfunctionsf16.o(.rev16_text), (4 bytes).
    Removing fastmathfunctionsf16.o(.revsh_text), (4 bytes).
    Removing fastmathfunctionsf16.o(.rrx_text), (6 bytes).
    Removing filteringfunctions.o(.rev16_text), (4 bytes).
    Removing filteringfunctions.o(.revsh_text), (4 bytes).
    Removing filteringfunctions.o(.rrx_text), (6 bytes).
    Removing filteringfunctions.o(i.arm_biquad_cas_df1_32x64_init_q31), (26 bytes).
    Removing filteringfunctions.o(i.arm_biquad_cas_df1_32x64_q31), (328 bytes).
    Removing filteringfunctions.o(i.arm_biquad_cascade_df1_f32), (132 bytes).
    Removing filteringfunctions.o(i.arm_biquad_cascade_df1_fast_q15), (182 bytes).
    Removing filteringfunctions.o(i.arm_biquad_cascade_df1_fast_q31), (148 bytes).
    Removing filteringfunctions.o(i.arm_biquad_cascade_df1_init_f32), (22 bytes).
    Removing filteringfunctions.o(i.arm_biquad_cascade_df1_init_q15), (26 bytes).
    Removing filteringfunctions.o(i.arm_biquad_cascade_df1_init_q31), (26 bytes).
    Removing filteringfunctions.o(i.arm_biquad_cascade_df1_q15), (328 bytes).
    Removing filteringfunctions.o(i.arm_biquad_cascade_df1_q31), (176 bytes).
    Removing filteringfunctions.o(i.arm_biquad_cascade_df2T_f32), (100 bytes).
    Removing filteringfunctions.o(i.arm_biquad_cascade_df2T_f64), (224 bytes).
    Removing filteringfunctions.o(i.arm_biquad_cascade_df2T_init_f32), (22 bytes).
    Removing filteringfunctions.o(i.arm_biquad_cascade_df2T_init_f64), (22 bytes).
    Removing filteringfunctions.o(i.arm_biquad_cascade_stereo_df2T_f32), (152 bytes).
    Removing filteringfunctions.o(i.arm_biquad_cascade_stereo_df2T_init_f32), (22 bytes).
    Removing filteringfunctions.o(i.arm_conv_f32), (308 bytes).
    Removing filteringfunctions.o(i.arm_conv_fast_opt_q15), (192 bytes).
    Removing filteringfunctions.o(i.arm_conv_fast_q15), (1070 bytes).
    Removing filteringfunctions.o(i.arm_conv_fast_q31), (818 bytes).
    Removing filteringfunctions.o(i.arm_conv_opt_q15), (194 bytes).
    Removing filteringfunctions.o(i.arm_conv_opt_q7), (626 bytes).
    Removing filteringfunctions.o(i.arm_conv_partial_f32), (440 bytes).
    Removing filteringfunctions.o(i.arm_conv_partial_fast_opt_q15), (232 bytes).
    Removing filteringfunctions.o(i.arm_conv_partial_fast_q15), (1282 bytes).
    Removing filteringfunctions.o(i.arm_conv_partial_fast_q31), (424 bytes).
    Removing filteringfunctions.o(i.arm_conv_partial_opt_q15), (244 bytes).
    Removing filteringfunctions.o(i.arm_conv_partial_opt_q7), (660 bytes).
    Removing filteringfunctions.o(i.arm_conv_partial_q15), (1546 bytes).
    Removing filteringfunctions.o(i.arm_conv_partial_q31), (494 bytes).
    Removing filteringfunctions.o(i.arm_conv_partial_q7), (432 bytes).
    Removing filteringfunctions.o(i.arm_conv_q15), (1366 bytes).
    Removing filteringfunctions.o(i.arm_conv_q31), (350 bytes).
    Removing filteringfunctions.o(i.arm_conv_q7), (298 bytes).
    Removing filteringfunctions.o(i.arm_correlate_f32), (340 bytes).
    Removing filteringfunctions.o(i.arm_correlate_f64), (512 bytes).
    Removing filteringfunctions.o(i.arm_correlate_fast_opt_q15), (200 bytes).
    Removing filteringfunctions.o(i.arm_correlate_fast_q15), (994 bytes).
    Removing filteringfunctions.o(i.arm_correlate_fast_q31), (856 bytes).
    Removing filteringfunctions.o(i.arm_correlate_opt_q15), (210 bytes).
    Removing filteringfunctions.o(i.arm_correlate_opt_q7), (640 bytes).
    Removing filteringfunctions.o(i.arm_correlate_q15), (1270 bytes).
    Removing filteringfunctions.o(i.arm_correlate_q31), (398 bytes).
    Removing filteringfunctions.o(i.arm_correlate_q7), (324 bytes).
    Removing filteringfunctions.o(i.arm_fir_decimate_f32), (120 bytes).
    Removing filteringfunctions.o(i.arm_fir_decimate_fast_q15), (328 bytes).
    Removing filteringfunctions.o(i.arm_fir_decimate_fast_q31), (114 bytes).
    Removing filteringfunctions.o(i.arm_fir_decimate_init_f32), (50 bytes).
    Removing filteringfunctions.o(i.arm_fir_decimate_init_q15), (50 bytes).
    Removing filteringfunctions.o(i.arm_fir_decimate_init_q31), (50 bytes).
    Removing filteringfunctions.o(i.arm_fir_decimate_q15), (372 bytes).
    Removing filteringfunctions.o(i.arm_fir_decimate_q31), (130 bytes).
    Removing filteringfunctions.o(i.arm_fir_f32), (104 bytes).
    Removing filteringfunctions.o(i.arm_fir_f64), (176 bytes).
    Removing filteringfunctions.o(i.arm_fir_fast_q15), (112 bytes).
    Removing filteringfunctions.o(i.arm_fir_fast_q31), (94 bytes).
    Removing filteringfunctions.o(i.arm_fir_init_f32), (28 bytes).
    Removing filteringfunctions.o(i.arm_fir_init_f64), (28 bytes).
    Removing filteringfunctions.o(i.arm_fir_init_q15), (38 bytes).
    Removing filteringfunctions.o(i.arm_fir_init_q31), (28 bytes).
    Removing filteringfunctions.o(i.arm_fir_init_q7), (26 bytes).
    Removing filteringfunctions.o(i.arm_fir_interpolate_f32), (140 bytes).
    Removing filteringfunctions.o(i.arm_fir_interpolate_init_f32), (52 bytes).
    Removing filteringfunctions.o(i.arm_fir_interpolate_init_q15), (52 bytes).
    Removing filteringfunctions.o(i.arm_fir_interpolate_init_q31), (52 bytes).
    Removing filteringfunctions.o(i.arm_fir_interpolate_q15), (184 bytes).
    Removing filteringfunctions.o(i.arm_fir_interpolate_q31), (176 bytes).
    Removing filteringfunctions.o(i.arm_fir_lattice_f32), (102 bytes).
    Removing filteringfunctions.o(i.arm_fir_lattice_init_f32), (22 bytes).
    Removing filteringfunctions.o(i.arm_fir_lattice_init_q15), (22 bytes).
    Removing filteringfunctions.o(i.arm_fir_lattice_init_q31), (22 bytes).
    Removing filteringfunctions.o(i.arm_fir_lattice_q15), (132 bytes).
    Removing filteringfunctions.o(i.arm_fir_lattice_q31), (106 bytes).
    Removing filteringfunctions.o(i.arm_fir_q15), (132 bytes).
    Removing filteringfunctions.o(i.arm_fir_q31), (116 bytes).
    Removing filteringfunctions.o(i.arm_fir_q7), (100 bytes).
    Removing filteringfunctions.o(i.arm_fir_sparse_f32), (444 bytes).
    Removing filteringfunctions.o(i.arm_fir_sparse_init_f32), (38 bytes).
    Removing filteringfunctions.o(i.arm_fir_sparse_init_q15), (38 bytes).
    Removing filteringfunctions.o(i.arm_fir_sparse_init_q31), (38 bytes).
    Removing filteringfunctions.o(i.arm_fir_sparse_init_q7), (38 bytes).
    Removing filteringfunctions.o(i.arm_fir_sparse_q15), (512 bytes).
    Removing filteringfunctions.o(i.arm_fir_sparse_q31), (496 bytes).
    Removing filteringfunctions.o(i.arm_fir_sparse_q7), (498 bytes).
    Removing filteringfunctions.o(i.arm_iir_lattice_f32), (132 bytes).
    Removing filteringfunctions.o(i.arm_iir_lattice_init_f32), (28 bytes).
    Removing filteringfunctions.o(i.arm_iir_lattice_init_q15), (28 bytes).
    Removing filteringfunctions.o(i.arm_iir_lattice_init_q31), (28 bytes).
    Removing filteringfunctions.o(i.arm_iir_lattice_q15), (238 bytes).
    Removing filteringfunctions.o(i.arm_iir_lattice_q31), (236 bytes).
    Removing filteringfunctions.o(i.arm_levinson_durbin_f32), (240 bytes).
    Removing filteringfunctions.o(i.arm_levinson_durbin_q31), (396 bytes).
    Removing filteringfunctions.o(i.arm_lms_f32), (164 bytes).
    Removing filteringfunctions.o(i.arm_lms_init_f32), (44 bytes).
    Removing filteringfunctions.o(i.arm_lms_init_q15), (40 bytes).
    Removing filteringfunctions.o(i.arm_lms_init_q31), (40 bytes).
    Removing filteringfunctions.o(i.arm_lms_norm_f32), (208 bytes).
    Removing filteringfunctions.o(i.arm_lms_norm_init_f32), (60 bytes).
    Removing filteringfunctions.o(i.arm_lms_norm_init_q15), (56 bytes).
    Removing filteringfunctions.o(i.arm_lms_norm_init_q31), (56 bytes).
    Removing filteringfunctions.o(i.arm_lms_norm_q15), (362 bytes).
    Removing filteringfunctions.o(i.arm_lms_norm_q31), (438 bytes).
    Removing filteringfunctions.o(i.arm_lms_q15), (222 bytes).
    Removing filteringfunctions.o(i.arm_lms_q31), (244 bytes).
    Removing filteringfunctionsf16.o(.rev16_text), (4 bytes).
    Removing filteringfunctionsf16.o(.revsh_text), (4 bytes).
    Removing filteringfunctionsf16.o(.rrx_text), (6 bytes).
    Removing interpolationfunctions.o(.rev16_text), (4 bytes).
    Removing interpolationfunctions.o(.revsh_text), (4 bytes).
    Removing interpolationfunctions.o(.rrx_text), (6 bytes).
    Removing interpolationfunctions.o(i.arm_bilinear_interp_f32), (148 bytes).
    Removing interpolationfunctions.o(i.arm_bilinear_interp_q15), (156 bytes).
    Removing interpolationfunctions.o(i.arm_bilinear_interp_q31), (124 bytes).
    Removing interpolationfunctions.o(i.arm_bilinear_interp_q7), (120 bytes).
    Removing interpolationfunctions.o(i.arm_linear_interp_f32), (122 bytes).
    Removing interpolationfunctions.o(i.arm_linear_interp_q15), (72 bytes).
    Removing interpolationfunctions.o(i.arm_linear_interp_q31), (62 bytes).
    Removing interpolationfunctions.o(i.arm_linear_interp_q7), (60 bytes).
    Removing interpolationfunctions.o(i.arm_spline_f32), (244 bytes).
    Removing interpolationfunctions.o(i.arm_spline_init_f32), (416 bytes).
    Removing interpolationfunctionsf16.o(.rev16_text), (4 bytes).
    Removing interpolationfunctionsf16.o(.revsh_text), (4 bytes).
    Removing interpolationfunctionsf16.o(.rrx_text), (6 bytes).
    Removing matrixfunctions.o(.rev16_text), (4 bytes).
    Removing matrixfunctions.o(.revsh_text), (4 bytes).
    Removing matrixfunctions.o(.rrx_text), (6 bytes).
    Removing matrixfunctions.o(i.arm_mat_add_f32), (42 bytes).
    Removing matrixfunctions.o(i.arm_mat_add_q15), (42 bytes).
    Removing matrixfunctions.o(i.arm_mat_add_q31), (36 bytes).
    Removing matrixfunctions.o(i.arm_mat_cholesky_f32), (172 bytes).
    Removing matrixfunctions.o(i.arm_mat_cholesky_f64), (252 bytes).
    Removing matrixfunctions.o(i.arm_mat_cmplx_mult_f32), (152 bytes).
    Removing matrixfunctions.o(i.arm_mat_cmplx_mult_q15), (346 bytes).
    Removing matrixfunctions.o(i.arm_mat_cmplx_mult_q31), (246 bytes).
    Removing matrixfunctions.o(i.arm_mat_cmplx_trans_f32), (68 bytes).
    Removing matrixfunctions.o(i.arm_mat_cmplx_trans_q15), (66 bytes).
    Removing matrixfunctions.o(i.arm_mat_cmplx_trans_q31), (66 bytes).
    Removing matrixfunctions.o(i.arm_mat_init_f32), (8 bytes).
    Removing matrixfunctions.o(i.arm_mat_init_q15), (8 bytes).
    Removing matrixfunctions.o(i.arm_mat_init_q31), (8 bytes).
    Removing matrixfunctions.o(i.arm_mat_inverse_f32), (512 bytes).
    Removing matrixfunctions.o(i.arm_mat_inverse_f64), (672 bytes).
    Removing matrixfunctions.o(i.arm_mat_ldlt_f32), (492 bytes).
    Removing matrixfunctions.o(i.arm_mat_ldlt_f64), (600 bytes).
    Removing matrixfunctions.o(i.arm_mat_mult_f32), (116 bytes).
    Removing matrixfunctions.o(i.arm_mat_mult_f64), (216 bytes).
    Removing matrixfunctions.o(i.arm_mat_mult_fast_q15), (782 bytes).
    Removing matrixfunctions.o(i.arm_mat_mult_fast_q31), (420 bytes).
    Removing matrixfunctions.o(i.arm_mat_mult_opt_q31), (134 bytes).
    Removing matrixfunctions.o(i.arm_mat_mult_q15), (214 bytes).
    Removing matrixfunctions.o(i.arm_mat_mult_q31), (134 bytes).
    Removing matrixfunctions.o(i.arm_mat_mult_q7), (128 bytes).
    Removing matrixfunctions.o(i.arm_mat_scale_f32), (34 bytes).
    Removing matrixfunctions.o(i.arm_mat_scale_q15), (48 bytes).
    Removing matrixfunctions.o(i.arm_mat_scale_q31), (54 bytes).
    Removing matrixfunctions.o(i.arm_mat_solve_lower_triangular_f32), (144 bytes).
    Removing matrixfunctions.o(i.arm_mat_solve_lower_triangular_f64), (216 bytes).
    Removing matrixfunctions.o(i.arm_mat_solve_upper_triangular_f32), (142 bytes).
    Removing matrixfunctions.o(i.arm_mat_solve_upper_triangular_f64), (212 bytes).
    Removing matrixfunctions.o(i.arm_mat_sub_f32), (42 bytes).
    Removing matrixfunctions.o(i.arm_mat_sub_f64), (70 bytes).
    Removing matrixfunctions.o(i.arm_mat_sub_q15), (42 bytes).
    Removing matrixfunctions.o(i.arm_mat_sub_q31), (36 bytes).
    Removing matrixfunctions.o(i.arm_mat_trans_f32), (52 bytes).
    Removing matrixfunctions.o(i.arm_mat_trans_f64), (78 bytes).
    Removing matrixfunctions.o(i.arm_mat_trans_q15), (52 bytes).
    Removing matrixfunctions.o(i.arm_mat_trans_q31), (52 bytes).
    Removing matrixfunctions.o(i.arm_mat_trans_q7), (52 bytes).
    Removing matrixfunctions.o(i.arm_mat_vec_mult_f32), (256 bytes).
    Removing matrixfunctions.o(i.arm_mat_vec_mult_q15), (560 bytes).
    Removing matrixfunctions.o(i.arm_mat_vec_mult_q31), (336 bytes).
    Removing matrixfunctions.o(i.arm_mat_vec_mult_q7), (574 bytes).
    Removing matrixfunctionsf16.o(.rev16_text), (4 bytes).
    Removing matrixfunctionsf16.o(.revsh_text), (4 bytes).
    Removing matrixfunctionsf16.o(.rrx_text), (6 bytes).
    Removing quaternionmathfunctions.o(.rev16_text), (4 bytes).
    Removing quaternionmathfunctions.o(.revsh_text), (4 bytes).
    Removing quaternionmathfunctions.o(.rrx_text), (6 bytes).
    Removing quaternionmathfunctions.o(i.arm_quaternion2rotation_f32), (204 bytes).
    Removing quaternionmathfunctions.o(i.arm_quaternion_conjugate_f32), (68 bytes).
    Removing quaternionmathfunctions.o(i.arm_quaternion_inverse_f32), (112 bytes).
    Removing quaternionmathfunctions.o(i.arm_quaternion_norm_f32), (74 bytes).
    Removing quaternionmathfunctions.o(i.arm_quaternion_normalize_f32), (118 bytes).
    Removing quaternionmathfunctions.o(i.arm_quaternion_product_f32), (36 bytes).
    Removing quaternionmathfunctions.o(i.arm_quaternion_product_single_f32), (210 bytes).
    Removing quaternionmathfunctions.o(i.arm_rotation2quaternion_f32), (464 bytes).
    Removing svmfunctions.o(.rev16_text), (4 bytes).
    Removing svmfunctions.o(.revsh_text), (4 bytes).
    Removing svmfunctions.o(.rrx_text), (6 bytes).
    Removing svmfunctions.o(i.arm_svm_linear_init_f32), (22 bytes).
    Removing svmfunctions.o(i.arm_svm_linear_predict_f32), (104 bytes).
    Removing svmfunctions.o(i.arm_svm_polynomial_init_f32), (28 bytes).
    Removing svmfunctions.o(i.arm_svm_polynomial_predict_f32), (136 bytes).
    Removing svmfunctions.o(i.arm_svm_rbf_init_f32), (28 bytes).
    Removing svmfunctions.o(i.arm_svm_rbf_predict_f32), (140 bytes).
    Removing svmfunctions.o(i.arm_svm_sigmoid_init_f32), (24 bytes).
    Removing svmfunctions.o(i.arm_svm_sigmoid_predict_f32), (140 bytes).
    Removing svmfunctionsf16.o(.rev16_text), (4 bytes).
    Removing svmfunctionsf16.o(.revsh_text), (4 bytes).
    Removing svmfunctionsf16.o(.rrx_text), (6 bytes).
    Removing statisticsfunctions.o(.rev16_text), (4 bytes).
    Removing statisticsfunctions.o(.revsh_text), (4 bytes).
    Removing statisticsfunctions.o(.rrx_text), (6 bytes).
    Removing statisticsfunctions.o(i.arm_absmax_f32), (54 bytes).
    Removing statisticsfunctions.o(i.arm_absmax_f64), (102 bytes).
    Removing statisticsfunctions.o(i.arm_absmax_no_idx_f32), (44 bytes).
    Removing statisticsfunctions.o(i.arm_absmax_no_idx_f64), (84 bytes).
    Removing statisticsfunctions.o(i.arm_absmax_no_idx_q15), (146 bytes).
    Removing statisticsfunctions.o(i.arm_absmax_no_idx_q31), (122 bytes).
    Removing statisticsfunctions.o(i.arm_absmax_no_idx_q7), (146 bytes).
    Removing statisticsfunctions.o(i.arm_absmax_q15), (182 bytes).
    Removing statisticsfunctions.o(i.arm_absmax_q31), (156 bytes).
    Removing statisticsfunctions.o(i.arm_absmax_q7), (182 bytes).
    Removing statisticsfunctions.o(i.arm_absmin_f32), (54 bytes).
    Removing statisticsfunctions.o(i.arm_absmin_f64), (102 bytes).
    Removing statisticsfunctions.o(i.arm_absmin_no_idx_f32), (44 bytes).
    Removing statisticsfunctions.o(i.arm_absmin_no_idx_f64), (84 bytes).
    Removing statisticsfunctions.o(i.arm_absmin_no_idx_q15), (146 bytes).
    Removing statisticsfunctions.o(i.arm_absmin_no_idx_q31), (122 bytes).
    Removing statisticsfunctions.o(i.arm_absmin_no_idx_q7), (146 bytes).
    Removing statisticsfunctions.o(i.arm_absmin_q15), (182 bytes).
    Removing statisticsfunctions.o(i.arm_absmin_q31), (156 bytes).
    Removing statisticsfunctions.o(i.arm_absmin_q7), (182 bytes).
    Removing statisticsfunctions.o(i.arm_entropy_f32), (52 bytes).
    Removing statisticsfunctions.o(i.arm_entropy_f64), (88 bytes).
    Removing statisticsfunctions.o(i.arm_kullback_leibler_f32), (60 bytes).
    Removing statisticsfunctions.o(i.arm_kullback_leibler_f64), (104 bytes).
    Removing statisticsfunctions.o(i.arm_logsumexp_dot_prod_f32), (26 bytes).
    Removing statisticsfunctions.o(i.arm_logsumexp_f32), (96 bytes).
    Removing statisticsfunctions.o(i.arm_max_f32), (46 bytes).
    Removing statisticsfunctions.o(i.arm_max_f64), (78 bytes).
    Removing statisticsfunctions.o(i.arm_max_no_idx_f32), (44 bytes).
    Removing statisticsfunctions.o(i.arm_max_no_idx_f64), (72 bytes).
    Removing statisticsfunctions.o(i.arm_max_no_idx_q15), (26 bytes).
    Removing statisticsfunctions.o(i.arm_max_no_idx_q31), (22 bytes).
    Removing statisticsfunctions.o(i.arm_max_no_idx_q7), (26 bytes).
    Removing statisticsfunctions.o(i.arm_max_q15), (36 bytes).
    Removing statisticsfunctions.o(i.arm_max_q31), (32 bytes).
    Removing statisticsfunctions.o(i.arm_max_q7), (36 bytes).
    Removing statisticsfunctions.o(i.arm_mean_f32), (44 bytes).
    Removing statisticsfunctions.o(i.arm_mean_f64), (96 bytes).
    Removing statisticsfunctions.o(i.arm_mean_q15), (28 bytes).
    Removing statisticsfunctions.o(i.arm_mean_q31), (44 bytes).
    Removing statisticsfunctions.o(i.arm_mean_q7), (28 bytes).
    Removing statisticsfunctions.o(i.arm_min_f32), (46 bytes).
    Removing statisticsfunctions.o(i.arm_min_f64), (78 bytes).
    Removing statisticsfunctions.o(i.arm_min_no_idx_f32), (44 bytes).
    Removing statisticsfunctions.o(i.arm_min_no_idx_f64), (72 bytes).
    Removing statisticsfunctions.o(i.arm_min_no_idx_q15), (26 bytes).
    Removing statisticsfunctions.o(i.arm_min_no_idx_q31), (22 bytes).
    Removing statisticsfunctions.o(i.arm_min_no_idx_q7), (26 bytes).
    Removing statisticsfunctions.o(i.arm_min_q15), (36 bytes).
    Removing statisticsfunctions.o(i.arm_min_q31), (32 bytes).
    Removing statisticsfunctions.o(i.arm_min_q7), (36 bytes).
    Removing statisticsfunctions.o(i.arm_mse_f32), (56 bytes).
    Removing statisticsfunctions.o(i.arm_mse_f64), (116 bytes).
    Removing statisticsfunctions.o(i.arm_mse_q15), (66 bytes).
    Removing statisticsfunctions.o(i.arm_mse_q31), (78 bytes).
    Removing statisticsfunctions.o(i.arm_mse_q7), (52 bytes).
    Removing statisticsfunctions.o(i.arm_power_f32), (32 bytes).
    Removing statisticsfunctions.o(i.arm_power_f64), (72 bytes).
    Removing statisticsfunctions.o(i.arm_power_q15), (28 bytes).
    Removing statisticsfunctions.o(i.arm_power_q31), (40 bytes).
    Removing statisticsfunctions.o(i.arm_power_q7), (26 bytes).
    Removing statisticsfunctions.o(i.arm_rms_f32), (68 bytes).
    Removing statisticsfunctions.o(i.arm_rms_q15), (58 bytes).
    Removing statisticsfunctions.o(i.arm_rms_q31), (68 bytes).
    Removing statisticsfunctions.o(i.arm_std_f32), (48 bytes).
    Removing statisticsfunctions.o(i.arm_std_f64), (24 bytes).
    Removing statisticsfunctions.o(i.arm_std_q15), (92 bytes).
    Removing statisticsfunctions.o(i.arm_std_q31), (124 bytes).
    Removing statisticsfunctions.o(i.arm_var_f32), (108 bytes).
    Removing statisticsfunctions.o(i.arm_var_f64), (216 bytes).
    Removing statisticsfunctions.o(i.arm_var_q15), (82 bytes).
    Removing statisticsfunctions.o(i.arm_var_q31), (120 bytes).
    Removing statisticsfunctionsf16.o(.rev16_text), (4 bytes).
    Removing statisticsfunctionsf16.o(.revsh_text), (4 bytes).
    Removing statisticsfunctionsf16.o(.rrx_text), (6 bytes).
    Removing supportfunctions.o(.rev16_text), (4 bytes).
    Removing supportfunctions.o(.revsh_text), (4 bytes).
    Removing supportfunctions.o(.rrx_text), (6 bytes).
    Removing supportfunctions.o(i.arm_barycenter_f32), (104 bytes).
    Removing supportfunctions.o(i.arm_bitonic_sort_core_f32), (136 bytes).
    Removing supportfunctions.o(i.arm_bitonic_sort_f32), (80 bytes).
    Removing supportfunctions.o(i.arm_bubble_sort_f32), (90 bytes).
    Removing supportfunctions.o(i.arm_copy_f32), (20 bytes).
    Removing supportfunctions.o(i.arm_copy_f64), (20 bytes).
    Removing supportfunctions.o(i.arm_copy_q15), (20 bytes).
    Removing supportfunctions.o(i.arm_copy_q31), (14 bytes).
    Removing supportfunctions.o(i.arm_copy_q7), (20 bytes).
    Removing supportfunctions.o(i.arm_fill_f32), (16 bytes).
    Removing supportfunctions.o(i.arm_fill_f64), (16 bytes).
    Removing supportfunctions.o(i.arm_fill_q15), (16 bytes).
    Removing supportfunctions.o(i.arm_fill_q31), (12 bytes).
    Removing supportfunctions.o(i.arm_fill_q7), (16 bytes).
    Removing supportfunctions.o(i.arm_float_to_q15), (44 bytes).
    Removing supportfunctions.o(i.arm_float_to_q31), (60 bytes).
    Removing supportfunctions.o(i.arm_float_to_q7), (44 bytes).
    Removing supportfunctions.o(i.arm_heap_sort_f32), (94 bytes).
    Removing supportfunctions.o(i.arm_heapify), (136 bytes).
    Removing supportfunctions.o(i.arm_insertion_sort_f32), (88 bytes).
    Removing supportfunctions.o(i.arm_merge_sort_core_f32), (156 bytes).
    Removing supportfunctions.o(i.arm_merge_sort_f32), (60 bytes).
    Removing supportfunctions.o(i.arm_merge_sort_init_f32), (6 bytes).
    Removing supportfunctions.o(i.arm_q15_to_float), (40 bytes).
    Removing supportfunctions.o(i.arm_q15_to_q31), (20 bytes).
    Removing supportfunctions.o(i.arm_q15_to_q7), (22 bytes).
    Removing supportfunctions.o(i.arm_q31_to_float), (36 bytes).
    Removing supportfunctions.o(i.arm_q31_to_q15), (18 bytes).
    Removing supportfunctions.o(i.arm_q31_to_q7), (18 bytes).
    Removing supportfunctions.o(i.arm_q7_to_float), (40 bytes).
    Removing supportfunctions.o(i.arm_q7_to_q15), (22 bytes).
    Removing supportfunctions.o(i.arm_q7_to_q31), (20 bytes).
    Removing supportfunctions.o(i.arm_quick_sort_core_f32), (178 bytes).
    Removing supportfunctions.o(i.arm_quick_sort_f32), (40 bytes).
    Removing supportfunctions.o(i.arm_selection_sort_f32), (122 bytes).
    Removing supportfunctions.o(i.arm_sort_f32), (58 bytes).
    Removing supportfunctions.o(i.arm_sort_init_f32), (6 bytes).
    Removing supportfunctions.o(i.arm_weighted_sum_f32), (44 bytes).
    Removing supportfunctionsf16.o(.rev16_text), (4 bytes).
    Removing supportfunctionsf16.o(.revsh_text), (4 bytes).
    Removing supportfunctionsf16.o(.rrx_text), (6 bytes).
    Removing transformfunctions.o(.rev16_text), (4 bytes).
    Removing transformfunctions.o(.revsh_text), (4 bytes).
    Removing transformfunctions.o(.rrx_text), (6 bytes).
    Removing transformfunctions.o(i.arm_bitreversal_16), (64 bytes).
    Removing transformfunctions.o(i.arm_bitreversal_32), (62 bytes).
    Removing transformfunctions.o(i.arm_bitreversal_64), (108 bytes).
    Removing transformfunctions.o(i.arm_bitreversal_f32), (168 bytes).
    Removing transformfunctions.o(i.arm_bitreversal_q15), (102 bytes).
    Removing transformfunctions.o(i.arm_bitreversal_q31), (170 bytes).
    Removing transformfunctions.o(i.arm_cfft_f32), (204 bytes).
    Removing transformfunctions.o(i.arm_cfft_f64), (256 bytes).
    Removing transformfunctions.o(i.arm_cfft_init_f32), (148 bytes).
    Removing transformfunctions.o(i.arm_cfft_init_f64), (148 bytes).
    Removing transformfunctions.o(i.arm_cfft_init_q15), (148 bytes).
    Removing transformfunctions.o(i.arm_cfft_init_q31), (148 bytes).
    Removing transformfunctions.o(i.arm_cfft_q15), (172 bytes).
    Removing transformfunctions.o(i.arm_cfft_q31), (172 bytes).
    Removing transformfunctions.o(i.arm_cfft_radix2_f32), (60 bytes).
    Removing transformfunctions.o(i.arm_cfft_radix2_init_f32), (284 bytes).
    Removing transformfunctions.o(i.arm_cfft_radix2_init_q15), (192 bytes).
    Removing transformfunctions.o(i.arm_cfft_radix2_init_q31), (192 bytes).
    Removing transformfunctions.o(i.arm_cfft_radix2_q15), (46 bytes).
    Removing transformfunctions.o(i.arm_cfft_radix2_q31), (46 bytes).
    Removing transformfunctions.o(i.arm_cfft_radix4_f32), (60 bytes).
    Removing transformfunctions.o(i.arm_cfft_radix4_init_f32), (176 bytes).
    Removing transformfunctions.o(i.arm_cfft_radix4_init_q15), (124 bytes).
    Removing transformfunctions.o(i.arm_cfft_radix4_init_q31), (124 bytes).
    Removing transformfunctions.o(i.arm_cfft_radix4_q15), (54 bytes).
    Removing transformfunctions.o(i.arm_cfft_radix4_q31), (54 bytes).
    Removing transformfunctions.o(i.arm_cfft_radix4by2_f64), (286 bytes).
    Removing transformfunctions.o(i.arm_cfft_radix4by2_inverse_q15), (190 bytes).
    Removing transformfunctions.o(i.arm_cfft_radix4by2_inverse_q31), (190 bytes).
    Removing transformfunctions.o(i.arm_cfft_radix4by2_q15), (190 bytes).
    Removing transformfunctions.o(i.arm_cfft_radix4by2_q31), (190 bytes).
    Removing transformfunctions.o(i.arm_cfft_radix8by2_f32), (392 bytes).
    Removing transformfunctions.o(i.arm_cfft_radix8by4_f32), (1068 bytes).
    Removing transformfunctions.o(i.arm_dct4_f32), (196 bytes).
    Removing transformfunctions.o(i.arm_dct4_init_f32), (132 bytes).
    Removing transformfunctions.o(i.arm_dct4_init_q15), (128 bytes).
    Removing transformfunctions.o(i.arm_dct4_init_q31), (128 bytes).
    Removing transformfunctions.o(i.arm_dct4_q15), (180 bytes).
    Removing transformfunctions.o(i.arm_dct4_q31), (170 bytes).
    Removing transformfunctions.o(i.arm_mfcc_f32), (240 bytes).
    Removing transformfunctions.o(i.arm_mfcc_init_f32), (34 bytes).
    Removing transformfunctions.o(i.arm_mfcc_init_q15), (36 bytes).
    Removing transformfunctions.o(i.arm_mfcc_init_q31), (36 bytes).
    Removing transformfunctions.o(i.arm_mfcc_q15), (324 bytes).
    Removing transformfunctions.o(i.arm_mfcc_q31), (296 bytes).
    Removing transformfunctions.o(i.arm_radix2_butterfly_f32), (334 bytes).
    Removing transformfunctions.o(i.arm_radix2_butterfly_inverse_f32), (342 bytes).
    Removing transformfunctions.o(i.arm_radix2_butterfly_inverse_q15), (614 bytes).
    Removing transformfunctions.o(i.arm_radix2_butterfly_inverse_q31), (440 bytes).
    Removing transformfunctions.o(i.arm_radix2_butterfly_q15), (658 bytes).
    Removing transformfunctions.o(i.arm_radix2_butterfly_q31), (432 bytes).
    Removing transformfunctions.o(i.arm_radix4_butterfly_f32), (324 bytes).
    Removing transformfunctions.o(i.arm_radix4_butterfly_f64), (768 bytes).
    Removing transformfunctions.o(i.arm_radix4_butterfly_inverse_f32), (534 bytes).
    Removing transformfunctions.o(i.arm_radix4_butterfly_inverse_q15), (908 bytes).
    Removing transformfunctions.o(i.arm_radix4_butterfly_inverse_q31), (944 bytes).
    Removing transformfunctions.o(i.arm_radix4_butterfly_q15), (908 bytes).
    Removing transformfunctions.o(i.arm_radix4_butterfly_q31), (944 bytes).
    Removing transformfunctions.o(i.arm_radix8_butterfly_f32), (1220 bytes).
    Removing transformfunctions.o(i.arm_rfft_1024_fast_init_f32), (44 bytes).
    Removing transformfunctions.o(i.arm_rfft_1024_fast_init_f64), (52 bytes).
    Removing transformfunctions.o(i.arm_rfft_128_fast_init_f32), (40 bytes).
    Removing transformfunctions.o(i.arm_rfft_128_fast_init_f64), (48 bytes).
    Removing transformfunctions.o(i.arm_rfft_2048_fast_init_f32), (44 bytes).
    Removing transformfunctions.o(i.arm_rfft_2048_fast_init_f64), (52 bytes).
    Removing transformfunctions.o(i.arm_rfft_256_fast_init_f32), (40 bytes).
    Removing transformfunctions.o(i.arm_rfft_256_fast_init_f64), (48 bytes).
    Removing transformfunctions.o(i.arm_rfft_32_fast_init_f32), (40 bytes).
    Removing transformfunctions.o(i.arm_rfft_32_fast_init_f64), (48 bytes).
    Removing transformfunctions.o(i.arm_rfft_4096_fast_init_f32), (44 bytes).
    Removing transformfunctions.o(i.arm_rfft_4096_fast_init_f64), (52 bytes).
    Removing transformfunctions.o(i.arm_rfft_512_fast_init_f32), (44 bytes).
    Removing transformfunctions.o(i.arm_rfft_512_fast_init_f64), (52 bytes).
    Removing transformfunctions.o(i.arm_rfft_64_fast_init_f32), (40 bytes).
    Removing transformfunctions.o(i.arm_rfft_64_fast_init_f64), (48 bytes).
    Removing transformfunctions.o(i.arm_rfft_f32), (126 bytes).
    Removing transformfunctions.o(i.arm_rfft_fast_f32), (54 bytes).
    Removing transformfunctions.o(i.arm_rfft_fast_f64), (68 bytes).
    Removing transformfunctions.o(i.arm_rfft_fast_init_f32), (120 bytes).
    Removing transformfunctions.o(i.arm_rfft_fast_init_f64), (120 bytes).
    Removing transformfunctions.o(i.arm_rfft_init_f32), (116 bytes).
    Removing transformfunctions.o(i.arm_rfft_init_q15), (200 bytes).
    Removing transformfunctions.o(i.arm_rfft_init_q31), (200 bytes).
    Removing transformfunctions.o(i.arm_rfft_q15), (100 bytes).
    Removing transformfunctions.o(i.arm_rfft_q31), (100 bytes).
    Removing transformfunctions.o(i.arm_split_rfft_f32), (200 bytes).
    Removing transformfunctions.o(i.arm_split_rfft_q15), (276 bytes).
    Removing transformfunctions.o(i.arm_split_rfft_q31), (226 bytes).
    Removing transformfunctions.o(i.arm_split_rifft_f32), (110 bytes).
    Removing transformfunctions.o(i.arm_split_rifft_q15), (166 bytes).
    Removing transformfunctions.o(i.arm_split_rifft_q31), (100 bytes).
    Removing transformfunctions.o(i.merge_rfft_f32), (160 bytes).
    Removing transformfunctions.o(i.merge_rfft_f64), (332 bytes).
    Removing transformfunctions.o(i.stage_rfft_f32), (164 bytes).
    Removing transformfunctions.o(i.stage_rfft_f64), (360 bytes).
    Removing transformfunctionsf16.o(.rev16_text), (4 bytes).
    Removing transformfunctionsf16.o(.revsh_text), (4 bytes).
    Removing transformfunctionsf16.o(.rrx_text), (6 bytes).

1307 unused section(s) (total 1038251 bytes) removed from the image.
