Component: ARM Compiler 5.06 update 6 (build 750) Tool: armlink [4d35ed]

==============================================================================

Section Cross References

    startup_stm32f407xx.o(STACK) refers (Special) to heapauxi.o(.text) for __use_two_region_memory
    startup_stm32f407xx.o(HEAP) refers (Special) to heapauxi.o(.text) for __use_two_region_memory
    startup_stm32f407xx.o(RESET) refers (Special) to heapauxi.o(.text) for __use_two_region_memory
    startup_stm32f407xx.o(RESET) refers to startup_stm32f407xx.o(STACK) for __initial_sp
    startup_stm32f407xx.o(RESET) refers to startup_stm32f407xx.o(.text) for Reset_Handler
    startup_stm32f407xx.o(RESET) refers to stm32f4xx_it.o(i.NMI_Handler) for NMI_Handler
    startup_stm32f407xx.o(RESET) refers to stm32f4xx_it.o(i.HardFault_Handler) for HardFault_Handler
    startup_stm32f407xx.o(RESET) refers to stm32f4xx_it.o(i.MemManage_Handler) for MemManage_Handler
    startup_stm32f407xx.o(RESET) refers to stm32f4xx_it.o(i.BusFault_Handler) for BusFault_Handler
    startup_stm32f407xx.o(RESET) refers to stm32f4xx_it.o(i.UsageFault_Handler) for UsageFault_Handler
    startup_stm32f407xx.o(RESET) refers to stm32f4xx_it.o(i.SVC_Handler) for SVC_Handler
    startup_stm32f407xx.o(RESET) refers to stm32f4xx_it.o(i.DebugMon_Handler) for DebugMon_Handler
    startup_stm32f407xx.o(RESET) refers to stm32f4xx_it.o(i.PendSV_Handler) for PendSV_Handler
    startup_stm32f407xx.o(RESET) refers to stm32f4xx_it.o(i.SysTick_Handler) for SysTick_Handler
    startup_stm32f407xx.o(RESET) refers to stm32f4xx_it.o(i.DMA1_Stream1_IRQHandler) for DMA1_Stream1_IRQHandler
    startup_stm32f407xx.o(RESET) refers to stm32f4xx_it.o(i.CAN1_RX0_IRQHandler) for CAN1_RX0_IRQHandler
    startup_stm32f407xx.o(RESET) refers to stm32f4xx_it.o(i.CAN1_RX1_IRQHandler) for CAN1_RX1_IRQHandler
    startup_stm32f407xx.o(RESET) refers to stm32f4xx_it.o(i.USART1_IRQHandler) for USART1_IRQHandler
    startup_stm32f407xx.o(RESET) refers to stm32f4xx_it.o(i.USART3_IRQHandler) for USART3_IRQHandler
    startup_stm32f407xx.o(RESET) refers to remote_control_1.o(i.USART3_IRQHandler) for USART3_IRQHandler
    startup_stm32f407xx.o(RESET) refers to stm32f4xx_it.o(i.CAN2_RX0_IRQHandler) for CAN2_RX0_IRQHandler
    startup_stm32f407xx.o(RESET) refers to stm32f4xx_it.o(i.CAN2_RX1_IRQHandler) for CAN2_RX1_IRQHandler
    startup_stm32f407xx.o(RESET) refers to stm32f4xx_it.o(i.USART6_IRQHandler) for USART6_IRQHandler
    startup_stm32f407xx.o(.text) refers (Special) to heapauxi.o(.text) for __use_two_region_memory
    startup_stm32f407xx.o(.text) refers to system_stm32f4xx.o(i.SystemInit) for SystemInit
    startup_stm32f407xx.o(.text) refers to __main.o(!!!main) for __main
    startup_stm32f407xx.o(.text) refers to startup_stm32f407xx.o(HEAP) for Heap_Mem
    startup_stm32f407xx.o(.text) refers to startup_stm32f407xx.o(STACK) for Stack_Mem
    main.o(i.HAL_UART_RxCpltCallback) refers to usart.o(.bss) for huart6
    main.o(i.HAL_UART_RxCpltCallback) refers to main.o(.bss) for .bss
    main.o(i.HAL_UART_RxCpltCallback) refers to main.o(.data) for .data
    main.o(i.SystemClock_Config) refers to rt_memclr_w.o(.text) for __aeabi_memclr4
    main.o(i.SystemClock_Config) refers to stm32f4xx_hal_rcc.o(i.HAL_RCC_OscConfig) for HAL_RCC_OscConfig
    main.o(i.SystemClock_Config) refers to stm32f4xx_hal_rcc.o(i.HAL_RCC_ClockConfig) for HAL_RCC_ClockConfig
    main.o(i.main) refers to stm32f4xx_hal.o(i.HAL_Init) for HAL_Init
    main.o(i.main) refers to mechanicalarm_task.o(i.mechanicalarm_init) for mechanicalarm_init
    main.o(i.main) refers to remote_control_1.o(i.remote_control_init) for remote_control_init
    main.o(i.main) refers to bsp_can.o(i.can_start) for can_start
    main.o(i.main) refers to main.o(i.SystemClock_Config) for SystemClock_Config
    main.o(i.main) refers to gpio.o(i.MX_GPIO_Init) for MX_GPIO_Init
    main.o(i.main) refers to dma.o(i.MX_DMA_Init) for MX_DMA_Init
    main.o(i.main) refers to can.o(i.MX_CAN1_Init) for MX_CAN1_Init
    main.o(i.main) refers to usart.o(i.MX_USART3_UART_Init) for MX_USART3_UART_Init
    main.o(i.main) refers to usart.o(i.MX_USART1_UART_Init) for MX_USART1_UART_Init
    main.o(i.main) refers to can.o(i.MX_CAN2_Init) for MX_CAN2_Init
    main.o(i.main) refers to usart.o(i.MX_USART6_UART_Init) for MX_USART6_UART_Init
    main.o(i.main) refers to tim.o(i.MX_TIM6_Init) for MX_TIM6_Init
    main.o(i.main) refers to tim.o(i.MX_TIM4_Init) for MX_TIM4_Init
    main.o(i.main) refers to tim.o(i.MX_TIM5_Init) for MX_TIM5_Init
    main.o(i.main) refers to stm32f4xx_hal_uart.o(i.HAL_UART_Receive_IT) for HAL_UART_Receive_IT
    main.o(i.main) refers to stm32f4xx_hal_uart.o(i.HAL_UART_Receive) for HAL_UART_Receive
    main.o(i.main) refers to mechanicalarm_task.o(i.encoder_to_damiao) for encoder_to_damiao
    main.o(i.main) refers to mechanicalarm_task.o(i.mechanicalarm_task) for mechanicalarm_task
[...]
    fastmathfunctions.o(i.arm_divide_q31) refers to llsshr.o(.text) for __aeabi_lasr
    fastmathfunctions.o(i.arm_sin_f32) refers to commontables.o(.constdata) for sinTable_f32
    fastmathfunctions.o(i.arm_sin_q15) refers to commontables.o(.constdata) for sinTable_q15
    fastmathfunctions.o(i.arm_sin_q31) refers to commontables.o(.constdata) for sinTable_q31
    fastmathfunctions.o(i.arm_sqrt_q15) refers to commontables.o(.constdata) for sqrt_initial_lut_q15
    fastmathfunctions.o(i.arm_sqrt_q31) refers to commontables.o(.constdata) for sqrt_initial_lut_q31
    fastmathfunctions.o(i.arm_vexp_f32) refers to expf.o(i.__hardfp_expf) for __hardfp_expf
    fastmathfunctions.o(i.arm_vexp_f64) refers to exp.o(i.__hardfp_exp) for __hardfp_exp
    fastmathfunctions.o(i.arm_vlog_f32) refers to logf.o(i.__hardfp_logf) for __hardfp_logf
    fastmathfunctions.o(i.arm_vlog_f64) refers to log.o(i.__hardfp_log) for __hardfp_log
    filteringfunctions.o(i.arm_biquad_cas_df1_32x64_init_q31) refers to rt_memclr_w.o(.text) for __aeabi_memclr4
    filteringfunctions.o(i.arm_biquad_cas_df1_32x64_q31) refers to llshl.o(.text) for __aeabi_llsl
    filteringfunctions.o(i.arm_biquad_cascade_df1_init_f32) refers to rt_memclr_w.o(.text) for __aeabi_memclr4
    filteringfunctions.o(i.arm_biquad_cascade_df1_init_q15) refers to rt_memclr.o(.text) for __aeabi_memclr
    filteringfunctions.o(i.arm_biquad_cascade_df1_init_q31) refers to rt_memclr_w.o(.text) for __aeabi_memclr4
    filteringfunctions.o(i.arm_biquad_cascade_df1_q31) refers to llsshr.o(.text) for __aeabi_lasr
    filteringfunctions.o(i.arm_biquad_cascade_df2T_f64) refers to dmul.o(x$fpl$dmul) for __aeabi_dmul
    filteringfunctions.o(i.arm_biquad_cascade_df2T_f64) refers to daddsub_clz.o(x$fpl$dadd) for __aeabi_dadd
    filteringfunctions.o(i.arm_biquad_cascade_df2T_init_f32) refers to rt_memclr_w.o(.text) for __aeabi_memclr4
    filteringfunctions.o(i.arm_biquad_cascade_df2T_init_f64) refers to rt_memclr_w.o(.text) for __aeabi_memclr4
    filteringfunctions.o(i.arm_biquad_cascade_stereo_df2T_init_f32) refers to rt_memclr_w.o(.text) for __aeabi_memclr4
    filteringfunctions.o(i.arm_conv_fast_opt_q15) refers to supportfunctions.o(i.arm_fill_q15) for arm_fill_q15
    filteringfunctions.o(i.arm_conv_fast_opt_q15) refers to supportfunctions.o(i.arm_copy_q15) for arm_copy_q15
    filteringfunctions.o(i.arm_conv_opt_q15) refers to supportfunctions.o(i.arm_fill_q15) for arm_fill_q15
    filteringfunctions.o(i.arm_conv_opt_q15) refers to supportfunctions.o(i.arm_copy_q15) for arm_copy_q15
    filteringfunctions.o(i.arm_conv_opt_q7) refers to supportfunctions.o(i.arm_fill_q15) for arm_fill_q15
    filteringfunctions.o(i.arm_conv_partial_fast_opt_q15) refers to supportfunctions.o(i.arm_fill_q15) for arm_fill_q15
    filteringfunctions.o(i.arm_conv_partial_fast_opt_q15) refers to supportfunctions.o(i.arm_copy_q15) for arm_copy_q15
    filteringfunctions.o(i.arm_conv_partial_opt_q15) refers to supportfunctions.o(i.arm_fill_q15) for arm_fill_q15
    filteringfunctions.o(i.arm_conv_partial_opt_q15) refers to supportfunctions.o(i.arm_copy_q15) for arm_copy_q15
    filteringfunctions.o(i.arm_conv_partial_opt_q7) refers to supportfunctions.o(i.arm_fill_q15) for arm_fill_q15
    filteringfunctions.o(i.arm_correlate_f64) refers to dmul.o(x$fpl$dmul) for __aeabi_dmul
    filteringfunctions.o(i.arm_correlate_f64) refers to daddsub_clz.o(x$fpl$dadd) for __aeabi_dadd
    filteringfunctions.o(i.arm_correlate_fast_opt_q15) refers to supportfunctions.o(i.arm_fill_q15) for arm_fill_q15
    filteringfunctions.o(i.arm_correlate_fast_opt_q15) refers to supportfunctions.o(i.arm_copy_q15) for arm_copy_q15
    filteringfunctions.o(i.arm_correlate_opt_q15) refers to supportfunctions.o(i.arm_fill_q15) for arm_fill_q15
    filteringfunctions.o(i.arm_correlate_opt_q15) refers to supportfunctions.o(i.arm_copy_q15) for arm_copy_q15
    filteringfunctions.o(i.arm_correlate_opt_q7) refers to supportfunctions.o(i.arm_fill_q15) for arm_fill_q15
    filteringfunctions.o(i.arm_fir_decimate_init_f32) refers to rt_memclr_w.o(.text) for __aeabi_memclr4
    filteringfunctions.o(i.arm_fir_decimate_init_q15) refers to rt_memclr.o(.text) for __aeabi_memclr
    filteringfunctions.o(i.arm_fir_decimate_init_q31) refers to rt_memclr_w.o(.text) for __aeabi_memclr4
    filteringfunctions.o(i.arm_fir_f64) refers to dmul.o(x$fpl$dmul) for __aeabi_dmul
    filteringfunctions.o(i.arm_fir_f64) refers to daddsub_clz.o(x$fpl$dadd) for __aeabi_dadd
    filteringfunctions.o(i.arm_fir_init_f32) refers to rt_memclr_w.o(.text) for __aeabi_memclr4
    filteringfunctions.o(i.arm_fir_init_f64) refers to rt_memclr_w.o(.text) for __aeabi_memclr4
    filteringfunctions.o(i.arm_fir_init_q15) refers to rt_memclr.o(.text) for __aeabi_memclr
    filteringfunctions.o(i.arm_fir_init_q31) refers to rt_memclr_w.o(.text) for __aeabi_memclr4
    filteringfunctions.o(i.arm_fir_init_q7) refers to rt_memclr.o(.text) for __aeabi_memclr
    filteringfunctions.o(i.arm_fir_interpolate_init_f32) refers to rt_memclr_w.o(.text) for __aeabi_memclr4
    filteringfunctions.o(i.arm_fir_interpolate_init_q15) refers to rt_memclr.o(.text) for __aeabi_memclr
    filteringfunctions.o(i.arm_fir_interpolate_init_q31) refers to rt_memclr_w.o(.text) for __aeabi_memclr4
    filteringfunctions.o(i.arm_fir_lattice_init_f32) refers to rt_memclr_w.o(.text) for __aeabi_memclr4
    filteringfunctions.o(i.arm_fir_lattice_init_q15) refers to rt_memclr.o(.text) for __aeabi_memclr
    filteringfunctions.o(i.arm_fir_lattice_init_q31) refers to rt_memclr_w.o(.text) for __aeabi_memclr4
    filteringfunctions.o(i.arm_fir_sparse_init_f32) refers to rt_memclr_w.o(.text) for __aeabi_memclr4
    filteringfunctions.o(i.arm_fir_sparse_init_q15) refers to rt_memclr.o(.text) for __aeabi_memclr
    filteringfunctions.o(i.arm_fir_sparse_init_q31) refers to rt_memclr_w.o(.text) for __aeabi_memclr4
    filteringfunctions.o(i.arm_fir_sparse_init_q7) refers to rt_memclr.o(.text) for __aeabi_memclr
    filteringfunctions.o(i.arm_iir_lattice_init_f32) refers to rt_memclr_w.o(.text) for __aeabi_memclr4
    filteringfunctions.o(i.arm_iir_lattice_init_q15) refers to rt_memclr.o(.text) for __aeabi_memclr
    filteringfunctions.o(i.arm_iir_lattice_init_q31) refers to rt_memclr_w.o(.text) for __aeabi_memclr4
    filteringfunctions.o(i.arm_levinson_durbin_q31) refers to fastmathfunctions.o(i.arm_divide_q15) for arm_divide_q15
    filteringfunctions.o(i.arm_lms_init_f32) refers to rt_memclr_w.o(.text) for __aeabi_memclr4
    filteringfunctions.o(i.arm_lms_init_q15) refers to rt_memclr.o(.text) for __aeabi_memclr
    filteringfunctions.o(i.arm_lms_init_q31) refers to rt_memclr_w.o(.text) for __aeabi_memclr4
    filteringfunctions.o(i.arm_lms_norm_init_f32) refers to rt_memclr_w.o(.text) for __aeabi_memclr4
    filteringfunctions.o(i.arm_lms_norm_init_q15) refers to rt_memclr.o(.text) for __aeabi_memclr
    filteringfunctions.o(i.arm_lms_norm_init_q15) refers to commontables.o(.constdata) for armRecipTableQ15
    filteringfunctions.o(i.arm_lms_norm_init_q31) refers to rt_memclr_w.o(.text) for __aeabi_memclr4
    filteringfunctions.o(i.arm_lms_norm_init_q31) refers to commontables.o(.constdata) for armRecipTableQ31
    filteringfunctions.o(i.arm_lms_norm_q31) refers to llsshr.o(.text) for __aeabi_lasr
    matrixfunctions.o(i.arm_mat_cholesky_f32) refers to sqrtf.o(i.__hardfp_sqrtf) for __hardfp_sqrtf
    matrixfunctions.o(i.arm_mat_cholesky_f64) refers to dmul.o(x$fpl$dmul) for __aeabi_dmul
    matrixfunctions.o(i.arm_mat_cholesky_f64) refers to daddsub_clz.o(x$fpl$drsb) for __aeabi_drsub
    matrixfunctions.o(i.arm_mat_cholesky_f64) refers to dleqf.o(x$fpl$dleqf) for __aeabi_cdcmple
    matrixfunctions.o(i.arm_mat_cholesky_f64) refers to sqrt.o(i.__hardfp_sqrt) for __hardfp_sqrt
    matrixfunctions.o(i.arm_mat_cholesky_f64) refers to ddiv.o(x$fpl$ddiv) for __aeabi_ddiv
    matrixfunctions.o(i.arm_mat_inverse_f64) refers to deqf.o(x$fpl$deqf) for __aeabi_cdcmpeq
    matrixfunctions.o(i.arm_mat_inverse_f64) refers to ddiv.o(x$fpl$ddiv) for __aeabi_ddiv
    matrixfunctions.o(i.arm_mat_inverse_f64) refers to dmul.o(x$fpl$dmul) for __aeabi_dmul
    matrixfunctions.o(i.arm_mat_inverse_f64) refers to daddsub_clz.o(x$fpl$drsb) for __aeabi_drsub
    matrixfunctions.o(i.arm_mat_ldlt_f32) refers to rt_memclr_w.o(.text) for __aeabi_memclr4
    matrixfunctions.o(i.arm_mat_ldlt_f32) refers to rt_memcpy_w.o(.text) for __aeabi_memcpy4
    matrixfunctions.o(i.arm_mat_ldlt_f64) refers to rt_memclr_w.o(.text) for __aeabi_memclr4
    matrixfunctions.o(i.arm_mat_ldlt_f64) refers to rt_memcpy_w.o(.text) for __aeabi_memcpy4
    matrixfunctions.o(i.arm_mat_ldlt_f64) refers to drleqf.o(x$fpl$drleqf) for __aeabi_cdrcmple
    matrixfunctions.o(i.arm_mat_ldlt_f64) refers to fabs.o(i.__hardfp_fabs) for __hardfp_fabs
    matrixfunctions.o(i.arm_mat_ldlt_f64) refers to dleqf.o(x$fpl$dleqf) for __aeabi_cdcmple
    matrixfunctions.o(i.arm_mat_ldlt_f64) refers to dmul.o(x$fpl$dmul) for __aeabi_dmul
    matrixfunctions.o(i.arm_mat_ldlt_f64) refers to ddiv.o(x$fpl$ddiv) for __aeabi_ddiv
    matrixfunctions.o(i.arm_mat_ldlt_f64) refers to daddsub_clz.o(x$fpl$drsb) for __aeabi_drsub
    matrixfunctions.o(i.arm_mat_mult_f64) refers to dmul.o(x$fpl$dmul) for __aeabi_dmul
    matrixfunctions.o(i.arm_mat_mult_f64) refers to daddsub_clz.o(x$fpl$dadd) for __aeabi_dadd
    matrixfunctions.o(i.arm_mat_mult_q15) refers to matrixfunctions.o(i.arm_mat_trans_q15) for arm_mat_trans_q15
    matrixfunctions.o(i.arm_mat_solve_lower_triangular_f64) refers to dmul.o(x$fpl$dmul) for __aeabi_dmul
    matrixfunctions.o(i.arm_mat_solve_lower_triangular_f64) refers to daddsub_clz.o(x$fpl$drsb) for __aeabi_drsub
    matrixfunctions.o(i.arm_mat_solve_lower_triangular_f64) refers to deqf.o(x$fpl$deqf) for __aeabi_cdcmpeq
    matrixfunctions.o(i.arm_mat_solve_lower_triangular_f64) refers to ddiv.o(x$fpl$ddiv) for __aeabi_ddiv
    matrixfunctions.o(i.arm_mat_solve_upper_triangular_f64) refers to dmul.o(x$fpl$dmul) for __aeabi_dmul
    matrixfunctions.o(i.arm_mat_solve_upper_triangular_f64) refers to daddsub_clz.o(x$fpl$drsb) for __aeabi_drsub
    matrixfunctions.o(i.arm_mat_solve_upper_triangular_f64) refers to deqf.o(x$fpl$deqf) for __aeabi_cdcmpeq
    matrixfunctions.o(i.arm_mat_solve_upper_triangular_f64) refers to ddiv.o(x$fpl$ddiv) for __aeabi_ddiv
    matrixfunctions.o(i.arm_mat_sub_f64) refers to daddsub_clz.o(x$fpl$dsub) for __aeabi_dsub
    quaternionmathfunctions.o(i.arm_quaternion_norm_f32) refers to sqrtf.o(i.__hardfp_sqrtf) for __hardfp_sqrtf
    quaternionmathfunctions.o(i.arm_quaternion_normalize_f32) refers to sqrtf.o(i.__hardfp_sqrtf) for __hardfp_sqrtf
    quaternionmathfunctions.o(i.arm_quaternion_product_f32) refers to quaternionmathfunctions.o(i.arm_quaternion_product_single_f32) for arm_quaternion_product_single_f32
    quaternionmathfunctions.o(i.arm_rotation2quaternion_f32) refers to sqrtf.o(i.__hardfp_sqrtf) for __hardfp_sqrtf
    svmfunctions.o(i.arm_svm_rbf_predict_f32) refers to expf.o(i.__hardfp_expf) for __hardfp_expf
    svmfunctions.o(i.arm_svm_sigmoid_predict_f32) refers to tanhf.o(i.__hardfp_tanhf) for __hardfp_tanhf
    statisticsfunctions.o(i.arm_absmax_f64) refers to fabs.o(i.__hardfp_fabs) for __hardfp_fabs
    statisticsfunctions.o(i.arm_absmax_f64) refers to dleqf.o(x$fpl$dleqf) for __aeabi_cdcmple
    statisticsfunctions.o(i.arm_absmax_no_idx_f64) refers to fabs.o(i.__hardfp_fabs) for __hardfp_fabs
    statisticsfunctions.o(i.arm_absmax_no_idx_f64) refers to dleqf.o(x$fpl$dleqf) for __aeabi_cdcmple
    statisticsfunctions.o(i.arm_absmin_f64) refers to fabs.o(i.__hardfp_fabs) for __hardfp_fabs
    statisticsfunctions.o(i.arm_absmin_f64) refers to drleqf.o(x$fpl$drleqf) for __aeabi_cdrcmple
    statisticsfunctions.o(i.arm_absmin_no_idx_f64) refers to fabs.o(i.__hardfp_fabs) for __hardfp_fabs
    statisticsfunctions.o(i.arm_absmin_no_idx_f64) refers to drleqf.o(x$fpl$drleqf) for __aeabi_cdrcmple
    statisticsfunctions.o(i.arm_entropy_f32) refers to logf.o(i.__hardfp_logf) for __hardfp_logf
    statisticsfunctions.o(i.arm_entropy_f64) refers to log.o(i.__hardfp_log) for __hardfp_log
    statisticsfunctions.o(i.arm_entropy_f64) refers to dmul.o(x$fpl$dmul) for __aeabi_dmul
    statisticsfunctions.o(i.arm_entropy_f64) refers to daddsub_clz.o(x$fpl$dadd) for __aeabi_dadd
    statisticsfunctions.o(i.arm_entropy_f64) refers to basic.o(x$fpl$basic) for __aeabi_dneg
    statisticsfunctions.o(i.arm_kullback_leibler_f32) refers to logf.o(i.__hardfp_logf) for __hardfp_logf
    statisticsfunctions.o(i.arm_kullback_leibler_f64) refers to ddiv.o(x$fpl$ddiv) for __aeabi_ddiv
    statisticsfunctions.o(i.arm_kullback_leibler_f64) refers to log.o(i.__hardfp_log) for __hardfp_log
    statisticsfunctions.o(i.arm_kullback_leibler_f64) refers to dmul.o(x$fpl$dmul) for __aeabi_dmul
    statisticsfunctions.o(i.arm_kullback_leibler_f64) refers to daddsub_clz.o(x$fpl$dadd) for __aeabi_dadd
    statisticsfunctions.o(i.arm_kullback_leibler_f64) refers to basic.o(x$fpl$basic) for __aeabi_dneg
    statisticsfunctions.o(i.arm_logsumexp_dot_prod_f32) refers to basicmathfunctions.o(i.arm_add_f32) for arm_add_f32
    statisticsfunctions.o(i.arm_logsumexp_dot_prod_f32) refers to statisticsfunctions.o(i.arm_logsumexp_f32) for arm_logsumexp_f32
    statisticsfunctions.o(i.arm_logsumexp_f32) refers to expf.o(i.__hardfp_expf) for __hardfp_expf
    statisticsfunctions.o(i.arm_logsumexp_f32) refers to logf.o(i.__hardfp_logf) for __hardfp_logf
    statisticsfunctions.o(i.arm_max_f64) refers to dleqf.o(x$fpl$dleqf) for __aeabi_cdcmple
    statisticsfunctions.o(i.arm_max_no_idx_f64) refers to dleqf.o(x$fpl$dleqf) for __aeabi_cdcmple
    statisticsfunctions.o(i.arm_mean_f64) refers to daddsub_clz.o(x$fpl$dadd) for __aeabi_dadd
    statisticsfunctions.o(i.arm_mean_f64) refers to dflt_clz.o(x$fpl$dfltu) for __aeabi_ui2d
    statisticsfunctions.o(i.arm_mean_f64) refers to ddiv.o(x$fpl$ddiv) for __aeabi_ddiv
    statisticsfunctions.o(i.arm_mean_q31) refers to llsdiv.o(.text) for __aeabi_ldivmod
    statisticsfunctions.o(i.arm_min_f64) refers to drleqf.o(x$fpl$drleqf) for __aeabi_cdrcmple
    statisticsfunctions.o(i.arm_min_no_idx_f64) refers to drleqf.o(x$fpl$drleqf) for __aeabi_cdrcmple
    statisticsfunctions.o(i.arm_mse_f64) refers to daddsub_clz.o(x$fpl$dsub) for __aeabi_dsub
    statisticsfunctions.o(i.arm_mse_f64) refers to dmul.o(x$fpl$dmul) for __aeabi_dmul
    statisticsfunctions.o(i.arm_mse_f64) refers to daddsub_clz.o(x$fpl$dadd) for __aeabi_dadd
    statisticsfunctions.o(i.arm_mse_f64) refers to dflt_clz.o(x$fpl$dfltu) for __aeabi_ui2d
    statisticsfunctions.o(i.arm_mse_f64) refers to ddiv.o(x$fpl$ddiv) for __aeabi_ddiv
    statisticsfunctions.o(i.arm_mse_q15) refers to llsdiv.o(.text) for __aeabi_ldivmod
    statisticsfunctions.o(i.arm_mse_q31) refers to llsdiv.o(.text) for __aeabi_ldivmod
    statisticsfunctions.o(i.arm_power_f64) refers to dmul.o(x$fpl$dmul) for __aeabi_dmul
    statisticsfunctions.o(i.arm_power_f64) refers to daddsub_clz.o(x$fpl$dadd) for __aeabi_dadd
    statisticsfunctions.o(i.arm_rms_q15) refers to llsdiv.o(.text) for __aeabi_ldivmod
    statisticsfunctions.o(i.arm_rms_q15) refers to fastmathfunctions.o(i.arm_sqrt_q15) for arm_sqrt_q15
    statisticsfunctions.o(i.arm_rms_q31) refers to lludivv7m.o(.text) for __aeabi_uldivmod
    statisticsfunctions.o(i.arm_rms_q31) refers to fastmathfunctions.o(i.arm_sqrt_q31) for arm_sqrt_q31
    statisticsfunctions.o(i.arm_std_f32) refers to statisticsfunctions.o(i.arm_var_f32) for arm_var_f32
    statisticsfunctions.o(i.arm_std_f64) refers to statisticsfunctions.o(i.arm_var_f64) for arm_var_f64
    statisticsfunctions.o(i.arm_std_f64) refers to sqrt.o(i.__hardfp_sqrt) for __hardfp_sqrt
    statisticsfunctions.o(i.arm_std_q15) refers to llsdiv.o(.text) for __aeabi_ldivmod
    statisticsfunctions.o(i.arm_std_q15) refers to fastmathfunctions.o(i.arm_sqrt_q15) for arm_sqrt_q15
    statisticsfunctions.o(i.arm_std_q31) refers to llsdiv.o(.text) for __aeabi_ldivmod
    statisticsfunctions.o(i.arm_std_q31) refers to fastmathfunctions.o(i.arm_sqrt_q31) for arm_sqrt_q31
    statisticsfunctions.o(i.arm_var_f64) refers to daddsub_clz.o(x$fpl$dadd) for __aeabi_dadd
    statisticsfunctions.o(i.arm_var_f64) refers to dflt_clz.o(x$fpl$dfltu) for __aeabi_ui2d
    statisticsfunctions.o(i.arm_var_f64) refers to ddiv.o(x$fpl$ddiv) for __aeabi_ddiv
    statisticsfunctions.o(i.arm_var_f64) refers to daddsub_clz.o(x$fpl$dsub) for __aeabi_dsub
    statisticsfunctions.o(i.arm_var_f64) refers to dmul.o(x$fpl$dmul) for __aeabi_dmul
    statisticsfunctions.o(i.arm_var_q15) refers to llsdiv.o(.text) for __aeabi_ldivmod
    statisticsfunctions.o(i.arm_var_q31) refers to llsdiv.o(.text) for __aeabi_ldivmod
    supportfunctions.o(i.arm_bitonic_sort_f32) refers to rt_memcpy_w.o(.text) for __aeabi_memcpy4
    supportfunctions.o(i.arm_bitonic_sort_f32) refers to supportfunctions.o(i.arm_bitonic_sort_core_f32) for arm_bitonic_sort_core_f32
    supportfunctions.o(i.arm_bubble_sort_f32) refers to rt_memcpy_w.o(.text) for __aeabi_memcpy4
    supportfunctions.o(i.arm_float_to_q31) refers to ffixll.o(x$fpl$llsfromf) for __aeabi_f2lz
    supportfunctions.o(i.arm_heap_sort_f32) refers to rt_memcpy_w.o(.text) for __aeabi_memcpy4
    supportfunctions.o(i.arm_heap_sort_f32) refers to supportfunctions.o(i.arm_heapify) for arm_heapify
    supportfunctions.o(i.arm_insertion_sort_f32) refers to rt_memcpy_w.o(.text) for __aeabi_memcpy4
    supportfunctions.o(i.arm_merge_sort_f32) refers to rt_memcpy_w.o(.text) for __aeabi_memcpy4
    supportfunctions.o(i.arm_merge_sort_f32) refers to supportfunctions.o(i.arm_merge_sort_core_f32) for arm_merge_sort_core_f32
    supportfunctions.o(i.arm_quick_sort_f32) refers to rt_memcpy_w.o(.text) for __aeabi_memcpy4
    supportfunctions.o(i.arm_quick_sort_f32) refers to supportfunctions.o(i.arm_quick_sort_core_f32) for arm_quick_sort_core_f32
    supportfunctions.o(i.arm_selection_sort_f32) refers to rt_memcpy_w.o(.text) for __aeabi_memcpy4
    supportfunctions.o(i.arm_sort_f32) refers to supportfunctions.o(i.arm_bitonic_sort_f32) for arm_bitonic_sort_f32
    supportfunctions.o(i.arm_sort_f32) refers to supportfunctions.o(i.arm_bubble_sort_f32) for arm_bubble_sort_f32
    supportfunctions.o(i.arm_sort_f32) refers to supportfunctions.o(i.arm_heap_sort_f32) for arm_heap_sort_f32
    supportfunctions.o(i.arm_sort_f32) refers to supportfunctions.o(i.arm_insertion_sort_f32) for arm_insertion_sort_f32
    supportfunctions.o(i.arm_sort_f32) refers to supportfunctions.o(i.arm_quick_sort_f32) for arm_quick_sort_f32
    supportfunctions.o(i.arm_sort_f32) refers to supportfunctions.o(i.arm_selection_sort_f32) for arm_selection_sort_f32
    transformfunctions.o(i.arm_cfft_f32) refers to transformfunctions.o(i.arm_cfft_radix8by2_f32) for arm_cfft_radix8by2_f32
    transformfunctions.o(i.arm_cfft_f32) refers to transformfunctions.o(i.arm_cfft_radix8by4_f32) for arm_cfft_radix8by4_f32
    transformfunctions.o(i.arm_cfft_f32) refers to transformfunctions.o(i.arm_radix8_butterfly_f32) for arm_radix8_butterfly_f32
    transformfunctions.o(i.arm_cfft_f32) refers to transformfunctions.o(i.arm_bitreversal_32) for arm_bitreversal_32
    transformfunctions.o(i.arm_cfft_f64) refers to basic.o(x$fpl$basic) for __aeabi_dneg
    transformfunctions.o(i.arm_cfft_f64) refers to transformfunctions.o(i.arm_radix4_butterfly_f64) for arm_radix4_butterfly_f64
    transformfunctions.o(i.arm_cfft_f64) refers to transformfunctions.o(i.arm_cfft_radix4by2_f64) for arm_cfft_radix4by2_f64
    transformfunctions.o(i.arm_cfft_f64) refers to transformfunctions.o(i.arm_bitreversal_64) for arm_bitreversal_64
    transformfunctions.o(i.arm_cfft_f64) refers to dflt_clz.o(x$fpl$dfltu) for __aeabi_ui2d
    transformfunctions.o(i.arm_cfft_f64) refers to ddiv.o(x$fpl$ddiv) for __aeabi_ddiv
    transformfunctions.o(i.arm_cfft_f64) refers to dmul.o(x$fpl$dmul) for __aeabi_dmul
    transformfunctions.o(i.arm_cfft_init_f32) refers to commontables.o(.constdata) for arm_cfft_sR_f32_len4096
    transformfunctions.o(i.arm_cfft_init_f32) refers to commontables.o(.constdata) for arm_cfft_sR_f32_len2048
    transformfunctions.o(i.arm_cfft_init_f32) refers to commontables.o(.constdata) for arm_cfft_sR_f32_len1024
    transformfunctions.o(i.arm_cfft_init_f32) refers to commontables.o(.constdata) for arm_cfft_sR_f32_len512
    transformfunctions.o(i.arm_cfft_init_f32) refers to commontables.o(.constdata) for arm_cfft_sR_f32_len256
    transformfunctions.o(i.arm_cfft_init_f32) refers to commontables.o(.constdata) for arm_cfft_sR_f32_len128
    transformfunctions.o(i.arm_cfft_init_f32) refers to commontables.o(.constdata) for arm_cfft_sR_f32_len64
    transformfunctions.o(i.arm_cfft_init_f32) refers to commontables.o(.constdata) for arm_cfft_sR_f32_len32
    transformfunctions.o(i.arm_cfft_init_f32) refers to commontables.o(.constdata) for arm_cfft_sR_f32_len16
    transformfunctions.o(i.arm_cfft_init_f64) refers to commontables.o(.constdata) for arm_cfft_sR_f64_len4096
    transformfunctions.o(i.arm_cfft_init_f64) refers to commontables.o(.constdata) for arm_cfft_sR_f64_len2048
    transformfunctions.o(i.arm_cfft_init_f64) refers to commontables.o(.constdata) for arm_cfft_sR_f64_len1024
    transformfunctions.o(i.arm_cfft_init_f64) refers to commontables.o(.constdata) for arm_cfft_sR_f64_len512
    transformfunctions.o(i.arm_cfft_init_f64) refers to commontables.o(.constdata) for arm_cfft_sR_f64_len256
    transformfunctions.o(i.arm_cfft_init_f64) refers to commontables.o(.constdata) for arm_cfft_sR_f64_len128
    transformfunctions.o(i.arm_cfft_init_f64) refers to commontables.o(.constdata) for arm_cfft_sR_f64_len64
    transformfunctions.o(i.arm_cfft_init_f64) refers to commontables.o(.constdata) for arm_cfft_sR_f64_len32
    transformfunctions.o(i.arm_cfft_init_f64) refers to commontables.o(.constdata) for arm_cfft_sR_f64_len16
    transformfunctions.o(i.arm_cfft_init_q15) refers to commontables.o(.constdata) for arm_cfft_sR_q15_len4096
    transformfunctions.o(i.arm_cfft_init_q15) refers to commontables.o(.constdata) for arm_cfft_sR_q15_len2048
    transformfunctions.o(i.arm_cfft_init_q15) refers to commontables.o(.constdata) for arm_cfft_sR_q15_len1024
    transformfunctions.o(i.arm_cfft_init_q15) refers to commontables.o(.constdata) for arm_cfft_sR_q15_len512
    transformfunctions.o(i.arm_cfft_init_q15) refers to commontables.o(.constdata) for arm_cfft_sR_q15_len256
    transformfunctions.o(i.arm_cfft_init_q15) refers to commontables.o(.constdata) for arm_cfft_sR_q15_len128
    transformfunctions.o(i.arm_cfft_init_q15) refers to commontables.o(.constdata) for arm_cfft_sR_q15_len64
    transformfunctions.o(i.arm_cfft_init_q15) refers to commontables.o(.constdata) for arm_cfft_sR_q15_len32
    transformfunctions.o(i.arm_cfft_init_q15) refers to commontables.o(.constdata) for arm_cfft_sR_q15_len16
    transformfunctions.o(i.arm_cfft_init_q31) refers to commontables.o(.constdata) for arm_cfft_sR_q31_len4096
    transformfunctions.o(i.arm_cfft_init_q31) refers to commontables.o(.constdata) for arm_cfft_sR_q31_len2048
    transformfunctions.o(i.arm_cfft_init_q31) refers to commontables.o(.constdata) for arm_cfft_sR_q31_len1024
    transformfunctions.o(i.arm_cfft_init_q31) refers to commontables.o(.constdata) for arm_cfft_sR_q31_len512
    transformfunctions.o(i.arm_cfft_init_q31) refers to commontables.o(.constdata) for arm_cfft_sR_q31_len256
    transformfunctions.o(i.arm_cfft_init_q31) refers to commontables.o(.constdata) for arm_cfft_sR_q31_len128
    transformfunctions.o(i.arm_cfft_init_q31) refers to commontables.o(.constdata) for arm_cfft_sR_q31_len64
    transformfunctions.o(i.arm_cfft_init_q31) refers to commontables.o(.constdata) for arm_cfft_sR_q31_len32
    transformfunctions.o(i.arm_cfft_init_q31) refers to commontables.o(.constdata) for arm_cfft_sR_q31_len16
    transformfunctions.o(i.arm_cfft_q15) refers to transformfunctions.o(i.arm_radix4_butterfly_inverse_q15) for arm_radix4_butterfly_inverse_q15
    transformfunctions.o(i.arm_cfft_q15) refers to transformfunctions.o(i.arm_cfft_radix4by2_inverse_q15) for arm_cfft_radix4by2_inverse_q15
    transformfunctions.o(i.arm_cfft_q15) refers to transformfunctions.o(i.arm_radix4_butterfly_q15) for arm_radix4_butterfly_q15
    transformfunctions.o(i.arm_cfft_q15) refers to transformfunctions.o(i.arm_cfft_radix4by2_q15) for arm_cfft_radix4by2_q15
    transformfunctions.o(i.arm_cfft_q15) refers to transformfunctions.o(i.arm_bitreversal_16) for arm_bitreversal_16
    transformfunctions.o(i.arm_cfft_q31) refers to transformfunctions.o(i.arm_radix4_butterfly_inverse_q31) for arm_radix4_butterfly_inverse_q31
    transformfunctions.o(i.arm_cfft_q31) refers to transformfunctions.o(i.arm_cfft_radix4by2_inverse_q31) for arm_cfft_radix4by2_inverse_q31
    transformfunctions.o(i.arm_cfft_q31) refers to transformfunctions.o(i.arm_radix4_butterfly_q31) for arm_radix4_butterfly_q31
    transformfunctions.o(i.arm_cfft_q31) refers to transformfunctions.o(i.arm_cfft_radix4by2_q31) for arm_cfft_radix4by2_q31
    transformfunctions.o(i.arm_cfft_q31) refers to transformfunctions.o(i.arm_bitreversal_32) for arm_bitreversal_32
    transformfunctions.o(i.arm_cfft_radix2_f32) refers to transformfunctions.o(i.arm_radix2_butterfly_f32) for arm_radix2_butterfly_f32
    transformfunctions.o(i.arm_cfft_radix2_f32) refers to transformfunctions.o(i.arm_bitreversal_f32) for arm_bitreversal_f32
    transformfunctions.o(i.arm_cfft_radix2_f32) refers to transformfunctions.o(i.arm_radix2_butterfly_inverse_f32) for arm_radix2_butterfly_inverse_f32
    transformfunctions.o(i.arm_cfft_radix2_init_f32) refers to commontables.o(.constdata) for twiddleCoef_4096
    transformfunctions.o(i.arm_cfft_radix2_init_f32) refers to commontables.o(.constdata) for armBitRevTable
    transformfunctions.o(i.arm_cfft_radix2_init_q15) refers to commontables.o(.constdata) for twiddleCoef_4096_q15
    transformfunctions.o(i.arm_cfft_radix2_init_q15) refers to commontables.o(.constdata) for armBitRevTable
    transformfunctions.o(i.arm_cfft_radix2_init_q31) refers to commontables.o(.constdata) for twiddleCoef_4096_q31
    transformfunctions.o(i.arm_cfft_radix2_init_q31) refers to commontables.o(.constdata) for armBitRevTable
    transformfunctions.o(i.arm_cfft_radix2_q15) refers to transformfunctions.o(i.arm_radix2_butterfly_q15) for arm_radix2_butterfly_q15
    transformfunctions.o(i.arm_cfft_radix2_q15) refers to transformfunctions.o(i.arm_bitreversal_q15) for arm_bitreversal_q15
    transformfunctions.o(i.arm_cfft_radix2_q15) refers to transformfunctions.o(i.arm_radix2_butterfly_inverse_q15) for arm_radix2_butterfly_inverse_q15
    transformfunctions.o(i.arm_cfft_radix2_q31) refers to transformfunctions.o(i.arm_radix2_butterfly_q31) for arm_radix2_butterfly_q31
    transformfunctions.o(i.arm_cfft_radix2_q31) refers to transformfunctions.o(i.arm_bitreversal_q31) for arm_bitreversal_q31
    transformfunctions.o(i.arm_cfft_radix2_q31) refers to transformfunctions.o(i.arm_radix2_butterfly_inverse_q31) for arm_radix2_butterfly_inverse_q31
    transformfunctions.o(i.arm_cfft_radix4_f32) refers to transformfunctions.o(i.arm_radix4_butterfly_f32) for arm_radix4_butterfly_f32
    transformfunctions.o(i.arm_cfft_radix4_f32) refers to transformfunctions.o(i.arm_bitreversal_f32) for arm_bitreversal_f32
    transformfunctions.o(i.arm_cfft_radix4_f32) refers to transformfunctions.o(i.arm_radix4_butterfly_inverse_f32) for arm_radix4_butterfly_inverse_f32
    transformfunctions.o(i.arm_cfft_radix4_init_f32) refers to commontables.o(.constdata) for twiddleCoef_4096
    transformfunctions.o(i.arm_cfft_radix4_init_f32) refers to commontables.o(.constdata) for armBitRevTable
    transformfunctions.o(i.arm_cfft_radix4_init_q15) refers to commontables.o(.constdata) for twiddleCoef_4096_q15
    transformfunctions.o(i.arm_cfft_radix4_init_q15) refers to commontables.o(.constdata) for armBitRevTable
    transformfunctions.o(i.arm_cfft_radix4_init_q31) refers to commontables.o(.constdata) for twiddleCoef_4096_q31
    transformfunctions.o(i.arm_cfft_radix4_init_q31) refers to commontables.o(.constdata) for armBitRevTable
    transformfunctions.o(i.arm_cfft_radix4_q15) refers to transformfunctions.o(i.arm_radix4_butterfly_q15) for arm_radix4_butterfly_q15
    transformfunctions.o(i.arm_cfft_radix4_q15) refers to transformfunctions.o(i.arm_bitreversal_q15) for arm_bitreversal_q15
    transformfunctions.o(i.arm_cfft_radix4_q15) refers to transformfunctions.o(i.arm_radix4_butterfly_inverse_q15) for arm_radix4_butterfly_inverse_q15
    transformfunctions.o(i.arm_cfft_radix4_q31) refers to transformfunctions.o(i.arm_radix4_butterfly_q31) for arm_radix4_butterfly_q31
    transformfunctions.o(i.arm_cfft_radix4_q31) refers to transformfunctions.o(i.arm_bitreversal_q31) for arm_bitreversal_q31
    transformfunctions.o(i.arm_cfft_radix4_q31) refers to transformfunctions.o(i.arm_radix4_butterfly_inverse_q31) for arm_radix4_butterfly_inverse_q31
    transformfunctions.o(i.arm_cfft_radix4by2_f64) refers to daddsub_clz.o(x$fpl$dadd) for __aeabi_dadd
    transformfunctions.o(i.arm_cfft_radix4by2_f64) refers to daddsub_clz.o(x$fpl$dsub) for __aeabi_dsub
    transformfunctions.o(i.arm_cfft_radix4by2_f64) refers to dmul.o(x$fpl$dmul) for __aeabi_dmul
    transformfunctions.o(i.arm_cfft_radix4by2_f64) refers to transformfunctions.o(i.arm_radix4_butterfly_f64) for arm_radix4_butterfly_f64
    transformfunctions.o(i.arm_cfft_radix4by2_inverse_q15) refers to transformfunctions.o(i.arm_radix4_butterfly_inverse_q15) for arm_radix4_butterfly_inverse_q15
    transformfunctions.o(i.arm_cfft_radix4by2_inverse_q31) refers to transformfunctions.o(i.arm_radix4_butterfly_inverse_q31) for arm_radix4_butterfly_inverse_q31
    transformfunctions.o(i.arm_cfft_radix4by2_q15) refers to transformfunctions.o(i.arm_radix4_butterfly_q15) for arm_radix4_butterfly_q15
    transformfunctions.o(i.arm_cfft_radix4by2_q31) refers to transformfunctions.o(i.arm_radix4_butterfly_q31) for arm_radix4_butterfly_q31
    transformfunctions.o(i.arm_cfft_radix8by2_f32) refers to transformfunctions.o(i.arm_radix8_butterfly_f32) for arm_radix8_butterfly_f32
    transformfunctions.o(i.arm_cfft_radix8by4_f32) refers to transformfunctions.o(i.arm_radix8_butterfly_f32) for arm_radix8_butterfly_f32
    transformfunctions.o(i.arm_dct4_f32) refers to basicmathfunctions.o(i.arm_scale_f32) for arm_scale_f32
    transformfunctions.o(i.arm_dct4_f32) refers to basicmathfunctions.o(i.arm_mult_f32) for arm_mult_f32
    transformfunctions.o(i.arm_dct4_f32) refers to transformfunctions.o(i.arm_rfft_f32) for arm_rfft_f32
    transformfunctions.o(i.arm_dct4_f32) refers to complexmathfunctions.o(i.arm_cmplx_mult_cmplx_f32) for arm_cmplx_mult_cmplx_f32
    transformfunctions.o(i.arm_dct4_init_f32) refers to transformfunctions.o(i.arm_rfft_init_f32) for arm_rfft_init_f32
    transformfunctions.o(i.arm_dct4_init_f32) refers to commontables.o(.constdata) for Weights_8192
    transformfunctions.o(i.arm_dct4_init_f32) refers to commontables.o(.constdata) for cos_factors_8192
    transformfunctions.o(i.arm_dct4_init_f32) refers to commontables.o(.constdata) for Weights_2048
    transformfunctions.o(i.arm_dct4_init_f32) refers to commontables.o(.constdata) for cos_factors_2048
    transformfunctions.o(i.arm_dct4_init_f32) refers to commontables.o(.constdata) for Weights_512
    transformfunctions.o(i.arm_dct4_init_f32) refers to commontables.o(.constdata) for cos_factors_512
    transformfunctions.o(i.arm_dct4_init_f32) refers to commontables.o(.constdata) for Weights_128
    transformfunctions.o(i.arm_dct4_init_f32) refers to commontables.o(.constdata) for cos_factors_128
    transformfunctions.o(i.arm_dct4_init_q15) refers to transformfunctions.o(i.arm_rfft_init_q15) for arm_rfft_init_q15
    transformfunctions.o(i.arm_dct4_init_q15) refers to commontables.o(.constdata) for WeightsQ15_8192
    transformfunctions.o(i.arm_dct4_init_q15) refers to commontables.o(.constdata) for cos_factorsQ15_8192
    transformfunctions.o(i.arm_dct4_init_q15) refers to commontables.o(.constdata) for WeightsQ15_2048
    transformfunctions.o(i.arm_dct4_init_q15) refers to commontables.o(.constdata) for cos_factorsQ15_2048
    transformfunctions.o(i.arm_dct4_init_q15) refers to commontables.o(.constdata) for WeightsQ15_512
    transformfunctions.o(i.arm_dct4_init_q15) refers to commontables.o(.constdata) for cos_factorsQ15_512
    transformfunctions.o(i.arm_dct4_init_q15) refers to commontables.o(.constdata) for WeightsQ15_128
    transformfunctions.o(i.arm_dct4_init_q15) refers to commontables.o(.constdata) for cos_factorsQ15_128
    transformfunctions.o(i.arm_dct4_init_q31) refers to transformfunctions.o(i.arm_rfft_init_q31) for arm_rfft_init_q31
    transformfunctions.o(i.arm_dct4_init_q31) refers to commontables.o(.constdata) for WeightsQ31_8192
    transformfunctions.o(i.arm_dct4_init_q31) refers to commontables.o(.constdata) for cos_factorsQ31_8192
    transformfunctions.o(i.arm_dct4_init_q31) refers to commontables.o(.constdata) for WeightsQ31_2048
    transformfunctions.o(i.arm_dct4_init_q31) refers to commontables.o(.constdata) for cos_factorsQ31_2048
    transformfunctions.o(i.arm_dct4_init_q31) refers to commontables.o(.constdata) for WeightsQ31_512
    transformfunctions.o(i.arm_dct4_init_q31) refers to commontables.o(.constdata) for cos_factorsQ31_512
    transformfunctions.o(i.arm_dct4_init_q31) refers to commontables.o(.constdata) for WeightsQ31_128
    transformfunctions.o(i.arm_dct4_init_q31) refers to commontables.o(.constdata) for cos_factorsQ31_128
    transformfunctions.o(i.arm_dct4_q15) refers to basicmathfunctions.o(i.arm_mult_q15) for arm_mult_q15
    transformfunctions.o(i.arm_dct4_q15) refers to basicmathfunctions.o(i.arm_shift_q15) for arm_shift_q15
    transformfunctions.o(i.arm_dct4_q15) refers to transformfunctions.o(i.arm_rfft_q15) for arm_rfft_q15
    transformfunctions.o(i.arm_dct4_q15) refers to complexmathfunctions.o(i.arm_cmplx_mult_cmplx_q15) for arm_cmplx_mult_cmplx_q15
    transformfunctions.o(i.arm_dct4_q31) refers to basicmathfunctions.o(i.arm_mult_q31) for arm_mult_q31
    transformfunctions.o(i.arm_dct4_q31) refers to basicmathfunctions.o(i.arm_shift_q31) for arm_shift_q31
    transformfunctions.o(i.arm_dct4_q31) refers to transformfunctions.o(i.arm_rfft_q31) for arm_rfft_q31
    transformfunctions.o(i.arm_dct4_q31) refers to complexmathfunctions.o(i.arm_cmplx_mult_cmplx_q31) for arm_cmplx_mult_cmplx_q31
    transformfunctions.o(i.arm_mfcc_f32) refers to statisticsfunctions.o(i.arm_absmax_f32) for arm_absmax_f32
    transformfunctions.o(i.arm_mfcc_f32) refers to basicmathfunctions.o(i.arm_scale_f32) for arm_scale_f32
    transformfunctions.o(i.arm_mfcc_f32) refers to basicmathfunctions.o(i.arm_mult_f32) for arm_mult_f32
    transformfunctions.o(i.arm_mfcc_f32) refers to transformfunctions.o(i.arm_rfft_fast_f32) for arm_rfft_fast_f32
    transformfunctions.o(i.arm_mfcc_f32) refers to complexmathfunctions.o(i.arm_cmplx_mag_f32) for arm_cmplx_mag_f32
    transformfunctions.o(i.arm_mfcc_f32) refers to basicmathfunctions.o(i.arm_dot_prod_f32) for arm_dot_prod_f32
    transformfunctions.o(i.arm_mfcc_f32) refers to basicmathfunctions.o(i.arm_offset_f32) for arm_offset_f32
    transformfunctions.o(i.arm_mfcc_f32) refers to fastmathfunctions.o(i.arm_vlog_f32) for arm_vlog_f32
    transformfunctions.o(i.arm_mfcc_f32) refers to matrixfunctions.o(i.arm_mat_vec_mult_f32) for arm_mat_vec_mult_f32
    transformfunctions.o(i.arm_mfcc_init_f32) refers to transformfunctions.o(i.arm_rfft_fast_init_f32) for arm_rfft_fast_init_f32
    transformfunctions.o(i.arm_mfcc_init_q15) refers to transformfunctions.o(i.arm_rfft_init_q15) for arm_rfft_init_q15
    transformfunctions.o(i.arm_mfcc_init_q31) refers to transformfunctions.o(i.arm_rfft_init_q31) for arm_rfft_init_q31
    transformfunctions.o(i.arm_mfcc_q15) refers to statisticsfunctions.o(i.arm_absmax_q15) for arm_absmax_q15
    transformfunctions.o(i.arm_mfcc_q15) refers to fastmathfunctions.o(i.arm_divide_q15) for arm_divide_q15
    transformfunctions.o(i.arm_mfcc_q15) refers to basicmathfunctions.o(i.arm_scale_q15) for arm_scale_q15
    transformfunctions.o(i.arm_mfcc_q15) refers to basicmathfunctions.o(i.arm_mult_q15) for arm_mult_q15
    transformfunctions.o(i.arm_mfcc_q15) refers to transformfunctions.o(i.arm_rfft_q15) for arm_rfft_q15
    transformfunctions.o(i.arm_mfcc_q15) refers to complexmathfunctions.o(i.arm_cmplx_mag_q15) for arm_cmplx_mag_q15
    transformfunctions.o(i.arm_mfcc_q15) refers to basicmathfunctions.o(i.arm_dot_prod_q15) for arm_dot_prod_q15
    transformfunctions.o(i.arm_mfcc_q15) refers to fastmathfunctions.o(i.arm_vlog_q31) for arm_vlog_q31
    transformfunctions.o(i.arm_mfcc_q15) refers to basicmathfunctions.o(i.arm_offset_q31) for arm_offset_q31
    transformfunctions.o(i.arm_mfcc_q15) refers to basicmathfunctions.o(i.arm_shift_q31) for arm_shift_q31
    transformfunctions.o(i.arm_mfcc_q15) refers to matrixfunctions.o(i.arm_mat_vec_mult_q15) for arm_mat_vec_mult_q15
    transformfunctions.o(i.arm_mfcc_q31) refers to statisticsfunctions.o(i.arm_absmax_q31) for arm_absmax_q31
    transformfunctions.o(i.arm_mfcc_q31) refers to fastmathfunctions.o(i.arm_divide_q31) for arm_divide_q31
    transformfunctions.o(i.arm_mfcc_q31) refers to basicmathfunctions.o(i.arm_scale_q31) for arm_scale_q31
    transformfunctions.o(i.arm_mfcc_q31) refers to basicmathfunctions.o(i.arm_mult_q31) for arm_mult_q31
    transformfunctions.o(i.arm_mfcc_q31) refers to transformfunctions.o(i.arm_rfft_q31) for arm_rfft_q31
    transformfunctions.o(i.arm_mfcc_q31) refers to complexmathfunctions.o(i.arm_cmplx_mag_q31) for arm_cmplx_mag_q31
    transformfunctions.o(i.arm_mfcc_q31) refers to basicmathfunctions.o(i.arm_dot_prod_q31) for arm_dot_prod_q31
    transformfunctions.o(i.arm_mfcc_q31) refers to fastmathfunctions.o(i.arm_vlog_q31) for arm_vlog_q31
    transformfunctions.o(i.arm_mfcc_q31) refers to basicmathfunctions.o(i.arm_offset_q31) for arm_offset_q31
    transformfunctions.o(i.arm_mfcc_q31) refers to basicmathfunctions.o(i.arm_shift_q31) for arm_shift_q31
    transformfunctions.o(i.arm_mfcc_q31) refers to matrixfunctions.o(i.arm_mat_vec_mult_q31) for arm_mat_vec_mult_q31
    transformfunctions.o(i.arm_radix4_butterfly_f64) refers to daddsub_clz.o(x$fpl$dadd) for __aeabi_dadd
    transformfunctions.o(i.arm_radix4_butterfly_f64) refers to daddsub_clz.o(x$fpl$dsub) for __aeabi_dsub
    transformfunctions.o(i.arm_radix4_butterfly_f64) refers to dmul.o(x$fpl$dmul) for __aeabi_dmul
    transformfunctions.o(i.arm_rfft_1024_fast_init_f32) refers to transformfunctions.o(i.arm_cfft_init_f32) for arm_cfft_init_f32
    transformfunctions.o(i.arm_rfft_1024_fast_init_f32) refers to commontables.o(.constdata) for twiddleCoef_rfft_1024
    transformfunctions.o(i.arm_rfft_1024_fast_init_f64) refers to commontables.o(.constdata) for armBitRevIndexTableF64_512
    transformfunctions.o(i.arm_rfft_1024_fast_init_f64) refers to commontables.o(.constdata) for twiddleCoefF64_512
    transformfunctions.o(i.arm_rfft_1024_fast_init_f64) refers to commontables.o(.constdata) for twiddleCoefF64_rfft_1024
    transformfunctions.o(i.arm_rfft_128_fast_init_f32) refers to transformfunctions.o(i.arm_cfft_init_f32) for arm_cfft_init_f32
    transformfunctions.o(i.arm_rfft_128_fast_init_f32) refers to commontables.o(.constdata) for twiddleCoef_rfft_128
    transformfunctions.o(i.arm_rfft_128_fast_init_f64) refers to commontables.o(.constdata) for armBitRevIndexTableF64_64
    transformfunctions.o(i.arm_rfft_128_fast_init_f64) refers to commontables.o(.constdata) for twiddleCoefF64_64
    transformfunctions.o(i.arm_rfft_128_fast_init_f64) refers to commontables.o(.constdata) for twiddleCoefF64_rfft_128
    transformfunctions.o(i.arm_rfft_2048_fast_init_f32) refers to transformfunctions.o(i.arm_cfft_init_f32) for arm_cfft_init_f32
    transformfunctions.o(i.arm_rfft_2048_fast_init_f32) refers to commontables.o(.constdata) for twiddleCoef_rfft_2048
    transformfunctions.o(i.arm_rfft_2048_fast_init_f64) refers to commontables.o(.constdata) for armBitRevIndexTableF64_1024
    transformfunctions.o(i.arm_rfft_2048_fast_init_f64) refers to commontables.o(.constdata) for twiddleCoefF64_1024
    transformfunctions.o(i.arm_rfft_2048_fast_init_f64) refers to commontables.o(.constdata) for twiddleCoefF64_rfft_2048
    transformfunctions.o(i.arm_rfft_256_fast_init_f32) refers to transformfunctions.o(i.arm_cfft_init_f32) for arm_cfft_init_f32
    transformfunctions.o(i.arm_rfft_256_fast_init_f32) refers to commontables.o(.constdata) for twiddleCoef_rfft_256
    transformfunctions.o(i.arm_rfft_256_fast_init_f64) refers to commontables.o(.constdata) for armBitRevIndexTableF64_128
    transformfunctions.o(i.arm_rfft_256_fast_init_f64) refers to commontables.o(.constdata) for twiddleCoefF64_128
    transformfunctions.o(i.arm_rfft_256_fast_init_f64) refers to commontables.o(.constdata) for twiddleCoefF64_rfft_256
    transformfunctions.o(i.arm_rfft_32_fast_init_f32) refers to transformfunctions.o(i.arm_cfft_init_f32) for arm_cfft_init_f32
    transformfunctions.o(i.arm_rfft_32_fast_init_f32) refers to commontables.o(.constdata) for twiddleCoef_rfft_32
    transformfunctions.o(i.arm_rfft_32_fast_init_f64) refers to commontables.o(.constdata) for armBitRevIndexTableF64_16
    transformfunctions.o(i.arm_rfft_32_fast_init_f64) refers to commontables.o(.constdata) for twiddleCoefF64_16
    transformfunctions.o(i.arm_rfft_32_fast_init_f64) refers to commontables.o(.constdata) for twiddleCoefF64_rfft_32
    transformfunctions.o(i.arm_rfft_4096_fast_init_f32) refers to transformfunctions.o(i.arm_cfft_init_f32) for arm_cfft_init_f32
    transformfunctions.o(i.arm_rfft_4096_fast_init_f32) refers to commontables.o(.constdata) for twiddleCoef_rfft_4096
    transformfunctions.o(i.arm_rfft_4096_fast_init_f64) refers to commontables.o(.constdata) for armBitRevIndexTableF64_2048
    transformfunctions.o(i.arm_rfft_4096_fast_init_f64) refers to commontables.o(.constdata) for twiddleCoefF64_2048
    transformfunctions.o(i.arm_rfft_4096_fast_init_f64) refers to commontables.o(.constdata) for twiddleCoefF64_rfft_4096
    transformfunctions.o(i.arm_rfft_512_fast_init_f32) refers to transformfunctions.o(i.arm_cfft_init_f32) for arm_cfft_init_f32
    transformfunctions.o(i.arm_rfft_512_fast_init_f32) refers to commontables.o(.constdata) for twiddleCoef_rfft_512
    transformfunctions.o(i.arm_rfft_512_fast_init_f64) refers to commontables.o(.constdata) for armBitRevIndexTableF64_256
    transformfunctions.o(i.arm_rfft_512_fast_init_f64) refers to commontables.o(.constdata) for twiddleCoefF64_256
    transformfunctions.o(i.arm_rfft_512_fast_init_f64) refers to commontables.o(.constdata) for twiddleCoefF64_rfft_512
    transformfunctions.o(i.arm_rfft_64_fast_init_f32) refers to transformfunctions.o(i.arm_cfft_init_f32) for arm_cfft_init_f32
    transformfunctions.o(i.arm_rfft_64_fast_init_f32) refers to commontables.o(.constdata) for twiddleCoef_rfft_64
    transformfunctions.o(i.arm_rfft_64_fast_init_f64) refers to commontables.o(.constdata) for armBitRevIndexTableF64_32
    transformfunctions.o(i.arm_rfft_64_fast_init_f64) refers to commontables.o(.constdata) for twiddleCoefF64_32
    transformfunctions.o(i.arm_rfft_64_fast_init_f64) refers to commontables.o(.constdata) for twiddleCoefF64_rfft_64
    transformfunctions.o(i.arm_rfft_f32) refers to transformfunctions.o(i.arm_radix4_butterfly_f32) for arm_radix4_butterfly_f32
    transformfunctions.o(i.arm_rfft_f32) refers to transformfunctions.o(i.arm_split_rifft_f32) for arm_split_rifft_f32
    transformfunctions.o(i.arm_rfft_f32) refers to transformfunctions.o(i.arm_radix4_butterfly_inverse_f32) for arm_radix4_butterfly_inverse_f32
    transformfunctions.o(i.arm_rfft_f32) refers to transformfunctions.o(i.arm_bitreversal_f32) for arm_bitreversal_f32
    transformfunctions.o(i.arm_rfft_f32) refers to transformfunctions.o(i.arm_split_rfft_f32) for arm_split_rfft_f32
    transformfunctions.o(i.arm_rfft_fast_f32) refers to transformfunctions.o(i.merge_rfft_f32) for merge_rfft_f32
    transformfunctions.o(i.arm_rfft_fast_f32) refers to transformfunctions.o(i.arm_cfft_f32) for arm_cfft_f32
    transformfunctions.o(i.arm_rfft_fast_f32) refers to transformfunctions.o(i.stage_rfft_f32) for stage_rfft_f32
    transformfunctions.o(i.arm_rfft_fast_f64) refers to transformfunctions.o(i.merge_rfft_f64) for merge_rfft_f64
    transformfunctions.o(i.arm_rfft_fast_f64) refers to transformfunctions.o(i.arm_cfft_f64) for arm_cfft_f64
    transformfunctions.o(i.arm_rfft_fast_f64) refers to transformfunctions.o(i.stage_rfft_f64) for stage_rfft_f64
    transformfunctions.o(i.arm_rfft_fast_init_f32) refers to transformfunctions.o(i.arm_rfft_4096_fast_init_f32) for arm_rfft_4096_fast_init_f32
    transformfunctions.o(i.arm_rfft_fast_init_f32) refers to transformfunctions.o(i.arm_rfft_2048_fast_init_f32) for arm_rfft_2048_fast_init_f32
    transformfunctions.o(i.arm_rfft_fast_init_f32) refers to transformfunctions.o(i.arm_rfft_1024_fast_init_f32) for arm_rfft_1024_fast_init_f32
    transformfunctions.o(i.arm_rfft_fast_init_f32) refers to transformfunctions.o(i.arm_rfft_512_fast_init_f32) for arm_rfft_512_fast_init_f32
    transformfunctions.o(i.arm_rfft_fast_init_f32) refers to transformfunctions.o(i.arm_rfft_256_fast_init_f32) for arm_rfft_256_fast_init_f32
    transformfunctions.o(i.arm_rfft_fast_init_f32) refers to transformfunctions.o(i.arm_rfft_128_fast_init_f32) for arm_rfft_128_fast_init_f32
    transformfunctions.o(i.arm_rfft_fast_init_f32) refers to transformfunctions.o(i.arm_rfft_64_fast_init_f32) for arm_rfft_64_fast_init_f32
    transformfunctions.o(i.arm_rfft_fast_init_f32) refers to transformfunctions.o(i.arm_rfft_32_fast_init_f32) for arm_rfft_32_fast_init_f32
    transformfunctions.o(i.arm_rfft_fast_init_f64) refers to transformfunctions.o(i.arm_rfft_4096_fast_init_f64) for arm_rfft_4096_fast_init_f64
    transformfunctions.o(i.arm_rfft_fast_init_f64) refers to transformfunctions.o(i.arm_rfft_2048_fast_init_f64) for arm_rfft_2048_fast_init_f64
    transformfunctions.o(i.arm_rfft_fast_init_f64) refers to transformfunctions.o(i.arm_rfft_1024_fast_init_f64) for arm_rfft_1024_fast_init_f64
    transformfunctions.o(i.arm_rfft_fast_init_f64) refers to transformfunctions.o(i.arm_rfft_512_fast_init_f64) for arm_rfft_512_fast_init_f64
    transformfunctions.o(i.arm_rfft_fast_init_f64) refers to transformfunctions.o(i.arm_rfft_256_fast_init_f64) for arm_rfft_256_fast_init_f64
    transformfunctions.o(i.arm_rfft_fast_init_f64) refers to transformfunctions.o(i.arm_rfft_128_fast_init_f64) for arm_rfft_128_fast_init_f64
    transformfunctions.o(i.arm_rfft_fast_init_f64) refers to transformfunctions.o(i.arm_rfft_64_fast_init_f64) for arm_rfft_64_fast_init_f64
    transformfunctions.o(i.arm_rfft_fast_init_f64) refers to transformfunctions.o(i.arm_rfft_32_fast_init_f64) for arm_rfft_32_fast_init_f64
    transformfunctions.o(i.arm_rfft_init_f32) refers to transformfunctions.o(i.arm_cfft_radix4_init_f32) for arm_cfft_radix4_init_f32
    transformfunctions.o(i.arm_rfft_init_f32) refers to commontables.o(.constdata) for realCoefA
    transformfunctions.o(i.arm_rfft_init_f32) refers to commontables.o(.constdata) for realCoefB
    transformfunctions.o(i.arm_rfft_init_q15) refers to commontables.o(.constdata) for realCoefAQ15
    transformfunctions.o(i.arm_rfft_init_q15) refers to commontables.o(.constdata) for realCoefBQ15
    transformfunctions.o(i.arm_rfft_init_q15) refers to commontables.o(.constdata) for arm_cfft_sR_q15_len128
    transformfunctions.o(i.arm_rfft_init_q15) refers to commontables.o(.constdata) for arm_cfft_sR_q15_len4096
    transformfunctions.o(i.arm_rfft_init_q15) refers to commontables.o(.constdata) for arm_cfft_sR_q15_len2048
    transformfunctions.o(i.arm_rfft_init_q15) refers to commontables.o(.constdata) for arm_cfft_sR_q15_len1024
    transformfunctions.o(i.arm_rfft_init_q15) refers to commontables.o(.constdata) for arm_cfft_sR_q15_len512
    transformfunctions.o(i.arm_rfft_init_q15) refers to commontables.o(.constdata) for arm_cfft_sR_q15_len256
    transformfunctions.o(i.arm_rfft_init_q15) refers to commontables.o(.constdata) for arm_cfft_sR_q15_len64
    transformfunctions.o(i.arm_rfft_init_q15) refers to commontables.o(.constdata) for arm_cfft_sR_q15_len32
    transformfunctions.o(i.arm_rfft_init_q15) refers to commontables.o(.constdata) for arm_cfft_sR_q15_len16
    transformfunctions.o(i.arm_rfft_init_q31) refers to commontables.o(.constdata) for realCoefAQ31
    transformfunctions.o(i.arm_rfft_init_q31) refers to commontables.o(.constdata) for realCoefBQ31
    transformfunctions.o(i.arm_rfft_init_q31) refers to commontables.o(.constdata) for arm_cfft_sR_q31_len128
    transformfunctions.o(i.arm_rfft_init_q31) refers to commontables.o(.constdata) for arm_cfft_sR_q31_len4096
    transformfunctions.o(i.arm_rfft_init_q31) refers to commontables.o(.constdata) for arm_cfft_sR_q31_len2048
    transformfunctions.o(i.arm_rfft_init_q31) refers to commontables.o(.constdata) for arm_cfft_sR_q31_len1024
    transformfunctions.o(i.arm_rfft_init_q31) refers to commontables.o(.constdata) for arm_cfft_sR_q31_len512
    transformfunctions.o(i.arm_rfft_init_q31) refers to commontables.o(.constdata) for arm_cfft_sR_q31_len256
    transformfunctions.o(i.arm_rfft_init_q31) refers to commontables.o(.constdata) for arm_cfft_sR_q31_len64
    transformfunctions.o(i.arm_rfft_init_q31) refers to commontables.o(.constdata) for arm_cfft_sR_q31_len32
    transformfunctions.o(i.arm_rfft_init_q31) refers to commontables.o(.constdata) for arm_cfft_sR_q31_len16
    transformfunctions.o(i.arm_rfft_q15) refers to transformfunctions.o(i.arm_cfft_q15) for arm_cfft_q15
    transformfunctions.o(i.arm_rfft_q15) refers to transformfunctions.o(i.arm_split_rfft_q15) for arm_split_rfft_q15
    transformfunctions.o(i.arm_rfft_q15) refers to transformfunctions.o(i.arm_split_rifft_q15) for arm_split_rifft_q15
    transformfunctions.o(i.arm_rfft_q15) refers to basicmathfunctions.o(i.arm_shift_q15) for arm_shift_q15
    transformfunctions.o(i.arm_rfft_q31) refers to transformfunctions.o(i.arm_cfft_q31) for arm_cfft_q31
    transformfunctions.o(i.arm_rfft_q31) refers to transformfunctions.o(i.arm_split_rfft_q31) for arm_split_rfft_q31
    transformfunctions.o(i.arm_rfft_q31) refers to transformfunctions.o(i.arm_split_rifft_q31) for arm_split_rifft_q31
    transformfunctions.o(i.arm_rfft_q31) refers to basicmathfunctions.o(i.arm_shift_q31) for arm_shift_q31
    transformfunctions.o(i.merge_rfft_f64) refers to daddsub_clz.o(x$fpl$dadd) for __aeabi_dadd
    transformfunctions.o(i.merge_rfft_f64) refers to dmul.o(x$fpl$dmul) for __aeabi_dmul
    transformfunctions.o(i.merge_rfft_f64) refers to daddsub_clz.o(x$fpl$dsub) for __aeabi_dsub
    transformfunctions.o(i.stage_rfft_f64) refers to daddsub_clz.o(x$fpl$dadd) for __aeabi_dadd
    transformfunctions.o(i.stage_rfft_f64) refers to dmul.o(x$fpl$dmul) for __aeabi_dmul
    transformfunctions.o(i.stage_rfft_f64) refers to daddsub_clz.o(x$fpl$dsub) for __aeabi_dsub
    malloc.o(.text) refers (Special) to hguard.o(.text) for __heap$guard
    malloc.o(.text) refers (Special) to init_alloc.o(.text) for _init_alloc
    malloc.o(.text) refers to rt_heap_descriptor_intlibspace.o(.text) for __rt_heap_descriptor
    malloc.o(.text) refers to heapstubs.o(.text) for __Heap_Alloc
    h1_alloc.o(.text) refers (Special) to h1_init.o(.text) for __Heap_Initialize
    h1_alloc.o(.text) refers to rt_heap_descriptor_intlibspace.o(.text) for __rt_heap_descriptor
    h1_alloc.o(.text) refers to init_alloc.o(.text) for __Heap_Full
    h1_alloc_mt.o(.text) refers (Special) to h1_init.o(.text) for __Heap_Initialize
    h1_alloc_mt.o(.text) refers to init_alloc.o(.text) for __Heap_Full
    h1_alloc_mt.o(.text) refers to rt_heap_descriptor_intlibspace.o(.text) for __rt_heap_descriptor
    heap2.o(i._FDIterate) refers to heap2.o(.conststring) for .conststring
    heap2.o(i.___Heap_ProvideMemory$realtime) refers to fdtree.o(i._FDTree_Delete) for _FDTree_Delete
    heap2.o(i.___Heap_ProvideMemory$realtime) refers to fdtree.o(i._FDTree_Insert) for _FDTree_Insert
    heap2.o(i.___Heap_Stats$realtime) refers to heap2.o(i._Heap2_StatsIterate) for _Heap2_StatsIterate
    heap2.o(i.___Heap_Valid$realtime) refers to heap2.o(i._FDIterate) for _FDIterate
    heap2.o(i.___Heap_Valid$realtime) refers to heap2.o(.conststring) for .conststring
    heap2.o(i._free$realtime) refers to rt_heap_descriptor_intlibspace.o(.text) for __rt_heap_descriptor
    heap2.o(i._free$realtime) refers to fdtree.o(i._FDTree_Delete) for _FDTree_Delete
    heap2.o(i._free$realtime) refers to fdtree.o(i._FDTree_Insert) for _FDTree_Insert
    heap2.o(i._malloc$realtime) refers to rt_heap_descriptor_intlibspace.o(.text) for __rt_heap_descriptor
    heap2.o(i._malloc$realtime) refers to fdtree.o(i._FDTree_FindFirst) for _FDTree_FindFirst
    heap2.o(i._malloc$realtime) refers to init_alloc.o(.text) for __Heap_Full
    heap2.o(i._malloc$realtime) refers to fdtree.o(i._FDTree_RemoveNode) for _FDTree_RemoveNode
    heap2.o(i._malloc$realtime) refers to fdtree.o(i._FDTree_Insert) for _FDTree_Insert
    heap2.o(i._posix_memalign$realtime) refers to rt_heap_descriptor_intlibspace.o(.text) for __rt_heap_descriptor
    heap2.o(i._posix_memalign$realtime) refers to fdtree.o(i._FDTree_FindFirst) for _FDTree_FindFirst
    heap2.o(i._posix_memalign$realtime) refers to init_alloc.o(.text) for __Heap_Full
    heap2.o(i._posix_memalign$realtime) refers to fdtree.o(i._FDTree_RemoveNode) for _FDTree_RemoveNode
    heap2.o(i._posix_memalign$realtime) refers to fdtree.o(i._FDTree_Insert) for _FDTree_Insert
    heap2.o(i._realloc$realtime) refers to rt_heap_descriptor_intlibspace.o(.text) for __rt_heap_descriptor
    heap2.o(i._realloc$realtime) refers to fdtree.o(i._FDTree_Insert) for _FDTree_Insert
    heap2.o(i._realloc$realtime) refers to h1_free.o(.text) for free
    heap2.o(i._realloc$realtime) refers to h1_alloc.o(.text) for malloc
    heap2.o(i._realloc$realtime) refers to fdtree.o(i._FDTree_Delete) for _FDTree_Delete
    heap2.o(i._realloc$realtime) refers to rt_memcpy_w.o(.text) for __aeabi_memcpy4
    heap2mt.o(i._FDIterate) refers to heap2mt.o(.conststring) for .conststring
    heap2mt.o(i.___Heap_Initialize$realtime$concurrent) refers to mutex_dummy.o(.text) for _mutex_initialize
    heap2mt.o(i.___Heap_ProvideMemory$realtime$concurrent) refers to fdtree.o(i._FDTree_Delete) for _FDTree_Delete
    heap2mt.o(i.___Heap_ProvideMemory$realtime$concurrent) refers to fdtree.o(i._FDTree_Insert) for _FDTree_Insert
    heap2mt.o(i.___Heap_Stats$realtime$concurrent) refers to heap2mt.o(i._Heap2_StatsIterate) for _Heap2_StatsIterate
    heap2mt.o(i.___Heap_Valid$realtime$concurrent) refers to heap2mt.o(i._FDIterate) for _FDIterate
    heap2mt.o(i.___Heap_Valid$realtime$concurrent) refers to heap2mt.o(.conststring) for .conststring
    heap2mt.o(i._free$realtime$concurrent) refers to rt_heap_descriptor_intlibspace.o(.text) for __rt_heap_descriptor
    heap2mt.o(i._free$realtime$concurrent) refers to fdtree.o(i._FDTree_Delete) for _FDTree_Delete
    heap2mt.o(i._free$realtime$concurrent) refers to fdtree.o(i._FDTree_Insert) for _FDTree_Insert
    heap2mt.o(i._malloc$realtime$concurrent) refers to rt_heap_descriptor_intlibspace.o(.text) for __rt_heap_descriptor
    heap2mt.o(i._malloc$realtime$concurrent) refers to fdtree.o(i._FDTree_FindFirst) for _FDTree_FindFirst
    heap2mt.o(i._malloc$realtime$concurrent) refers to init_alloc.o(.text) for __Heap_Full
    heap2mt.o(i._malloc$realtime$concurrent) refers to fdtree.o(i._FDTree_RemoveNode) for _FDTree_RemoveNode
    heap2mt.o(i._malloc$realtime$concurrent) refers to fdtree.o(i._FDTree_Insert) for _FDTree_Insert
    heap2mt.o(i._posix_memalign$realtime$concurrent) refers to rt_heap_descriptor_intlibspace.o(.text) for __rt_heap_descriptor
    heap2mt.o(i._posix_memalign$realtime$concurrent) refers to fdtree.o(i._FDTree_FindFirst) for _FDTree_FindFirst
    heap2mt.o(i._posix_memalign$realtime$concurrent) refers to init_alloc.o(.text) for __Heap_Full
    heap2mt.o(i._posix_memalign$realtime$concurrent) refers to fdtree.o(i._FDTree_RemoveNode) for _FDTree_RemoveNode
    heap2mt.o(i._posix_memalign$realtime$concurrent) refers to fdtree.o(i._FDTree_Insert) for _FDTree_Insert
    heap2mt.o(i._realloc$realtime$concurrent) refers to rt_heap_descriptor_intlibspace.o(.text) for __rt_heap_descriptor
    heap2mt.o(i._realloc$realtime$concurrent) refers to fdtree.o(i._FDTree_Insert) for _FDTree_Insert
    heap2mt.o(i._realloc$realtime$concurrent) refers to h1_free.o(.text) for free
    heap2mt.o(i._realloc$realtime$concurrent) refers to h1_alloc.o(.text) for malloc
    heap2mt.o(i._realloc$realtime$concurrent) refers to fdtree.o(i._FDTree_Delete) for _FDTree_Delete
    heap2mt.o(i._realloc$realtime$concurrent) refers to rt_memcpy_w.o(.text) for __aeabi_memcpy4
    llsdiv.o(.text) refers to lludivv7m.o(.text) for __aeabi_uldivmod
    rt_memclr.o(.text) refers to rt_memclr_w.o(.text) for _memset_w
    __main.o(!!!main) refers to __rtentry.o(.ARM.Collect$$rtentry$$00000000) for __rt_entry
    basic.o(x$fpl$basic) refers (Special) to usenofp.o(x$fpl$usenofp) for __I$use$fp
    d2f.o(x$fpl$d2f) refers (Special) to usenofp.o(x$fpl$usenofp) for __I$use$fp
    d2f.o(x$fpl$d2f) refers to fretinf.o(x$fpl$fretinf) for __fpl_fretinf
    d2f.o(x$fpl$d2f) refers to dnaninf.o(x$fpl$dnaninf) for __fpl_dnaninf
    daddsub_clz.o(x$fpl$dadd) refers (Special) to usenofp.o(x$fpl$usenofp) for __I$use$fp
    daddsub_clz.o(x$fpl$dadd) refers to daddsub_clz.o(x$fpl$dsub) for _dsub1
    daddsub_clz.o(x$fpl$dadd) refers to dretinf.o(x$fpl$dretinf) for __fpl_dretinf
    daddsub_clz.o(x$fpl$dadd) refers to dnaninf.o(x$fpl$dnaninf) for __fpl_dnaninf
    daddsub_clz.o(x$fpl$drsb) refers (Special) to usenofp.o(x$fpl$usenofp) for __I$use$fp
    daddsub_clz.o(x$fpl$drsb) refers to daddsub_clz.o(x$fpl$dadd) for _dadd1
    daddsub_clz.o(x$fpl$drsb) refers to daddsub_clz.o(x$fpl$dsub) for _dsub1
    daddsub_clz.o(x$fpl$dsub) refers (Special) to usenofp.o(x$fpl$usenofp) for __I$use$fp
    daddsub_clz.o(x$fpl$dsub) refers to daddsub_clz.o(x$fpl$dadd) for _dadd1
    daddsub_clz.o(x$fpl$dsub) refers to dnaninf.o(x$fpl$dnaninf) for __fpl_dnaninf
    ddiv.o(x$fpl$drdiv) refers (Special) to usenofp.o(x$fpl$usenofp) for __I$use$fp
    ddiv.o(x$fpl$drdiv) refers to ddiv.o(x$fpl$ddiv) for ddiv_entry
    ddiv.o(x$fpl$ddiv) refers (Special) to usenofp.o(x$fpl$usenofp) for __I$use$fp
    ddiv.o(x$fpl$ddiv) refers to dretinf.o(x$fpl$dretinf) for __fpl_dretinf
    ddiv.o(x$fpl$ddiv) refers to dnaninf.o(x$fpl$dnaninf) for __fpl_dnaninf
    deqf.o(x$fpl$deqf) refers (Special) to usenofp.o(x$fpl$usenofp) for __I$use$fp
    deqf.o(x$fpl$deqf) refers to dnaninf.o(x$fpl$dnaninf) for __fpl_dnaninf
    deqf.o(x$fpl$deqf) refers to dcmpi.o(x$fpl$dcmpinf) for __fpl_dcmp_Inf
    dfix.o(x$fpl$dfix) refers (Special) to usenofp.o(x$fpl$usenofp) for __I$use$fp
    dfix.o(x$fpl$dfix) refers to dnaninf.o(x$fpl$dnaninf) for __fpl_dnaninf
    dfix.o(x$fpl$dfixr) refers (Special) to usenofp.o(x$fpl$usenofp) for __I$use$fp
    dfix.o(x$fpl$dfixr) refers to dnaninf.o(x$fpl$dnaninf) for __fpl_dnaninf
    dflt_clz.o(x$fpl$dfltu) refers (Special) to usenofp.o(x$fpl$usenofp) for __I$use$fp
    dflt_clz.o(x$fpl$dflt) refers (Special) to usenofp.o(x$fpl$usenofp) for __I$use$fp
    dflt_clz.o(x$fpl$dfltn) refers (Special) to usenofp.o(x$fpl$usenofp) for __I$use$fp
    dleqf.o(x$fpl$dleqf) refers (Special) to usenofp.o(x$fpl$usenofp) for __I$use$fp
    dleqf.o(x$fpl$dleqf) refers to dnaninf.o(x$fpl$dnaninf) for __fpl_dnaninf
    dleqf.o(x$fpl$dleqf) refers to dcmpi.o(x$fpl$dcmpinf) for __fpl_dcmp_Inf
    dmul.o(x$fpl$dmul) refers (Special) to usenofp.o(x$fpl$usenofp) for __I$use$fp
    dmul.o(x$fpl$dmul) refers to dretinf.o(x$fpl$dretinf) for __fpl_dretinf
    dmul.o(x$fpl$dmul) refers to dnaninf.o(x$fpl$dnaninf) for __fpl_dnaninf
    drleqf.o(x$fpl$drleqf) refers (Special) to usenofp.o(x$fpl$usenofp) for __I$use$fp
    drleqf.o(x$fpl$drleqf) refers to dleqf.o(x$fpl$dleqf) for __fpl_dcmple_InfNaN
    f2d.o(x$fpl$f2d) refers (Special) to usenofp.o(x$fpl$usenofp) for __I$use$fp
    f2d.o(x$fpl$f2d) refers to fnaninf.o(x$fpl$fnaninf) for __fpl_fnaninf
    f2d.o(x$fpl$f2d) refers to dretinf.o(x$fpl$dretinf) for __fpl_dretinf
    ffixll.o(x$fpl$llsfromf) refers (Special) to usenofp.o(x$fpl$usenofp) for __I$use$fp
    ffixll.o(x$fpl$llsfromf) refers to fnaninf.o(x$fpl$fnaninf) for __fpl_fnaninf
    ffixll.o(x$fpl$llsfromfr) refers (Special) to usenofp.o(x$fpl$usenofp) for __I$use$fp
    ffixll.o(x$fpl$llsfromfr) refers to fnaninf.o(x$fpl$fnaninf) for __fpl_fnaninf
    exp.o(i.__hardfp_exp) refers (Special) to usenofp.o(x$fpl$usenofp) for __I$use$fp
    exp.o(i.__hardfp_exp) refers to dunder.o(i.__mathlib_dbl_infnan) for __mathlib_dbl_infnan
    exp.o(i.__hardfp_exp) refers to drleqf.o(x$fpl$drleqf) for __aeabi_cdrcmple
    exp.o(i.__hardfp_exp) refers to _rserrno.o(.text) for __set_errno
    exp.o(i.__hardfp_exp) refers to dunder.o(i.__mathlib_dbl_overflow) for __mathlib_dbl_overflow
    exp.o(i.__hardfp_exp) refers to dleqf.o(x$fpl$dleqf) for __aeabi_cdcmple
    exp.o(i.__hardfp_exp) refers to dunder.o(i.__mathlib_dbl_underflow) for __mathlib_dbl_underflow
    exp.o(i.__hardfp_exp) refers to daddsub_clz.o(x$fpl$dsub) for __aeabi_dsub
    exp.o(i.__hardfp_exp) refers to dmul.o(x$fpl$dmul) for __aeabi_dmul
    exp.o(i.__hardfp_exp) refers to daddsub_clz.o(x$fpl$dadd) for __aeabi_dadd
    exp.o(i.__hardfp_exp) refers to dfix.o(x$fpl$dfix) for __aeabi_d2iz
    exp.o(i.__hardfp_exp) refers to dflt_clz.o(x$fpl$dflt) for __aeabi_i2d
    exp.o(i.__hardfp_exp) refers to daddsub_clz.o(x$fpl$drsb) for __aeabi_drsub
    exp.o(i.__hardfp_exp) refers to poly.o(i.__kernel_poly) for __kernel_poly
    exp.o(i.__hardfp_exp) refers to ddiv.o(x$fpl$ddiv) for __aeabi_ddiv
    exp.o(i.__hardfp_exp) refers to fpclassify.o(i.__ARM_fpclassify) for __ARM_fpclassify
    exp.o(i.__hardfp_exp) refers to exp.o(.constdata) for .constdata
    exp.o(i.__softfp_exp) refers (Special) to usenofp.o(x$fpl$usenofp) for __I$use$fp
    exp.o(i.__softfp_exp) refers to exp.o(i.__hardfp_exp) for __hardfp_exp
    exp.o(i.exp) refers (Special) to usenofp.o(x$fpl$usenofp) for __I$use$fp
    exp.o(i.exp) refers to exp.o(i.__hardfp_exp) for __hardfp_exp
    exp.o(.constdata) refers (Special) to usenofp.o(x$fpl$usenofp) for __I$use$fp
    exp_x.o(i.____hardfp_exp$lsc) refers (Special) to usenofp.o(x$fpl$usenofp) for __I$use$fp
    exp_x.o(i.____hardfp_exp$lsc) refers to dunder.o(i.__mathlib_dbl_infnan) for __mathlib_dbl_infnan
    exp_x.o(i.____hardfp_exp$lsc) refers to drleqf.o(x$fpl$drleqf) for __aeabi_cdrcmple
    exp_x.o(i.____hardfp_exp$lsc) refers to _rserrno.o(.text) for __set_errno
    exp_x.o(i.____hardfp_exp$lsc) refers to dleqf.o(x$fpl$dleqf) for __aeabi_cdcmple
    exp_x.o(i.____hardfp_exp$lsc) refers to daddsub_clz.o(x$fpl$dsub) for __aeabi_dsub
    exp_x.o(i.____hardfp_exp$lsc) refers to dmul.o(x$fpl$dmul) for __aeabi_dmul
    exp_x.o(i.____hardfp_exp$lsc) refers to daddsub_clz.o(x$fpl$dadd) for __aeabi_dadd
    exp_x.o(i.____hardfp_exp$lsc) refers to dfix.o(x$fpl$dfix) for __aeabi_d2iz
    exp_x.o(i.____hardfp_exp$lsc) refers to dflt_clz.o(x$fpl$dflt) for __aeabi_i2d
    exp_x.o(i.____hardfp_exp$lsc) refers to daddsub_clz.o(x$fpl$drsb) for __aeabi_drsub
    exp_x.o(i.____hardfp_exp$lsc) refers to poly.o(i.__kernel_poly) for __kernel_poly
    exp_x.o(i.____hardfp_exp$lsc) refers to ddiv.o(x$fpl$ddiv) for __aeabi_ddiv
    exp_x.o(i.____hardfp_exp$lsc) refers to qnan.o(.constdata) for __mathlib_zero
    exp_x.o(i.____hardfp_exp$lsc) refers to exp_x.o(.constdata) for .constdata
    exp_x.o(i.____softfp_exp$lsc) refers (Special) to usenofp.o(x$fpl$usenofp) for __I$use$fp
    exp_x.o(i.____softfp_exp$lsc) refers to exp_x.o(i.____hardfp_exp$lsc) for ____hardfp_exp$lsc
    exp_x.o(i.__exp$lsc) refers (Special) to usenofp.o(x$fpl$usenofp) for __I$use$fp
    exp_x.o(i.__exp$lsc) refers to exp_x.o(i.____hardfp_exp$lsc) for ____hardfp_exp$lsc
    exp_x.o(.constdata) refers (Special) to usenofp.o(x$fpl$usenofp) for __I$use$fp
    expf.o(i.__hardfp_expf) refers (Special) to usenofp.o(x$fpl$usenofp) for __I$use$fp
    expf.o(i.__hardfp_expf) refers to _rserrno.o(.text) for __set_errno
    expf.o(i.__hardfp_expf) refers to funder.o(i.__mathlib_flt_underflow) for __mathlib_flt_underflow
    expf.o(i.__hardfp_expf) refers to funder.o(i.__mathlib_flt_infnan) for __mathlib_flt_infnan
    expf.o(i.__hardfp_expf) refers to funder.o(i.__mathlib_flt_overflow) for __mathlib_flt_overflow
    expf.o(i.__hardfp_expf) refers to fpclassifyf.o(i.__ARM_fpclassifyf) for __ARM_fpclassifyf
    expf.o(i.__hardfp_expf) refers to expf.o(.constdata) for .constdata
    expf.o(i.__softfp_expf) refers (Special) to usenofp.o(x$fpl$usenofp) for __I$use$fp
    expf.o(i.__softfp_expf) refers to expf.o(i.__hardfp_expf) for __hardfp_expf
    expf.o(i.expf) refers (Special) to usenofp.o(x$fpl$usenofp) for __I$use$fp
    expf.o(i.expf) refers to expf.o(i.__hardfp_expf) for __hardfp_expf
    expf.o(.constdata) refers (Special) to usenofp.o(x$fpl$usenofp) for __I$use$fp
    expf_x.o(i.____hardfp_expf$lsc) refers (Special) to usenofp.o(x$fpl$usenofp) for __I$use$fp
    expf_x.o(i.____hardfp_expf$lsc) refers to _rserrno.o(.text) for __set_errno
    expf_x.o(i.____hardfp_expf$lsc) refers to funder.o(i.__mathlib_flt_infnan) for __mathlib_flt_infnan
    expf_x.o(i.____hardfp_expf$lsc) refers to expf_x.o(.constdata) for .constdata
    expf_x.o(i.____softfp_expf$lsc) refers (Special) to usenofp.o(x$fpl$usenofp) for __I$use$fp
    expf_x.o(i.____softfp_expf$lsc) refers to expf_x.o(i.____hardfp_expf$lsc) for ____hardfp_expf$lsc
    expf_x.o(i.__expf$lsc) refers (Special) to usenofp.o(x$fpl$usenofp) for __I$use$fp
    expf_x.o(i.__expf$lsc) refers to expf_x.o(i.____hardfp_expf$lsc) for ____hardfp_expf$lsc
    expf_x.o(.constdata) refers (Special) to usenofp.o(x$fpl$usenofp) for __I$use$fp
    fabs.o(i.__hardfp_fabs) refers (Special) to usenofp.o(x$fpl$usenofp) for __I$use$fp
    fabs.o(i.__softfp_fabs) refers (Special) to usenofp.o(x$fpl$usenofp) for __I$use$fp
    fabs.o(i.fabs) refers (Special) to usenofp.o(x$fpl$usenofp) for __I$use$fp
    log.o(i.__hardfp_log) refers (Special) to usenofp.o(x$fpl$usenofp) for __I$use$fp
    log.o(i.__hardfp_log) refers to dunder.o(i.__mathlib_dbl_infnan) for __mathlib_dbl_infnan
    log.o(i.__hardfp_log) refers to _rserrno.o(.text) for __set_errno
    log.o(i.__hardfp_log) refers to dunder.o(i.__mathlib_dbl_invalid) for __mathlib_dbl_invalid
    log.o(i.__hardfp_log) refers to dunder.o(i.__mathlib_dbl_divzero) for __mathlib_dbl_divzero
    log.o(i.__hardfp_log) refers to basic.o(x$fpl$basic) for __aeabi_dneg
    log.o(i.__hardfp_log) refers to dmul.o(x$fpl$dmul) for __aeabi_dmul
    log.o(i.__hardfp_log) refers to daddsub_clz.o(x$fpl$dsub) for __aeabi_dsub
    log.o(i.__hardfp_log) refers to deqf.o(x$fpl$deqf) for __aeabi_cdcmpeq
    log.o(i.__hardfp_log) refers to dflt_clz.o(x$fpl$dflt) for __aeabi_i2d
    log.o(i.__hardfp_log) refers to daddsub_clz.o(x$fpl$dadd) for __aeabi_dadd
    log.o(i.__hardfp_log) refers to daddsub_clz.o(x$fpl$drsb) for __aeabi_drsub
    log.o(i.__hardfp_log) refers to ddiv.o(x$fpl$ddiv) for __aeabi_ddiv
    log.o(i.__hardfp_log) refers to poly.o(i.__kernel_poly) for __kernel_poly
    log.o(i.__hardfp_log) refers to qnan.o(.constdata) for __mathlib_zero
    log.o(i.__hardfp_log) refers to log.o(.constdata) for .constdata
    log.o(i.__softfp_log) refers (Special) to usenofp.o(x$fpl$usenofp) for __I$use$fp
    log.o(i.__softfp_log) refers to log.o(i.__hardfp_log) for __hardfp_log
    log.o(i.log) refers (Special) to usenofp.o(x$fpl$usenofp) for __I$use$fp
    log.o(i.log) refers to log.o(i.__hardfp_log) for __hardfp_log
    log.o(.constdata) refers (Special) to usenofp.o(x$fpl$usenofp) for __I$use$fp
    log_x.o(i.____hardfp_log$lsc) refers (Special) to usenofp.o(x$fpl$usenofp) for __I$use$fp
    log_x.o(i.____hardfp_log$lsc) refers to dunder.o(i.__mathlib_dbl_infnan) for __mathlib_dbl_infnan
    log_x.o(i.____hardfp_log$lsc) refers to _rserrno.o(.text) for __set_errno
    log_x.o(i.____hardfp_log$lsc) refers to dmul.o(x$fpl$dmul) for __aeabi_dmul
    log_x.o(i.____hardfp_log$lsc) refers to daddsub_clz.o(x$fpl$dsub) for __aeabi_dsub
    log_x.o(i.____hardfp_log$lsc) refers to deqf.o(x$fpl$deqf) for __aeabi_cdcmpeq
    log_x.o(i.____hardfp_log$lsc) refers to dflt_clz.o(x$fpl$dflt) for __aeabi_i2d
    log_x.o(i.____hardfp_log$lsc) refers to daddsub_clz.o(x$fpl$dadd) for __aeabi_dadd
    log_x.o(i.____hardfp_log$lsc) refers to daddsub_clz.o(x$fpl$drsb) for __aeabi_drsub
    log_x.o(i.____hardfp_log$lsc) refers to ddiv.o(x$fpl$ddiv) for __aeabi_ddiv
    log_x.o(i.____hardfp_log$lsc) refers to poly.o(i.__kernel_poly) for __kernel_poly
    log_x.o(i.____hardfp_log$lsc) refers to qnan.o(.constdata) for __mathlib_zero
    log_x.o(i.____hardfp_log$lsc) refers to log_x.o(.constdata) for .constdata
    log_x.o(i.____softfp_log$lsc) refers (Special) to usenofp.o(x$fpl$usenofp) for __I$use$fp
    log_x.o(i.____softfp_log$lsc) refers to log_x.o(i.____hardfp_log$lsc) for ____hardfp_log$lsc
    log_x.o(i.__log$lsc) refers (Special) to usenofp.o(x$fpl$usenofp) for __I$use$fp
    log_x.o(i.__log$lsc) refers to log_x.o(i.____hardfp_log$lsc) for ____hardfp_log$lsc
    log_x.o(.constdata) refers (Special) to usenofp.o(x$fpl$usenofp) for __I$use$fp
    logf.o(i.__hardfp_logf) refers (Special) to usenofp.o(x$fpl$usenofp) for __I$use$fp
    logf.o(i.__hardfp_logf) refers to funder.o(i.__mathlib_flt_infnan) for __mathlib_flt_infnan
    logf.o(i.__hardfp_logf) refers to _rserrno.o(.text) for __set_errno
    logf.o(i.__hardfp_logf) refers to funder.o(i.__mathlib_flt_invalid) for __mathlib_flt_invalid
    logf.o(i.__hardfp_logf) refers to funder.o(i.__mathlib_flt_divzero) for __mathlib_flt_divzero
    logf.o(i.__hardfp_logf) refers to logf.o(.constdata) for .constdata
    logf.o(i.__softfp_logf) refers (Special) to usenofp.o(x$fpl$usenofp) for __I$use$fp
    logf.o(i.__softfp_logf) refers to logf.o(i.__hardfp_logf) for __hardfp_logf
    logf.o(i.logf) refers (Special) to usenofp.o(x$fpl$usenofp) for __I$use$fp
    logf.o(i.logf) refers to logf.o(i.__hardfp_logf) for __hardfp_logf
    logf.o(.constdata) refers (Special) to usenofp.o(x$fpl$usenofp) for __I$use$fp
    logf_x.o(i.____hardfp_logf$lsc) refers (Special) to usenofp.o(x$fpl$usenofp) for __I$use$fp
    logf_x.o(i.____hardfp_logf$lsc) refers to funder.o(i.__mathlib_flt_infnan) for __mathlib_flt_infnan
    logf_x.o(i.____hardfp_logf$lsc) refers to _rserrno.o(.text) for __set_errno
    logf_x.o(i.____hardfp_logf$lsc) refers to logf_x.o(.constdata) for .constdata
    logf_x.o(i.____softfp_logf$lsc) refers (Special) to usenofp.o(x$fpl$usenofp) for __I$use$fp
    logf_x.o(i.____softfp_logf$lsc) refers to logf_x.o(i.____hardfp_logf$lsc) for ____hardfp_logf$lsc
    logf_x.o(i.__logf$lsc) refers (Special) to usenofp.o(x$fpl$usenofp) for __I$use$fp
    logf_x.o(i.__logf$lsc) refers to logf_x.o(i.____hardfp_logf$lsc) for ____hardfp_logf$lsc
    logf_x.o(.constdata) refers (Special) to usenofp.o(x$fpl$usenofp) for __I$use$fp
    powf.o(i.__hardfp_powf) refers (Special) to usenofp.o(x$fpl$usenofp) for __I$use$fp
    powf.o(i.__hardfp_powf) refers to _rserrno.o(.text) for __set_errno
    powf.o(i.__hardfp_powf) refers to funder.o(i.__mathlib_flt_overflow) for __mathlib_flt_overflow
    powf.o(i.__hardfp_powf) refers to fpclassifyf.o(i.__ARM_fpclassifyf) for __ARM_fpclassifyf
    powf.o(i.__hardfp_powf) refers to funder.o(i.__mathlib_flt_underflow) for __mathlib_flt_underflow
    powf.o(i.__hardfp_powf) refers to funder.o(i.__mathlib_flt_invalid) for __mathlib_flt_invalid
    powf.o(i.__hardfp_powf) refers to powf.o(.constdata) for .constdata
    powf.o(i.__hardfp_powf) refers to funder.o(i.__mathlib_flt_infnan2) for __mathlib_flt_infnan2
    powf.o(i.__hardfp_powf) refers to funder.o(i.__mathlib_flt_divzero) for __mathlib_flt_divzero
    powf.o(i.__softfp_powf) refers (Special) to usenofp.o(x$fpl$usenofp) for __I$use$fp
    powf.o(i.__softfp_powf) refers to powf.o(i.__hardfp_powf) for __hardfp_powf
    powf.o(i.powf) refers (Special) to usenofp.o(x$fpl$usenofp) for __I$use$fp
    powf.o(i.powf) refers to powf.o(i.__hardfp_powf) for __hardfp_powf
    powf.o(.constdata) refers (Special) to usenofp.o(x$fpl$usenofp) for __I$use$fp
    powf_x.o(i.____hardfp_powf$lsc) refers (Special) to usenofp.o(x$fpl$usenofp) for __I$use$fp
    powf_x.o(i.____hardfp_powf$lsc) refers to _rserrno.o(.text) for __set_errno
    powf_x.o(i.____hardfp_powf$lsc) refers to powf_x.o(.constdata) for .constdata
    powf_x.o(i.____hardfp_powf$lsc) refers to funder.o(i.__mathlib_flt_infnan2) for __mathlib_flt_infnan2
    powf_x.o(i.____softfp_powf$lsc) refers (Special) to usenofp.o(x$fpl$usenofp) for __I$use$fp
    powf_x.o(i.____softfp_powf$lsc) refers to powf_x.o(i.____hardfp_powf$lsc) for ____hardfp_powf$lsc
    powf_x.o(i.__powf$lsc) refers (Special) to usenofp.o(x$fpl$usenofp) for __I$use$fp
    powf_x.o(i.__powf$lsc) refers to powf_x.o(i.____hardfp_powf$lsc) for ____hardfp_powf$lsc
    powf_x.o(.constdata) refers (Special) to usenofp.o(x$fpl$usenofp) for __I$use$fp
    sqrt.o(i.__hardfp_sqrt) refers (Special) to usenofp.o(x$fpl$usenofp) for __I$use$fp
    sqrt.o(i.__hardfp_sqrt) refers to dsqrt_umaal.o(x$fpl$dsqrt) for _dsqrt
    sqrt.o(i.__hardfp_sqrt) refers to _rserrno.o(.text) for __set_errno
    sqrt.o(i.__softfp_sqrt) refers (Special) to usenofp.o(x$fpl$usenofp) for __I$use$fp
    sqrt.o(i.__softfp_sqrt) refers to dsqrt_umaal.o(x$fpl$dsqrt) for _dsqrt
    sqrt.o(i.__softfp_sqrt) refers to _rserrno.o(.text) for __set_errno
    sqrt.o(i.sqrt) refers (Special) to usenofp.o(x$fpl$usenofp) for __I$use$fp
    sqrt.o(i.sqrt) refers to dsqrt_umaal.o(x$fpl$dsqrt) for _dsqrt
    sqrt.o(i.sqrt) refers to _rserrno.o(.text) for __set_errno
    sqrt_x.o(i.____hardfp_sqrt$lsc) refers (Special) to usenofp.o(x$fpl$usenofp) for __I$use$fp
    sqrt_x.o(i.____hardfp_sqrt$lsc) refers to dleqf.o(x$fpl$dleqf) for __aeabi_cdcmple
    sqrt_x.o(i.____hardfp_sqrt$lsc) refers to _rserrno.o(.text) for __set_errno
    sqrt_x.o(i.____hardfp_sqrt$lsc) refers to dsqrt_umaal.o(x$fpl$dsqrt) for _dsqrt
    sqrt_x.o(i.____softfp_sqrt$lsc) refers (Special) to usenofp.o(x$fpl$usenofp) for __I$use$fp
    sqrt_x.o(i.____softfp_sqrt$lsc) refers to dleqf.o(x$fpl$dleqf) for __aeabi_cdcmple
    sqrt_x.o(i.____softfp_sqrt$lsc) refers to _rserrno.o(.text) for __set_errno
    sqrt_x.o(i.____softfp_sqrt$lsc) refers to dsqrt_umaal.o(x$fpl$dsqrt) for _dsqrt
    sqrt_x.o(i.__sqrt$lsc) refers (Special) to usenofp.o(x$fpl$usenofp) for __I$use$fp
    sqrt_x.o(i.__sqrt$lsc) refers to dleqf.o(x$fpl$dleqf) for __aeabi_cdcmple
    sqrt_x.o(i.__sqrt$lsc) refers to _rserrno.o(.text) for __set_errno
    sqrt_x.o(i.__sqrt$lsc) refers to dsqrt_umaal.o(x$fpl$dsqrt) for _dsqrt
    sqrtf.o(i.__hardfp_sqrtf) refers (Special) to usenofp.o(x$fpl$usenofp) for __I$use$fp
    sqrtf.o(i.__hardfp_sqrtf) refers to _rserrno.o(.text) for __set_errno
    sqrtf.o(i.__softfp_sqrtf) refers (Special) to usenofp.o(x$fpl$usenofp) for __I$use$fp
    sqrtf.o(i.__softfp_sqrtf) refers to _rserrno.o(.text) for __set_errno
    sqrtf.o(i.sqrtf) refers (Special) to usenofp.o(x$fpl$usenofp) for __I$use$fp
    sqrtf.o(i.sqrtf) refers to _rserrno.o(.text) for __set_errno
    sqrtf_x.o(i.____hardfp_sqrtf$lsc) refers (Special) to usenofp.o(x$fpl$usenofp) for __I$use$fp
    sqrtf_x.o(i.____hardfp_sqrtf$lsc) refers to _rserrno.o(.text) for __set_errno
    sqrtf_x.o(i.____softfp_sqrtf$lsc) refers (Special) to usenofp.o(x$fpl$usenofp) for __I$use$fp
    sqrtf_x.o(i.____softfp_sqrtf$lsc) refers to _rserrno.o(.text) for __set_errno
    sqrtf_x.o(i.__sqrtf$lsc) refers (Special) to usenofp.o(x$fpl$usenofp) for __I$use$fp
    sqrtf_x.o(i.__sqrtf$lsc) refers to _rserrno.o(.text) for __set_errno
    tanhf.o(i.__hardfp_tanhf) refers (Special) to usenofp.o(x$fpl$usenofp) for __I$use$fp
    tanhf.o(i.__hardfp_tanhf) refers to expf.o(i.__hardfp_expf) for __hardfp_expf
    tanhf.o(i.__hardfp_tanhf) refers to fpclassifyf.o(i.__ARM_fpclassifyf) for __ARM_fpclassifyf
    tanhf.o(i.__hardfp_tanhf) refers to funder.o(i.__mathlib_flt_underflow) for __mathlib_flt_underflow
    tanhf.o(i.__hardfp_tanhf) refers to funder.o(i.__mathlib_flt_infnan) for __mathlib_flt_infnan
    tanhf.o(i.__softfp_tanhf) refers (Special) to usenofp.o(x$fpl$usenofp) for __I$use$fp
    tanhf.o(i.__softfp_tanhf) refers to tanhf.o(i.__hardfp_tanhf) for __hardfp_tanhf
    tanhf.o(i.tanhf) refers (Special) to usenofp.o(x$fpl$usenofp) for __I$use$fp
    tanhf.o(i.tanhf) refers to tanhf.o(i.__hardfp_tanhf) for __hardfp_tanhf
    tanhf_x.o(i.____hardfp_tanhf$lsc) refers (Special) to usenofp.o(x$fpl$usenofp) for __I$use$fp
    tanhf_x.o(i.____hardfp_tanhf$lsc) refers to expf.o(i.__hardfp_expf) for __hardfp_expf
    tanhf_x.o(i.____hardfp_tanhf$lsc) refers to funder.o(i.__mathlib_flt_infnan) for __mathlib_flt_infnan
    tanhf_x.o(i.____softfp_tanhf$lsc) refers (Special) to usenofp.o(x$fpl$usenofp) for __I$use$fp
    tanhf_x.o(i.____softfp_tanhf$lsc) refers to tanhf_x.o(i.____hardfp_tanhf$lsc) for ____hardfp_tanhf$lsc
    tanhf_x.o(i.__tanhf$lsc) refers (Special) to usenofp.o(x$fpl$usenofp) for __I$use$fp
    tanhf_x.o(i.__tanhf$lsc) refers to tanhf_x.o(i.____hardfp_tanhf$lsc) for ____hardfp_tanhf$lsc
    __rtentry.o(.ARM.Collect$$rtentry$$00000000) refers (Special) to __rtentry2.o(.ARM.Collect$$rtentry$$0000000A) for __rt_entry_li
    __rtentry.o(.ARM.Collect$$rtentry$$00000000) refers (Special) to __rtentry2.o(.ARM.Collect$$rtentry$$0000000D) for __rt_entry_main
    __rtentry.o(.ARM.Collect$$rtentry$$00000000) refers (Special) to __rtentry2.o(.ARM.Collect$$rtentry$$0000000C) for __rt_entry_postli_1
    __rtentry.o(.ARM.Collect$$rtentry$$00000000) refers (Special) to __rtentry2.o(.ARM.Collect$$rtentry$$00000009) for __rt_entry_postsh_1
    __rtentry.o(.ARM.Collect$$rtentry$$00000000) refers (Special) to __rtentry2.o(.ARM.Collect$$rtentry$$00000002) for __rt_entry_presh_1
    __rtentry.o(.ARM.Collect$$rtentry$$00000000) refers (Special) to __rtentry4.o(.ARM.Collect$$rtentry$$00000004) for __rt_entry_sh
    aeabi_ldiv0_sigfpe.o(.text) refers to rt_div0.o(.text) for __rt_div0
    rt_heap_descriptor.o(.text) refers to rt_heap_descriptor.o(.bss) for __rt_heap_descriptor_data
    rt_heap_descriptor_intlibspace.o(.text) refers to libspace.o(.bss) for __libspace_start
    init_alloc.o(.text) refers (Special) to hguard.o(.text) for __heap$guard
    init_alloc.o(.text) refers (Special) to libinit2.o(.ARM.Collect$$libinit$$00000005) for __rt_lib_init_heap_2
    init_alloc.o(.text) refers (Special) to maybetermalloc1.o(.emb_text) for _maybe_terminate_alloc
    init_alloc.o(.text) refers to h1_extend.o(.text) for __Heap_ProvideMemory
    init_alloc.o(.text) refers to defsig_rtmem_outer.o(.text) for __rt_SIGRTMEM
    init_alloc.o(.text) refers to rt_heap_descriptor_intlibspace.o(.text) for __rt_heap_descriptor
    init_alloc.o(.text) refers to h1_init.o(.text) for __Heap_Initialize
    free.o(.text) refers (Special) to hguard.o(.text) for __heap$guard
    free.o(.text) refers to rt_heap_descriptor_intlibspace.o(.text) for __rt_heap_descriptor
    free.o(.text) refers to heapstubs.o(.text) for __Heap_Free
    h1_free.o(.text) refers to rt_heap_descriptor_intlibspace.o(.text) for __rt_heap_descriptor
    h1_init_mt.o(.text) refers to mutex_dummy.o(.text) for _mutex_initialize
    h1_free_mt.o(.text) refers to rt_heap_descriptor_intlibspace.o(.text) for __rt_heap_descriptor
    _rserrno.o(.text) refers to rt_errno_addr_intlibspace.o(.text) for __aeabi_errno_addr
    _get_argv.o(.text) refers (Special) to hrguard.o(.text) for __heap_region$guard
    _get_argv.o(.text) refers to h1_alloc.o(.text) for malloc
    _get_argv.o(.text) refers to defsig_rtmem_outer.o(.text) for __rt_SIGRTMEM
    _get_argv.o(.text) refers to sys_command.o(.text) for _sys_command_string
    libinit2.o(.ARM.Collect$$libinit$$00000001) refers to fpinit.o(x$fpl$fpinit) for _fp_init
    libinit2.o(.ARM.Collect$$libinit$$00000005) refers (Weak) to init_alloc.o(.text) for _init_alloc
    libinit2.o(.ARM.Collect$$libinit$$00000010) refers to libinit2.o(.ARM.Collect$$libinit$$0000000F) for .ARM.Collect$$libinit$$0000000F
    libinit2.o(.ARM.Collect$$libinit$$00000012) refers to libinit2.o(.ARM.Collect$$libinit$$0000000F) for .ARM.Collect$$libinit$$0000000F
    libinit2.o(.ARM.Collect$$libinit$$00000014) refers to libinit2.o(.ARM.Collect$$libinit$$0000000F) for .ARM.Collect$$libinit$$0000000F
    libinit2.o(.ARM.Collect$$libinit$$00000016) refers to libinit2.o(.ARM.Collect$$libinit$$0000000F) for .ARM.Collect$$libinit$$0000000F
    libinit2.o(.ARM.Collect$$libinit$$00000018) refers to libinit2.o(.ARM.Collect$$libinit$$0000000F) for .ARM.Collect$$libinit$$0000000F
    libinit2.o(.ARM.Collect$$libinit$$00000026) refers to argv_veneer.o(.emb_text) for __ARM_argv_veneer
    libinit2.o(.ARM.Collect$$libinit$$00000027) refers to argv_veneer.o(.emb_text) for __ARM_argv_veneer
    dcmpi.o(x$fpl$dcmpinf) refers (Special) to usenofp.o(x$fpl$usenofp) for __I$use$fp
    dnaninf.o(x$fpl$dnaninf) refers (Special) to usenofp.o(x$fpl$usenofp) for __I$use$fp
    dretinf.o(x$fpl$dretinf) refers (Special) to usenofp.o(x$fpl$usenofp) for __I$use$fp
    dsqrt_umaal.o(x$fpl$dsqrt) refers (Special) to usenofp.o(x$fpl$usenofp) for __I$use$fp
    dsqrt_umaal.o(x$fpl$dsqrt) refers to dnaninf.o(x$fpl$dnaninf) for __fpl_dnaninf
    fnaninf.o(x$fpl$fnaninf) refers (Special) to usenofp.o(x$fpl$usenofp) for __I$use$fp
    fretinf.o(x$fpl$fretinf) refers (Special) to usenofp.o(x$fpl$usenofp) for __I$use$fp
    istatus.o(x$fpl$ieeestatus) refers (Special) to usenofp.o(x$fpl$usenofp) for __I$use$fp
    dunder.o(i.__mathlib_dbl_divzero) refers to ddiv.o(x$fpl$ddiv) for __aeabi_ddiv
    dunder.o(i.__mathlib_dbl_infnan) refers to daddsub_clz.o(x$fpl$dadd) for __aeabi_dadd
    dunder.o(i.__mathlib_dbl_infnan2) refers to daddsub_clz.o(x$fpl$dadd) for __aeabi_dadd
    dunder.o(i.__mathlib_dbl_invalid) refers to ddiv.o(x$fpl$ddiv) for __aeabi_ddiv
    dunder.o(i.__mathlib_dbl_overflow) refers to dmul.o(x$fpl$dmul) for __aeabi_dmul
    dunder.o(i.__mathlib_dbl_posinfnan) refers to dmul.o(x$fpl$dmul) for __aeabi_dmul
    dunder.o(i.__mathlib_dbl_underflow) refers to dmul.o(x$fpl$dmul) for __aeabi_dmul
    fpclassify.o(i.__ARM_fpclassify) refers (Special) to usenofp.o(x$fpl$usenofp) for __I$use$fp
    fpclassifyf.o(i.__ARM_fpclassifyf) refers (Special) to usenofp.o(x$fpl$usenofp) for __I$use$fp
    poly.o(i.__kernel_poly) refers (Special) to usenofp.o(x$fpl$usenofp) for __I$use$fp
    poly.o(i.__kernel_poly) refers to dmul.o(x$fpl$dmul) for __aeabi_dmul
    poly.o(i.__kernel_poly) refers to daddsub_clz.o(x$fpl$dadd) for __aeabi_dadd
    qnan.o(.constdata) refers (Special) to usenofp.o(x$fpl$usenofp) for __I$use$fp
    sys_command.o(.text) refers (Special) to use_no_semi.o(.text) for __I$use$semihosting
    sys_command.o(.text) refers (Special) to indicate_semi.o(.text) for __semihosting_library_function
    libspace.o(.text) refers to libspace.o(.bss) for __libspace_start
    __rtentry2.o(.ARM.Collect$$rtentry$$00000008) refers to boardinit2.o(.text) for _platform_post_stackheap_init
    __rtentry2.o(.ARM.Collect$$rtentry$$0000000A) refers to libinit.o(.ARM.Collect$$libinit$$00000000) for __rt_lib_init
    __rtentry2.o(.ARM.Collect$$rtentry$$0000000B) refers to boardinit3.o(.text) for _platform_post_lib_init
    __rtentry2.o(.ARM.Collect$$rtentry$$0000000D) refers to main.o(i.main) for main
    __rtentry2.o(.ARM.Collect$$rtentry$$0000000D) refers to exit.o(.text) for exit
    __rtentry2.o(.ARM.exidx) refers to __rtentry2.o(.ARM.Collect$$rtentry$$00000001) for .ARM.Collect$$rtentry$$00000001
    __rtentry2.o(.ARM.exidx) refers to __rtentry2.o(.ARM.Collect$$rtentry$$00000008) for .ARM.Collect$$rtentry$$00000008
    __rtentry2.o(.ARM.exidx) refers to __rtentry2.o(.ARM.Collect$$rtentry$$0000000A) for .ARM.Collect$$rtentry$$0000000A
    __rtentry2.o(.ARM.exidx) refers to __rtentry2.o(.ARM.Collect$$rtentry$$0000000B) for .ARM.Collect$$rtentry$$0000000B
    __rtentry2.o(.ARM.exidx) refers to __rtentry2.o(.ARM.Collect$$rtentry$$0000000D) for .ARM.Collect$$rtentry$$0000000D
    __rtentry4.o(.ARM.Collect$$rtentry$$00000004) refers to sys_stackheap_outer.o(.text) for __user_setup_stackheap
    __rtentry4.o(.ARM.exidx) refers to __rtentry4.o(.ARM.Collect$$rtentry$$00000004) for .ARM.Collect$$rtentry$$00000004
    rt_div0.o(.text) refers to defsig_fpe_outer.o(.text) for __rt_SIGFPE
    rt_errno_addr.o(.text) refers to rt_errno_addr.o(.bss) for __aeabi_errno_addr_data
    rt_errno_addr_intlibspace.o(.text) refers to libspace.o(.bss) for __libspace_start
    maybetermalloc2.o(.emb_text) refers (Special) to term_alloc.o(.text) for _terminate_alloc
    h1_extend.o(.text) refers to h1_free.o(.text) for free
    h1_extend_mt.o(.text) refers to h1_free_mt.o(.text) for _free_internal
    defsig_rtmem_outer.o(.text) refers to defsig_rtmem_inner.o(.text) for __rt_SIGRTMEM_inner
    defsig_rtmem_outer.o(.text) refers to defsig_exit.o(.text) for __sig_exit
    defsig_rtmem_formal.o(.text) refers to rt_raise.o(.text) for __rt_raise
    heapauxa.o(.text) refers to heapauxa.o(.data) for .data
    argv_veneer.o(.emb_text) refers to no_argv.o(.text) for __ARM_get_argv
    sys_stackheap_outer.o(.text) refers to libspace.o(.text) for __user_perproc_libspace
    sys_stackheap_outer.o(.text) refers to startup_stm32f407xx.o(.text) for __user_initial_stackheap
    rt_raise.o(.text) refers to __raise.o(.text) for __raise
    rt_raise.o(.text) refers to sys_exit.o(.text) for _sys_exit
    term_alloc.o(.text) refers (Special) to libshutdown2.o(.ARM.Collect$$libshutdown$$0000000E) for __rt_lib_shutdown_heap_2
    term_alloc.o(.text) refers to rt_heap_descriptor_intlibspace.o(.text) for __rt_heap_descriptor
    term_alloc.o(.text) refers to h1_final.o(.text) for __Heap_Finalize
    exit.o(.text) refers to rtexit.o(.ARM.Collect$$rtexit$$00000000) for __rt_exit
    defsig_exit.o(.text) refers to sys_exit.o(.text) for _sys_exit
    defsig_fpe_outer.o(.text) refers to defsig_fpe_inner.o(.text) for __rt_SIGFPE_inner
    defsig_fpe_outer.o(.text) refers to defsig_exit.o(.text) for __sig_exit
    defsig_fpe_formal.o(.text) refers to rt_raise.o(.text) for __rt_raise
    defsig_rtmem_inner.o(.text) refers to defsig_general.o(.text) for __default_signal_display
    _get_argv_nomalloc.o(.text) refers (Special) to hrguard.o(.text) for __heap_region$guard
    _get_argv_nomalloc.o(.text) refers to defsig_rtmem_outer.o(.text) for __rt_SIGRTMEM
    _get_argv_nomalloc.o(.text) refers to sys_command.o(.text) for _sys_command_string
    libinit.o(.ARM.Collect$$libinit$$00000000) refers (Special) to libinit2.o(.ARM.Collect$$libinit$$0000002E) for __rt_lib_init_alloca_1
    libinit.o(.ARM.Collect$$libinit$$00000000) refers (Special) to libinit2.o(.ARM.Collect$$libinit$$0000002C) for __rt_lib_init_argv_1
    libinit.o(.ARM.Collect$$libinit$$00000000) refers (Special) to libinit2.o(.ARM.Collect$$libinit$$0000001B) for __rt_lib_init_atexit_1
    libinit.o(.ARM.Collect$$libinit$$00000000) refers (Special) to libinit2.o(.ARM.Collect$$libinit$$00000021) for __rt_lib_init_clock_1
    libinit.o(.ARM.Collect$$libinit$$00000000) refers (Special) to libinit2.o(.ARM.Collect$$libinit$$00000032) for __rt_lib_init_cpp_1
    libinit.o(.ARM.Collect$$libinit$$00000000) refers (Special) to libinit2.o(.ARM.Collect$$libinit$$00000030) for __rt_lib_init_exceptions_1
    libinit.o(.ARM.Collect$$libinit$$00000000) refers (Special) to libinit2.o(.ARM.Collect$$libinit$$00000001) for __rt_lib_init_fp_1
    libinit.o(.ARM.Collect$$libinit$$00000000) refers (Special) to libinit2.o(.ARM.Collect$$libinit$$0000001F) for __rt_lib_init_fp_trap_1
    libinit.o(.ARM.Collect$$libinit$$00000000) refers (Special) to libinit2.o(.ARM.Collect$$libinit$$00000023) for __rt_lib_init_getenv_1
    libinit.o(.ARM.Collect$$libinit$$00000000) refers (Special) to libinit2.o(.ARM.Collect$$libinit$$0000000A) for __rt_lib_init_heap_1
    libinit.o(.ARM.Collect$$libinit$$00000000) refers (Special) to libinit2.o(.ARM.Collect$$libinit$$00000011) for __rt_lib_init_lc_collate_1
    libinit.o(.ARM.Collect$$libinit$$00000000) refers (Special) to libinit2.o(.ARM.Collect$$libinit$$00000013) for __rt_lib_init_lc_ctype_1
    libinit.o(.ARM.Collect$$libinit$$00000000) refers (Special) to libinit2.o(.ARM.Collect$$libinit$$00000015) for __rt_lib_init_lc_monetary_1
    libinit.o(.ARM.Collect$$libinit$$00000000) refers (Special) to libinit2.o(.ARM.Collect$$libinit$$00000017) for __rt_lib_init_lc_numeric_1
    libinit.o(.ARM.Collect$$libinit$$00000000) refers (Special) to libinit2.o(.ARM.Collect$$libinit$$00000019) for __rt_lib_init_lc_time_1
    libinit.o(.ARM.Collect$$libinit$$00000000) refers (Special) to libinit2.o(.ARM.Collect$$libinit$$00000004) for __rt_lib_init_preinit_1
    libinit.o(.ARM.Collect$$libinit$$00000000) refers (Special) to libinit2.o(.ARM.Collect$$libinit$$0000000E) for __rt_lib_init_rand_1
    libinit.o(.ARM.Collect$$libinit$$00000000) refers (Special) to libinit2.o(.ARM.Collect$$libinit$$00000033) for __rt_lib_init_return
    libinit.o(.ARM.Collect$$libinit$$00000000) refers (Special) to libinit2.o(.ARM.Collect$$libinit$$0000001D) for __rt_lib_init_signal_1
    libinit.o(.ARM.Collect$$libinit$$00000000) refers (Special) to libinit2.o(.ARM.Collect$$libinit$$00000025) for __rt_lib_init_stdio_1
    libinit.o(.ARM.Collect$$libinit$$00000000) refers (Special) to libinit2.o(.ARM.Collect$$libinit$$0000000C) for __rt_lib_init_user_alloc_1
    sys_exit.o(.text) refers (Special) to use_no_semi.o(.text) for __I$use$semihosting
    sys_exit.o(.text) refers (Special) to indicate_semi.o(.text) for __semihosting_library_function
    rtexit.o(.ARM.Collect$$rtexit$$00000000) refers (Special) to rtexit2.o(.ARM.Collect$$rtexit$$00000004) for __rt_exit_exit
    rtexit.o(.ARM.Collect$$rtexit$$00000000) refers (Special) to rtexit2.o(.ARM.Collect$$rtexit$$00000003) for __rt_exit_ls
    rtexit.o(.ARM.Collect$$rtexit$$00000000) refers (Special) to rtexit2.o(.ARM.Collect$$rtexit$$00000002) for __rt_exit_prels_1
    rtexit.o(.ARM.exidx) refers (Special) to rtexit2.o(.ARM.Collect$$rtexit$$00000004) for __rt_exit_exit
    rtexit.o(.ARM.exidx) refers (Special) to rtexit2.o(.ARM.Collect$$rtexit$$00000003) for __rt_exit_ls
    rtexit.o(.ARM.exidx) refers (Special) to rtexit2.o(.ARM.Collect$$rtexit$$00000002) for __rt_exit_prels_1
    rtexit.o(.ARM.exidx) refers to rtexit.o(.ARM.Collect$$rtexit$$00000000) for .ARM.Collect$$rtexit$$00000000
    __raise.o(.text) refers to defsig.o(CL$$defsig) for __default_signal_handler
    defsig_general.o(.text) refers to sys_wrch.o(.text) for _ttywrch
    defsig_fpe_inner.o(.text) refers to defsig_general.o(.text) for __default_signal_display
    libshutdown2.o(.ARM.Collect$$libshutdown$$0000000D) refers (Weak) to term_alloc.o(.text) for _terminate_alloc
    sys_wrch.o(.text) refers (Special) to use_no_semi.o(.text) for __I$use$semihosting
    sys_wrch.o(.text) refers (Special) to indicate_semi.o(.text) for __semihosting_library_function
    rtexit2.o(.ARM.Collect$$rtexit$$00000003) refers to libshutdown.o(.ARM.Collect$$libshutdown$$00000000) for __rt_lib_shutdown
    rtexit2.o(.ARM.Collect$$rtexit$$00000004) refers to sys_exit.o(.text) for _sys_exit
    rtexit2.o(.ARM.exidx) refers to rtexit2.o(.ARM.Collect$$rtexit$$00000001) for .ARM.Collect$$rtexit$$00000001
    rtexit2.o(.ARM.exidx) refers to rtexit2.o(.ARM.Collect$$rtexit$$00000003) for .ARM.Collect$$rtexit$$00000003
    rtexit2.o(.ARM.exidx) refers to rtexit2.o(.ARM.Collect$$rtexit$$00000004) for .ARM.Collect$$rtexit$$00000004
    defsig.o(CL$$defsig) refers to defsig_fpe_inner.o(.text) for __rt_SIGFPE_inner
    defsig.o(CL$$defsig) refers to defsig_rtmem_inner.o(.text) for __rt_SIGRTMEM_inner
    defsig_abrt_inner.o(.text) refers to defsig_general.o(.text) for __default_signal_display
    defsig_rtred_inner.o(.text) refers to defsig_general.o(.text) for __default_signal_display
    defsig_stak_inner.o(.text) refers to defsig_general.o(.text) for __default_signal_display
    defsig_pvfn_inner.o(.text) refers to defsig_general.o(.text) for __default_signal_display
    defsig_cppl_inner.o(.text) refers to defsig_general.o(.text) for __default_signal_display
    defsig_segv_inner.o(.text) refers to defsig_general.o(.text) for __default_signal_display
    defsig_other.o(.text) refers to defsig_general.o(.text) for __default_signal_display
    libshutdown.o(.ARM.Collect$$libshutdown$$00000000) refers (Special) to libshutdown2.o(.ARM.Collect$$libshutdown$$00000002) for __rt_lib_shutdown_cpp_1
    libshutdown.o(.ARM.Collect$$libshutdown$$00000000) refers (Special) to libshutdown2.o(.ARM.Collect$$libshutdown$$00000007) for __rt_lib_shutdown_fp_trap_1
    libshutdown.o(.ARM.Collect$$libshutdown$$00000000) refers (Special) to libshutdown2.o(.ARM.Collect$$libshutdown$$0000000F) for __rt_lib_shutdown_heap_1
    libshutdown.o(.ARM.Collect$$libshutdown$$00000000) refers (Special) to libshutdown2.o(.ARM.Collect$$libshutdown$$00000010) for __rt_lib_shutdown_return
    libshutdown.o(.ARM.Collect$$libshutdown$$00000000) refers (Special) to libshutdown2.o(.ARM.Collect$$libshutdown$$0000000A) for __rt_lib_shutdown_signal_1
    libshutdown.o(.ARM.Collect$$libshutdown$$00000000) refers (Special) to libshutdown2.o(.ARM.Collect$$libshutdown$$00000004) for __rt_lib_shutdown_stdio_1
    libshutdown.o(.ARM.Collect$$libshutdown$$00000000) refers (Special) to libshutdown2.o(.ARM.Collect$$libshutdown$$0000000C) for __rt_lib_shutdown_user_alloc_1

